<html>
<body>
<pre>
<h1>礦ision Build Log</h1>
<h2>Tool Versions:</h2>
IDE-Version: μVision V5.23.0.0
Copyright (C) 2017 ARM Ltd and ARM Germany GmbH. All rights reserved.
License Information: ruhaozhao ruhaozhao, ruhaozhao, LIC=LJWEV-PH5VU-59XGZ-J0CCH-EFB8E-87IHS
 
Tool Versions:
Toolchain:       MDK-ARM Professional  Version: 5.23
Toolchain Path:  E:\Keil_v5\ARM\ARMCC\Bin
C Compiler:      Armcc.exe V5.06 update 4 (build 422)
Assembler:       Armasm.exe V5.06 update 4 (build 422)
Linker/Locator:  ArmLink.exe V5.06 update 4 (build 422)
Library Manager: ArmAr.exe V5.06 update 4 (build 422)
Hex Converter:   FromElf.exe V5.06 update 4 (build 422)
CPU DLL:         SARMCM3.DLL V5.23
Dialog DLL:      DCM.DLL V1.15.0.0
Target DLL:      STLink\ST-LINKIII-KEIL_SWO.dll V2.0.18.0
Dialog DLL:      TCM.DLL V1.27.0.0
 
<h2>Project:</h2>
D:\项目资料\塘沽二中\塘沽二中-一代修改\stm32_vol_capture.uvproj
Project File Date:  10/22/2019

<h2>Output:</h2>
*** Using Compiler 'V5.06 update 4 (build 422)', folder: 'E:\Keil_v5\ARM\ARMCC\Bin'
Build target 'stm32_vol_capture-triphase'
compiling sys.c...
compiling main.c...
compiling delay.c...
compiling usart.c...
compiling timer.c...
assembling startup_stm32f10x_hd.s...
compiling system_stm32f10x.c...
compiling core_cm3.c...
compiling rs485.c...
compiling volmeter.c...
compiling modbus_timer.c...
compiling gu900_uart.c...
compiling gu900.c...
linking...
Program Size: Code=12606 RO-data=1194 RW-data=52 ZI-data=2748  
FromELF: creating hex file...
".\Output\stm32_vol_capture.axf" - 0 Error(s), 0 Warning(s).
Build Time Elapsed:  00:00:03
</pre>
</body>
</html>
