Product: MDK-ARM Professional 5.10
Component: ARM Compiler 5.04 update 1 (build 49)
Tool: armlink [5040049]

==============================================================================

Section Cross References

    delay.o(i.delay_init) refers to delay.o(.data) for fac_us
    delay.o(i.delay_ms) refers to delay.o(i.delay_nms) for delay_nms
    delay.o(i.delay_nms) refers to delay.o(.data) for fac_ms
    delay.o(i.delay_us) refers to delay.o(.data) for fac_us
    main.o(i.main) refers to _printf_percent.o(.ARM.Collect$$_printf_percent$$00000000) for _printf_percent
    main.o(i.main) refers to _printf_d.o(.ARM.Collect$$_printf_percent$$00000009) for _printf_d
    main.o(i.main) refers to _printf_dec.o(.text) for _printf_int_dec
    main.o(i.main) refers to sys.o(i.NVIC_GroupType_Config) for NVIC_GroupType_Config
    main.o(i.main) refers to delay.o(i.delay_init) for delay_init
    main.o(i.main) refers to timer.o(i.TIM6_Init) for TIM6_Init
    main.o(i.main) refers to modbus_timer.o(i.TIME7_Init) for TIME7_Init
    main.o(i.main) refers to usart.o(i.USART1_Init) for USART1_Init
    main.o(i.main) refers to rs485.o(i.RS485_Init) for RS485_Init
    main.o(i.main) refers to delay.o(i.delay_ms) for delay_ms
    main.o(i.main) refers to volmeter.o(i.Read_Config) for Read_Config
    main.o(i.main) refers to noretval__2printf.o(.text) for __2printf
    main.o(i.main) refers to gu900.o(i.Gu900_Init) for Gu900_Init
    main.o(i.main) refers to timer.o(i.time6_start) for time6_start
    main.o(i.main) refers to volmeter.o(.bss) for g_ELE_PAM
    main.o(i.main) refers to timer.o(.data) for capture_time_count
    usart.o(i.USART1_IRQHandler) refers (Special) to use_no_semi_2.o(.text) for __use_no_semihosting
    usart.o(i.USART1_IRQHandler) refers to usart.o(.bss) for Rx1Buf
    usart.o(i.USART1_IRQHandler) refers to usart.o(.data) for Rx1Count
    usart.o(i.USART1_Init) refers (Special) to use_no_semi_2.o(.text) for __use_no_semihosting
    usart.o(i.USART1_Init) refers to fflt_clz.o(x$fpl$ffltu) for __aeabi_ui2f
    usart.o(i.USART1_Init) refers to fdiv.o(x$fpl$fdiv) for __aeabi_fdiv
    usart.o(i.USART1_Init) refers to ffixu.o(x$fpl$ffixu) for __aeabi_f2uiz
    usart.o(i.USART1_Init) refers to faddsub_clz.o(x$fpl$frsb) for __aeabi_frsub
    usart.o(i.USART1_Init) refers to fmul.o(x$fpl$fmul) for __aeabi_fmul
    usart.o(i.USART1_SendByte) refers (Special) to use_no_semi_2.o(.text) for __use_no_semihosting
    usart.o(i.USART1_SendString) refers (Special) to use_no_semi_2.o(.text) for __use_no_semihosting
    usart.o(i.USART1_SendString) refers to usart.o(i.USART1_SendByte) for USART1_SendByte
    usart.o(i.USART1_Send_Data) refers (Special) to use_no_semi_2.o(.text) for __use_no_semihosting
    usart.o(i._sys_exit) refers (Special) to use_no_semi_2.o(.text) for __use_no_semihosting
    usart.o(i.ferror) refers (Special) to use_no_semi_2.o(.text) for __use_no_semihosting
    usart.o(i.fputc) refers (Special) to use_no_semi_2.o(.text) for __use_no_semihosting
    usart.o(.bss) refers (Special) to use_no_semi_2.o(.text) for __use_no_semihosting
    usart.o(.data) refers (Special) to use_no_semi_2.o(.text) for __use_no_semihosting
    timer.o(i.TIM6_IRQHandler) refers to volmeter.o(i.Read_Parameters) for Read_Parameters
    timer.o(i.TIM6_IRQHandler) refers to volmeter.o(i.Read_ElectricEnergy) for Read_ElectricEnergy
    timer.o(i.TIM6_IRQHandler) refers to gu900.o(i.Get_Data01) for Get_Data01
    timer.o(i.TIM6_IRQHandler) refers to gu900.o(i.GU900_Send_DataList) for GU900_Send_DataList
    timer.o(i.TIM6_IRQHandler) refers to timer.o(.data) for capture_time_count
    system_stm32f10x.o(i.SetSysClock) refers to system_stm32f10x.o(i.SetSysClockTo72) for SetSysClockTo72
    system_stm32f10x.o(i.SystemCoreClockUpdate) refers to system_stm32f10x.o(.data) for SystemCoreClock
    system_stm32f10x.o(i.SystemInit) refers to system_stm32f10x.o(i.SetSysClock) for SetSysClock
    startup_stm32f10x_hd.o(STACK) refers (Special) to heapauxi.o(.text) for __use_two_region_memory
    startup_stm32f10x_hd.o(HEAP) refers (Special) to heapauxi.o(.text) for __use_two_region_memory
    startup_stm32f10x_hd.o(RESET) refers (Special) to heapauxi.o(.text) for __use_two_region_memory
    startup_stm32f10x_hd.o(RESET) refers to startup_stm32f10x_hd.o(STACK) for __initial_sp
    startup_stm32f10x_hd.o(RESET) refers to startup_stm32f10x_hd.o(.text) for Reset_Handler
    startup_stm32f10x_hd.o(RESET) refers to usart.o(i.USART1_IRQHandler) for USART1_IRQHandler
    startup_stm32f10x_hd.o(RESET) refers to rs485.o(i.USART2_IRQHandler) for USART2_IRQHandler
    startup_stm32f10x_hd.o(RESET) refers to timer.o(i.TIM6_IRQHandler) for TIM6_IRQHandler
    startup_stm32f10x_hd.o(RESET) refers to modbus_timer.o(i.TIM7_IRQHandler) for TIM7_IRQHandler
    startup_stm32f10x_hd.o(.text) refers (Special) to heapauxi.o(.text) for __use_two_region_memory
    startup_stm32f10x_hd.o(.text) refers to system_stm32f10x.o(i.SystemInit) for SystemInit
[...]
    btod.o(CL$$btod_div_common) refers (Special) to usenofp.o(x$fpl$usenofp) for __I$use$fp
    lc_numeric_c.o(locale$$data) refers (Special) to libinit2.o(.ARM.Collect$$libinit$$00000014) for __rt_lib_init_lc_numeric_2
    lc_numeric_c.o(locale$$code) refers (Special) to libinit2.o(.ARM.Collect$$libinit$$00000014) for __rt_lib_init_lc_numeric_2
    lc_numeric_c.o(locale$$code) refers to strcmpv7m.o(.text) for strcmp
    lc_numeric_c.o(locale$$code) refers to lc_numeric_c.o(locale$$data) for __lcnum_c_name
    istatus.o(x$fpl$ieeestatus) refers (Special) to usenofp.o(x$fpl$usenofp) for __I$use$fp
    fpclassify.o(i.__ARM_fpclassify) refers (Special) to usenofp.o(x$fpl$usenofp) for __I$use$fp
    libspace.o(.text) refers to libspace.o(.bss) for __libspace_start
    sys_stackheap_outer.o(.text) refers to libspace.o(.text) for __user_perproc_libspace
    sys_stackheap_outer.o(.text) refers to startup_stm32f10x_hd.o(.text) for __user_initial_stackheap
    exit.o(.text) refers to rtexit.o(.ARM.Collect$$rtexit$$00000000) for __rt_exit
    libinit.o(.ARM.Collect$$libinit$$00000000) refers (Special) to libinit2.o(.ARM.Collect$$libinit$$0000002C) for __rt_lib_init_alloca_1
    libinit.o(.ARM.Collect$$libinit$$00000000) refers (Special) to libinit2.o(.ARM.Collect$$libinit$$0000002A) for __rt_lib_init_argv_1
    libinit.o(.ARM.Collect$$libinit$$00000000) refers (Special) to libinit2.o(.ARM.Collect$$libinit$$00000019) for __rt_lib_init_atexit_1
    libinit.o(.ARM.Collect$$libinit$$00000000) refers (Special) to libinit2.o(.ARM.Collect$$libinit$$0000001F) for __rt_lib_init_clock_1
    libinit.o(.ARM.Collect$$libinit$$00000000) refers (Special) to libinit2.o(.ARM.Collect$$libinit$$00000030) for __rt_lib_init_cpp_1
    libinit.o(.ARM.Collect$$libinit$$00000000) refers (Special) to libinit2.o(.ARM.Collect$$libinit$$0000002E) for __rt_lib_init_exceptions_1
    libinit.o(.ARM.Collect$$libinit$$00000000) refers (Special) to libinit2.o(.ARM.Collect$$libinit$$00000002) for __rt_lib_init_fp_1
    libinit.o(.ARM.Collect$$libinit$$00000000) refers (Special) to libinit2.o(.ARM.Collect$$libinit$$0000001D) for __rt_lib_init_fp_trap_1
    libinit.o(.ARM.Collect$$libinit$$00000000) refers (Special) to libinit2.o(.ARM.Collect$$libinit$$00000021) for __rt_lib_init_getenv_1
    libinit.o(.ARM.Collect$$libinit$$00000000) refers (Special) to libinit2.o(.ARM.Collect$$libinit$$00000008) for __rt_lib_init_heap_1
    libinit.o(.ARM.Collect$$libinit$$00000000) refers (Special) to libinit2.o(.ARM.Collect$$libinit$$0000000F) for __rt_lib_init_lc_collate_1
    libinit.o(.ARM.Collect$$libinit$$00000000) refers (Special) to libinit2.o(.ARM.Collect$$libinit$$00000011) for __rt_lib_init_lc_ctype_1
    libinit.o(.ARM.Collect$$libinit$$00000000) refers (Special) to libinit2.o(.ARM.Collect$$libinit$$00000013) for __rt_lib_init_lc_monetary_1
    libinit.o(.ARM.Collect$$libinit$$00000000) refers (Special) to libinit2.o(.ARM.Collect$$libinit$$00000015) for __rt_lib_init_lc_numeric_1
    libinit.o(.ARM.Collect$$libinit$$00000000) refers (Special) to libinit2.o(.ARM.Collect$$libinit$$00000017) for __rt_lib_init_lc_time_1
    libinit.o(.ARM.Collect$$libinit$$00000000) refers (Special) to libinit2.o(.ARM.Collect$$libinit$$0000000C) for __rt_lib_init_rand_1
    libinit.o(.ARM.Collect$$libinit$$00000000) refers (Special) to libinit2.o(.ARM.Collect$$libinit$$00000031) for __rt_lib_init_return
    libinit.o(.ARM.Collect$$libinit$$00000000) refers (Special) to libinit2.o(.ARM.Collect$$libinit$$0000001B) for __rt_lib_init_signal_1
    libinit.o(.ARM.Collect$$libinit$$00000000) refers (Special) to libinit2.o(.ARM.Collect$$libinit$$00000023) for __rt_lib_init_stdio_1
    libinit.o(.ARM.Collect$$libinit$$00000000) refers (Special) to libinit2.o(.ARM.Collect$$libinit$$0000000A) for __rt_lib_init_user_alloc_1
    libinit2.o(.ARM.Collect$$libinit$$0000000D) refers (Weak) to rt_locale_intlibspace.o(.text) for __rt_locale
    libinit2.o(.ARM.Collect$$libinit$$0000000E) refers to libinit2.o(.ARM.Collect$$libinit$$0000000D) for .ARM.Collect$$libinit$$0000000D
    libinit2.o(.ARM.Collect$$libinit$$00000010) refers to libinit2.o(.ARM.Collect$$libinit$$0000000D) for .ARM.Collect$$libinit$$0000000D
    libinit2.o(.ARM.Collect$$libinit$$00000012) refers to libinit2.o(.ARM.Collect$$libinit$$0000000D) for .ARM.Collect$$libinit$$0000000D
    libinit2.o(.ARM.Collect$$libinit$$00000014) refers to libinit2.o(.ARM.Collect$$libinit$$0000000D) for .ARM.Collect$$libinit$$0000000D
    libinit2.o(.ARM.Collect$$libinit$$00000014) refers (Weak) to lc_numeric_c.o(locale$$code) for _get_lc_numeric
    libinit2.o(.ARM.Collect$$libinit$$00000016) refers to libinit2.o(.ARM.Collect$$libinit$$0000000D) for .ARM.Collect$$libinit$$0000000D
    libinit2.o(.ARM.Collect$$libinit$$00000024) refers to argv_veneer.o(.emb_text) for __ARM_argv_veneer
    libinit2.o(.ARM.Collect$$libinit$$00000025) refers to argv_veneer.o(.emb_text) for __ARM_argv_veneer
    rtexit.o(.ARM.Collect$$rtexit$$00000000) refers (Special) to rtexit2.o(.ARM.Collect$$rtexit$$00000004) for __rt_exit_exit
    rtexit.o(.ARM.Collect$$rtexit$$00000000) refers (Special) to rtexit2.o(.ARM.Collect$$rtexit$$00000003) for __rt_exit_ls
    rtexit.o(.ARM.Collect$$rtexit$$00000000) refers (Special) to rtexit2.o(.ARM.Collect$$rtexit$$00000002) for __rt_exit_prels_1
    rtexit.o(.ARM.exidx) refers (Special) to rtexit2.o(.ARM.Collect$$rtexit$$00000004) for __rt_exit_exit
    rtexit.o(.ARM.exidx) refers (Special) to rtexit2.o(.ARM.Collect$$rtexit$$00000003) for __rt_exit_ls
    rtexit.o(.ARM.exidx) refers (Special) to rtexit2.o(.ARM.Collect$$rtexit$$00000002) for __rt_exit_prels_1
    rtexit.o(.ARM.exidx) refers to rtexit.o(.ARM.Collect$$rtexit$$00000000) for .ARM.Collect$$rtexit$$00000000
    argv_veneer.o(.emb_text) refers to no_argv.o(.text) for __ARM_get_argv
    rtexit2.o(.ARM.Collect$$rtexit$$00000003) refers to libshutdown.o(.ARM.Collect$$libshutdown$$00000000) for __rt_lib_shutdown
    rtexit2.o(.ARM.Collect$$rtexit$$00000004) refers to usart.o(i._sys_exit) for _sys_exit
    rtexit2.o(.ARM.exidx) refers to rtexit2.o(.ARM.Collect$$rtexit$$00000001) for .ARM.Collect$$rtexit$$00000001
    rtexit2.o(.ARM.exidx) refers to rtexit2.o(.ARM.Collect$$rtexit$$00000003) for .ARM.Collect$$rtexit$$00000003
    rtexit2.o(.ARM.exidx) refers to rtexit2.o(.ARM.Collect$$rtexit$$00000004) for .ARM.Collect$$rtexit$$00000004
    _get_argv_nomalloc.o(.text) refers (Special) to hrguard.o(.text) for __heap_region$guard
    _get_argv_nomalloc.o(.text) refers to defsig_rtmem_outer.o(.text) for __rt_SIGRTMEM
    _get_argv_nomalloc.o(.text) refers to sys_command.o(.text) for _sys_command_string
    sys_command.o(.text) refers (Special) to use_no_semi.o(.text) for __I$use$semihosting
    sys_command.o(.text) refers (Special) to indicate_semi.o(.text) for __semihosting_library_function
    defsig_rtmem_outer.o(.text) refers to defsig_rtmem_inner.o(.text) for __rt_SIGRTMEM_inner
    defsig_rtmem_outer.o(.text) refers to defsig_exit.o(.text) for __sig_exit
    defsig_rtmem_formal.o(.text) refers to rt_raise.o(.text) for __rt_raise
    libshutdown.o(.ARM.Collect$$libshutdown$$00000000) refers (Special) to libshutdown2.o(.ARM.Collect$$libshutdown$$00000006) for __rt_lib_shutdown_fp_trap_1
    libshutdown.o(.ARM.Collect$$libshutdown$$00000000) refers (Special) to libshutdown2.o(.ARM.Collect$$libshutdown$$0000000E) for __rt_lib_shutdown_heap_1
    libshutdown.o(.ARM.Collect$$libshutdown$$00000000) refers (Special) to libshutdown2.o(.ARM.Collect$$libshutdown$$0000000F) for __rt_lib_shutdown_return
    libshutdown.o(.ARM.Collect$$libshutdown$$00000000) refers (Special) to libshutdown2.o(.ARM.Collect$$libshutdown$$00000009) for __rt_lib_shutdown_signal_1
    libshutdown.o(.ARM.Collect$$libshutdown$$00000000) refers (Special) to libshutdown2.o(.ARM.Collect$$libshutdown$$00000003) for __rt_lib_shutdown_stdio_1
    libshutdown.o(.ARM.Collect$$libshutdown$$00000000) refers (Special) to libshutdown2.o(.ARM.Collect$$libshutdown$$0000000B) for __rt_lib_shutdown_user_alloc_1
    rt_raise.o(.text) refers to __raise.o(.text) for __raise
    rt_raise.o(.text) refers to usart.o(i._sys_exit) for _sys_exit
    defsig_exit.o(.text) refers to usart.o(i._sys_exit) for _sys_exit
    defsig_rtmem_inner.o(.text) refers to defsig_general.o(.text) for __default_signal_display
    __raise.o(.text) refers to defsig.o(CL$$defsig) for __default_signal_handler
    defsig_general.o(.text) refers to sys_wrch.o(.text) for _ttywrch
    sys_wrch.o(.text) refers (Special) to use_no_semi.o(.text) for __I$use$semihosting
    sys_wrch.o(.text) refers (Special) to indicate_semi.o(.text) for __semihosting_library_function
    defsig.o(CL$$defsig) refers to defsig_rtmem_inner.o(.text) for __rt_SIGRTMEM_inner
    defsig_abrt_inner.o(.text) refers to defsig_general.o(.text) for __default_signal_display
    defsig_fpe_inner.o(.text) refers to defsig_general.o(.text) for __default_signal_display
    defsig_rtred_inner.o(.text) refers to defsig_general.o(.text) for __default_signal_display
    defsig_stak_inner.o(.text) refers to defsig_general.o(.text) for __default_signal_display
    defsig_pvfn_inner.o(.text) refers to defsig_general.o(.text) for __default_signal_display
    defsig_cppl_inner.o(.text) refers to defsig_general.o(.text) for __default_signal_display
    defsig_segv_inner.o(.text) refers to defsig_general.o(.text) for __default_signal_display
    defsig_other.o(.text) refers to defsig_general.o(.text) for __default_signal_display


==============================================================================

Removing Unused input sections from the image.

    Removing delay.o(i.delay_us), (60 bytes).
    Removing usart.o(i.USART1_SendByte), (28 bytes).
    Removing usart.o(i.USART1_SendString), (22 bytes).
    Removing usart.o(i.USART1_Send_Data), (44 bytes).
    Removing timer.o(i.time6_stop), (20 bytes).
    Removing core_cm3.o(.emb_text), (32 bytes).
    Removing system_stm32f10x.o(i.SystemCoreClockUpdate), (164 bytes).
    Removing system_stm32f10x.o(.data), (20 bytes).
    Removing rs485.o(i.RS485_Receive_Data), (36 bytes).
    Removing rs485.o(i.USART2_SendByte), (28 bytes).
    Removing volmeter.o(i.DevAddRoll), (100 bytes).
    Removing volmeter.o(i.MODH_Read_06H), (36 bytes).
    Removing volmeter.o(i.MODH_Read_10H), (32 bytes).
    Removing volmeter.o(i.MODH_Send06H), (184 bytes).
    Removing volmeter.o(i.MODH_Send10H), (184 bytes).
    Removing volmeter.o(i.Write_Config), (14 bytes).
    Removing volmeter.o(i.Write_Data_Clear), (60 bytes).
    Removing modbus_timer.o(i.time7_set_timeout), (20 bytes).
    Removing gu900_uart.o(i.USART3_SendString), (22 bytes).
    Removing gu900_uart.o(.bss), (250 bytes).
    Removing gu900_uart.o(.data), (2 bytes).

21 unused section(s) (total 1358 bytes) removed from the image.

==============================================================================

Image Symbol Table

    Local Symbols

    Symbol Name                              Value     Ov Type        Size  Object(Section)

    ../clib/angel/boardlib.s                 0x00000000   Number         0  boardshut.o ABSOLUTE
    ../clib/angel/boardlib.s                 0x00000000   Number         0  boardinit1.o ABSOLUTE
    ../clib/angel/boardlib.s                 0x00000000   Number         0  boardinit2.o ABSOLUTE
    ../clib/angel/boardlib.s                 0x00000000   Number         0  boardinit3.o ABSOLUTE
    ../clib/angel/handlers.s                 0x00000000   Number         0  __scatter_zi.o ABSOLUTE
    ../clib/angel/handlers.s                 0x00000000   Number         0  __scatter_copy.o ABSOLUTE
    ../clib/angel/kernel.s                   0x00000000   Number         0  rtexit.o ABSOLUTE
    ../clib/angel/kernel.s                   0x00000000   Number         0  rtentry4.o ABSOLUTE
    ../clib/angel/kernel.s                   0x00000000   Number         0  rtentry2.o ABSOLUTE
    ../clib/angel/kernel.s                   0x00000000   Number         0  rtentry.o ABSOLUTE
    ../clib/angel/kernel.s                   0x00000000   Number         0  rtexit2.o ABSOLUTE
    ../clib/angel/rt.s                       0x00000000   Number         0  rt_locale_intlibspace.o ABSOLUTE
    ../clib/angel/rt.s                       0x00000000   Number         0  rt_locale.o ABSOLUTE
    ../clib/angel/rt.s                       0x00000000   Number         0  rt_raise.o ABSOLUTE
    ../clib/angel/scatter.s                  0x00000000   Number         0  __scatter.o ABSOLUTE
    ../clib/angel/startup.s                  0x00000000   Number         0  __main.o ABSOLUTE
    ../clib/angel/sys.s                      0x00000000   Number         0  indicate_semi.o ABSOLUTE
    ../clib/angel/sys.s                      0x00000000   Number         0  sys_stackheap_outer.o ABSOLUTE
    ../clib/angel/sys.s                      0x00000000   Number         0  use_no_semi.o ABSOLUTE
    ../clib/angel/sys.s                      0x00000000   Number         0  libspace.o ABSOLUTE
    ../clib/angel/sys.s                      0x00000000   Number         0  use_no_semi_2.o ABSOLUTE
    ../clib/angel/sysapp.c                   0x00000000   Number         0  sys_wrch.o ABSOLUTE
    ../clib/angel/sysapp.c                   0x00000000   Number         0  sys_command.o ABSOLUTE
    ../clib/armsys.c                         0x00000000   Number         0  argv_veneer.o ABSOLUTE
    ../clib/armsys.c                         0x00000000   Number         0  _get_argv_nomalloc.o ABSOLUTE
    ../clib/armsys.c                         0x00000000   Number         0  argv_veneer.o ABSOLUTE
    ../clib/armsys.c                         0x00000000   Number         0  no_argv.o ABSOLUTE
    ../clib/bigflt.c                         0x00000000   Number         0  bigflt0.o ABSOLUTE
    ../clib/btod.s                           0x00000000   Number         0  btod.o ABSOLUTE
    ../clib/heapalloc.c                      0x00000000   Number         0  hrguard.o ABSOLUTE
    ../clib/heapaux.c                        0x00000000   Number         0  heapauxi.o ABSOLUTE
    ../clib/libinit.s                        0x00000000   Number         0  libshutdown.o ABSOLUTE
    ../clib/libinit.s                        0x00000000   Number         0  libinit2.o ABSOLUTE
    ../clib/libinit.s                        0x00000000   Number         0  libshutdown2.o ABSOLUTE
    ../clib/libinit.s                        0x00000000   Number         0  libinit.o ABSOLUTE
    ../clib/locale.s                         0x00000000   Number         0  lc_numeric_c.o ABSOLUTE
    ../clib/longlong.s                       0x00000000   Number         0  lludiv10.o ABSOLUTE
    ../clib/memcpset.s                       0x00000000   Number         0  rt_memclr.o ABSOLUTE
    ../clib/memcpset.s                       0x00000000   Number         0  rt_memclr_w.o ABSOLUTE
    ../clib/memcpset.s                       0x00000000   Number         0  strcmpv7m.o ABSOLUTE
    ../clib/misc.s                           0x00000000   Number         0  printf_stubs.o ABSOLUTE
    ../clib/printf.c                         0x00000000   Number         0  noretval__2sprintf.o ABSOLUTE
    ../clib/printf.c                         0x00000000   Number         0  __printf_flags.o ABSOLUTE
    ../clib/printf.c                         0x00000000   Number         0  noretval__2printf.o ABSOLUTE
    ../clib/printf.c                         0x00000000   Number         0  __printf_nopercent.o ABSOLUTE
    ../clib/printf.c                         0x00000000   Number         0  _printf_fp_infnan.o ABSOLUTE
    ../clib/printf.c                         0x00000000   Number         0  _printf_char_file.o ABSOLUTE
    ../clib/printf.c                         0x00000000   Number         0  _printf_char_common.o ABSOLUTE
    ../clib/printf.c                         0x00000000   Number         0  _printf_intcommon.o ABSOLUTE
    ../clib/printf.c                         0x00000000   Number         0  _printf_pad.o ABSOLUTE
    ../clib/printf.c                         0x00000000   Number         0  _sputc.o ABSOLUTE
    ../clib/printf.c                         0x00000000   Number         0  _printf_dec.o ABSOLUTE
    ../clib/printf.c                         0x00000000   Number         0  _printf_fp_dec.o ABSOLUTE
    ../clib/printf.c                         0x00000000   Number         0  __printf_ss.o ABSOLUTE
    ../clib/printf.c                         0x00000000   Number         0  __printf_flags_ss.o ABSOLUTE
    ../clib/printf.c                         0x00000000   Number         0  __printf_wp.o ABSOLUTE
    ../clib/printf.c                         0x00000000   Number         0  __printf.o ABSOLUTE
    ../clib/printf.c                         0x00000000   Number         0  __printf_flags_wp.o ABSOLUTE
    ../clib/printf.c                         0x00000000   Number         0  __2printf.o ABSOLUTE
    ../clib/printf.c                         0x00000000   Number         0  __2sprintf.o ABSOLUTE
    ../clib/printf.c                         0x00000000   Number         0  __printf_ss_wp.o ABSOLUTE
    ../clib/printf.c                         0x00000000   Number         0  __printf_flags_ss_wp.o ABSOLUTE
    ../clib/printf_percent.s                 0x00000000   Number         0  _printf_percent.o ABSOLUTE
    ../clib/printf_percent.s                 0x00000000   Number         0  _printf_percent_end.o ABSOLUTE
    ../clib/printf_percent.s                 0x00000000   Number         0  _printf_d.o ABSOLUTE
    ../clib/printf_percent.s                 0x00000000   Number         0  _printf_f.o ABSOLUTE
    ../clib/signal.c                         0x00000000   Number         0  defsig_segv_inner.o ABSOLUTE
    ../clib/signal.c                         0x00000000   Number         0  defsig_exit.o ABSOLUTE
    ../clib/signal.c                         0x00000000   Number         0  defsig_pvfn_inner.o ABSOLUTE
    ../clib/signal.c                         0x00000000   Number         0  defsig_stak_inner.o ABSOLUTE
    ../clib/signal.c                         0x00000000   Number         0  defsig_rtred_inner.o ABSOLUTE
    ../clib/signal.c                         0x00000000   Number         0  defsig_fpe_inner.o ABSOLUTE
    ../clib/signal.c                         0x00000000   Number         0  defsig_abrt_inner.o ABSOLUTE
    ../clib/signal.c                         0x00000000   Number         0  defsig_general.o ABSOLUTE
    ../clib/signal.c                         0x00000000   Number         0  __raise.o ABSOLUTE
    ../clib/signal.c                         0x00000000   Number         0  defsig_rtmem_inner.o ABSOLUTE
    ../clib/signal.c                         0x00000000   Number         0  defsig_rtmem_formal.o ABSOLUTE
    ../clib/signal.c                         0x00000000   Number         0  defsig_rtmem_outer.o ABSOLUTE
    ../clib/signal.c                         0x00000000   Number         0  defsig_cppl_inner.o ABSOLUTE
    ../clib/signal.c                         0x00000000   Number         0  defsig_other.o ABSOLUTE
    ../clib/signal.s                         0x00000000   Number         0  defsig.o ABSOLUTE
    ../clib/stdlib.c                         0x00000000   Number         0  exit.o ABSOLUTE
    ../clib/string.c                         0x00000000   Number         0  strlen.o ABSOLUTE
    ../fplib/dretinf.s                       0x00000000   Number         0  dretinf.o ABSOLUTE
    ../fplib/f2d.s                           0x00000000   Number         0  f2d.o ABSOLUTE
    ../fplib/faddsub.s                       0x00000000   Number         0  faddsub_clz.o ABSOLUTE
    ../fplib/fdiv.s                          0x00000000   Number         0  fdiv.o ABSOLUTE
    ../fplib/ffixu.s                         0x00000000   Number         0  ffixu.o ABSOLUTE
    ../fplib/fflt.s                          0x00000000   Number         0  fflt_clz.o ABSOLUTE
    ../fplib/fmul.s                          0x00000000   Number         0  fmul.o ABSOLUTE
    ../fplib/fnaninf.s                       0x00000000   Number         0  fnaninf.o ABSOLUTE
    ../fplib/fpinit.s                        0x00000000   Number         0  fpinit.o ABSOLUTE
    ../fplib/fretinf.s                       0x00000000   Number         0  fretinf.o ABSOLUTE
    ../fplib/istatus.s                       0x00000000   Number         0  istatus.o ABSOLUTE
    ../fplib/printf1.s                       0x00000000   Number         0  printf1.o ABSOLUTE
    ../fplib/usenofp.s                       0x00000000   Number         0  usenofp.o ABSOLUTE
    ../mathlib/fpclassify.c                  0x00000000   Number         0  fpclassify.o ABSOLUTE
    GU900\src\gu900.c                        0x00000000   Number         0  gu900.o ABSOLUTE
    GU900\src\gu900_uart.c                   0x00000000   Number         0  gu900_uart.o ABSOLUTE
    Modbus\src\modbus_timer.c                0x00000000   Number         0  modbus_timer.o ABSOLUTE
    Modbus\src\rs485.c                       0x00000000   Number         0  rs485.o ABSOLUTE
    Modbus\src\volmeter.c                    0x00000000   Number         0  volmeter.o ABSOLUTE
    System\\core_cm3.c                       0x00000000   Number         0  core_cm3.o ABSOLUTE
    System\core_cm3.c                        0x00000000   Number         0  core_cm3.o ABSOLUTE
    System\startup_stm32f10x_hd.s            0x00000000   Number         0  startup_stm32f10x_hd.o ABSOLUTE
    System\system_stm32f10x.c                0x00000000   Number         0  system_stm32f10x.o ABSOLUTE
    User\src\delay.c                         0x00000000   Number         0  delay.o ABSOLUTE
    User\src\main.c                          0x00000000   Number         0  main.o ABSOLUTE
    User\src\sys.c                           0x00000000   Number         0  sys.o ABSOLUTE
    User\src\timer.c                         0x00000000   Number         0  timer.o ABSOLUTE
    User\src\usart.c                         0x00000000   Number         0  usart.o ABSOLUTE
    dc.s                                     0x00000000   Number         0  dc.o ABSOLUTE
    RESET                                    0x08000000   Section      304  startup_stm32f10x_hd.o(RESET)
    !!!main                                  0x08000130   Section        8  __main.o(!!!main)
    !!!scatter                               0x08000138   Section       52  __scatter.o(!!!scatter)
    !!handler_copy                           0x0800016c   Section       26  __scatter_copy.o(!!handler_copy)
    !!handler_zi                             0x08000188   Section       28  __scatter_zi.o(!!handler_zi)
    .ARM.Collect$$_printf_percent$$00000000  0x080001a4   Section        0  _printf_percent.o(.ARM.Collect$$_printf_percent$$00000000)
    .ARM.Collect$$_printf_percent$$00000003  0x080001a4   Section        6  _printf_f.o(.ARM.Collect$$_printf_percent$$00000003)
    .ARM.Collect$$_printf_percent$$00000009  0x080001aa   Section        6  _printf_d.o(.ARM.Collect$$_printf_percent$$00000009)
    .ARM.Collect$$_printf_percent$$00000017  0x080001b0   Section        4  _printf_percent_end.o(.ARM.Collect$$_printf_percent$$00000017)
    .ARM.Collect$$libinit$$00000000          0x080001b4   Section        2  libinit.o(.ARM.Collect$$libinit$$00000000)
    .ARM.Collect$$libinit$$00000002          0x080001b6   Section        0  libinit2.o(.ARM.Collect$$libinit$$00000002)
    .ARM.Collect$$libinit$$00000008          0x080001b6   Section        0  libinit2.o(.ARM.Collect$$libinit$$00000008)
    .ARM.Collect$$libinit$$0000000A          0x080001b6   Section        0  libinit2.o(.ARM.Collect$$libinit$$0000000A)
    .ARM.Collect$$libinit$$0000000C          0x080001b6   Section        0  libinit2.o(.ARM.Collect$$libinit$$0000000C)
    .ARM.Collect$$libinit$$0000000D          0x080001b6   Section        6  libinit2.o(.ARM.Collect$$libinit$$0000000D)
    .ARM.Collect$$libinit$$0000000F          0x080001bc   Section        0  libinit2.o(.ARM.Collect$$libinit$$0000000F)
    .ARM.Collect$$libinit$$00000011          0x080001bc   Section        0  libinit2.o(.ARM.Collect$$libinit$$00000011)
    .ARM.Collect$$libinit$$00000013          0x080001bc   Section        0  libinit2.o(.ARM.Collect$$libinit$$00000013)
    .ARM.Collect$$libinit$$00000014          0x080001bc   Section       10  libinit2.o(.ARM.Collect$$libinit$$00000014)
    .ARM.Collect$$libinit$$00000015          0x080001c6   Section        0  libinit2.o(.ARM.Collect$$libinit$$00000015)
    .ARM.Collect$$libinit$$00000017          0x080001c6   Section        0  libinit2.o(.ARM.Collect$$libinit$$00000017)
    .ARM.Collect$$libinit$$00000019          0x080001c6   Section        0  libinit2.o(.ARM.Collect$$libinit$$00000019)
    .ARM.Collect$$libinit$$0000001B          0x080001c6   Section        0  libinit2.o(.ARM.Collect$$libinit$$0000001B)
    .ARM.Collect$$libinit$$0000001D          0x080001c6   Section        0  libinit2.o(.ARM.Collect$$libinit$$0000001D)
    .ARM.Collect$$libinit$$0000001F          0x080001c6   Section        0  libinit2.o(.ARM.Collect$$libinit$$0000001F)
    .ARM.Collect$$libinit$$00000021          0x080001c6   Section        0  libinit2.o(.ARM.Collect$$libinit$$00000021)
    .ARM.Collect$$libinit$$00000023          0x080001c6   Section        0  libinit2.o(.ARM.Collect$$libinit$$00000023)
    .ARM.Collect$$libinit$$0000002A          0x080001c6   Section        0  libinit2.o(.ARM.Collect$$libinit$$0000002A)
    .ARM.Collect$$libinit$$0000002C          0x080001c6   Section        0  libinit2.o(.ARM.Collect$$libinit$$0000002C)
    .ARM.Collect$$libinit$$0000002E          0x080001c6   Section        0  libinit2.o(.ARM.Collect$$libinit$$0000002E)
    .ARM.Collect$$libinit$$00000030          0x080001c6   Section        0  libinit2.o(.ARM.Collect$$libinit$$00000030)
    .ARM.Collect$$libinit$$00000031          0x080001c6   Section        2  libinit2.o(.ARM.Collect$$libinit$$00000031)
    .ARM.Collect$$libshutdown$$00000000      0x080001c8   Section        2  libshutdown.o(.ARM.Collect$$libshutdown$$00000000)
    .ARM.Collect$$libshutdown$$00000003      0x080001ca   Section        0  libshutdown2.o(.ARM.Collect$$libshutdown$$00000003)
    .ARM.Collect$$libshutdown$$00000006      0x080001ca   Section        0  libshutdown2.o(.ARM.Collect$$libshutdown$$00000006)
    .ARM.Collect$$libshutdown$$00000009      0x080001ca   Section        0  libshutdown2.o(.ARM.Collect$$libshutdown$$00000009)
    .ARM.Collect$$libshutdown$$0000000B      0x080001ca   Section        0  libshutdown2.o(.ARM.Collect$$libshutdown$$0000000B)
    .ARM.Collect$$libshutdown$$0000000E      0x080001ca   Section        0  libshutdown2.o(.ARM.Collect$$libshutdown$$0000000E)
    .ARM.Collect$$libshutdown$$0000000F      0x080001ca   Section        2  libshutdown2.o(.ARM.Collect$$libshutdown$$0000000F)
    .ARM.Collect$$rtentry$$00000000          0x080001cc   Section        0  rtentry.o(.ARM.Collect$$rtentry$$00000000)
    .ARM.Collect$$rtentry$$00000002          0x080001cc   Section        0  rtentry2.o(.ARM.Collect$$rtentry$$00000002)
    .ARM.Collect$$rtentry$$00000004          0x080001cc   Section        6  rtentry4.o(.ARM.Collect$$rtentry$$00000004)
    .ARM.Collect$$rtentry$$00000009          0x080001d2   Section        0  rtentry2.o(.ARM.Collect$$rtentry$$00000009)
    .ARM.Collect$$rtentry$$0000000A          0x080001d2   Section        4  rtentry2.o(.ARM.Collect$$rtentry$$0000000A)
    .ARM.Collect$$rtentry$$0000000C          0x080001d6   Section        0  rtentry2.o(.ARM.Collect$$rtentry$$0000000C)
    .ARM.Collect$$rtentry$$0000000D          0x080001d6   Section        8  rtentry2.o(.ARM.Collect$$rtentry$$0000000D)
    .ARM.Collect$$rtexit$$00000000           0x080001de   Section        2  rtexit.o(.ARM.Collect$$rtexit$$00000000)
    .ARM.Collect$$rtexit$$00000002           0x080001e0   Section        0  rtexit2.o(.ARM.Collect$$rtexit$$00000002)
    .ARM.Collect$$rtexit$$00000003           0x080001e0   Section        4  rtexit2.o(.ARM.Collect$$rtexit$$00000003)
    .ARM.Collect$$rtexit$$00000004           0x080001e4   Section        6  rtexit2.o(.ARM.Collect$$rtexit$$00000004)
    .text                                    0x080001ec   Section       64  startup_stm32f10x_hd.o(.text)
    .text                                    0x0800022c   Section        2  use_no_semi_2.o(.text)
    .text                                    0x08000230   Section        0  noretval__2printf.o(.text)
    .text                                    0x08000248   Section        0  noretval__2sprintf.o(.text)
    .text                                    0x08000270   Section        0  _printf_pad.o(.text)
    .text                                    0x080002c0   Section        0  _printf_dec.o(.text)
    .text                                    0x08000334   Section        0  __printf_flags_wp.o(.text)
    .text                                    0x0800046c   Section        0  strlen.o(.text)
    .text                                    0x080004aa   Section       68  rt_memclr.o(.text)
    .text                                    0x080004ee   Section        0  heapauxi.o(.text)
    .text                                    0x080004f4   Section        2  use_no_semi.o(.text)
    .text                                    0x080004f6   Section        0  _printf_intcommon.o(.text)
    .text                                    0x080005a8   Section        0  _printf_fp_dec.o(.text)
    _fp_digits                               0x080005ab   Thumb Code   428  _printf_fp_dec.o(.text)
    .text                                    0x080009c0   Section        0  _printf_char_common.o(.text)
    _printf_input_char                       0x080009c1   Thumb Code    10  _printf_char_common.o(.text)
    .text                                    0x080009f0   Section        0  _sputc.o(.text)
    .text                                    0x080009fc   Section        0  _printf_char_file.o(.text)
    .text                                    0x08000a20   Section       78  rt_memclr_w.o(.text)
    .text                                    0x08000a70   Section        8  rt_locale_intlibspace.o(.text)
    .text                                    0x08000a78   Section      138  lludiv10.o(.text)
    .text                                    0x08000b04   Section        0  _printf_fp_infnan.o(.text)
    .text                                    0x08000b84   Section        0  bigflt0.o(.text)
    .text                                    0x08000c5c   Section        8  libspace.o(.text)
    .text                                    0x08000c64   Section       74  sys_stackheap_outer.o(.text)
    .text                                    0x08000cae   Section        0  exit.o(.text)
    .text                                    0x08000cbc   Section      128  strcmpv7m.o(.text)
    CL$$btod_d2e                             0x08000d3c   Section       62  btod.o(CL$$btod_d2e)
    CL$$btod_d2e_denorm_low                  0x08000d7a   Section       70  btod.o(CL$$btod_d2e_denorm_low)
    CL$$btod_d2e_norm_op1                    0x08000dc0   Section       96  btod.o(CL$$btod_d2e_norm_op1)
    CL$$btod_div_common                      0x08000e20   Section      824  btod.o(CL$$btod_div_common)
    CL$$btod_e2e                             0x08001158   Section      198  btod.o(CL$$btod_e2e)
    CL$$btod_ediv                            0x0800121e   Section       40  btod.o(CL$$btod_ediv)
    CL$$btod_emul                            0x08001246   Section       40  btod.o(CL$$btod_emul)
    CL$$btod_mult_common                     0x0800126e   Section      580  btod.o(CL$$btod_mult_common)
    i.Buf2Uint16                             0x080014b2   Section        0  volmeter.o(i.Buf2Uint16)
    i.Buf2Uint32                             0x080014be   Section        0  volmeter.o(i.Buf2Uint32)
    i.CRC16_Modbus                           0x080014d8   Section        0  volmeter.o(i.CRC16_Modbus)
    i.GU900_Send_DataList                    0x08001510   Section        0  gu900.o(i.GU900_Send_DataList)
    i.Get_Data01                             0x0800161c   Section        0  gu900.o(i.Get_Data01)
    i.Gu900_Init                             0x08001aa8   Section        0  gu900.o(i.Gu900_Init)
    i.MODH_Read_03H                          0x08001ab8   Section        0  volmeter.o(i.MODH_Read_03H)
    i.MODH_Send03H                           0x08001c50   Section        0  volmeter.o(i.MODH_Send03H)
    i.MODH_SendAckWithCRC                    0x08001cdc   Section        0  volmeter.o(i.MODH_SendAckWithCRC)
    MODH_SendAckWithCRC                      0x08001cdd   Thumb Code    58  volmeter.o(i.MODH_SendAckWithCRC)
    i.NVIC_GroupType_Config                  0x08001d20   Section        0  sys.o(i.NVIC_GroupType_Config)
    i.RS485_Init                             0x08001d34   Section        0  rs485.o(i.RS485_Init)
    i.RS485_Send_Data                        0x08001eec   Section        0  rs485.o(i.RS485_Send_Data)
    i.Read_Config                            0x08001f18   Section        0  volmeter.o(i.Read_Config)
    i.Read_ElectricEnergy                    0x08001f50   Section        0  volmeter.o(i.Read_ElectricEnergy)
    i.Read_Parameters                        0x08001f88   Section        0  volmeter.o(i.Read_Parameters)
    i.SetSysClock                            0x08001fc0   Section        0  system_stm32f10x.o(i.SetSysClock)
    SetSysClock                              0x08001fc1   Thumb Code     8  system_stm32f10x.o(i.SetSysClock)
    i.SetSysClockTo72                        0x08001fc8   Section        0  system_stm32f10x.o(i.SetSysClockTo72)
    SetSysClockTo72                          0x08001fc9   Thumb Code   214  system_stm32f10x.o(i.SetSysClockTo72)
    i.SystemInit                             0x080020a8   Section        0  system_stm32f10x.o(i.SystemInit)
    i.TIM6_IRQHandler                        0x08002108   Section        0  timer.o(i.TIM6_IRQHandler)
    i.TIM6_Init                              0x08002154   Section        0  timer.o(i.TIM6_Init)
    i.TIM7_IRQHandler                        0x08002260   Section        0  modbus_timer.o(i.TIM7_IRQHandler)
    i.TIME7_Init                             0x08002298   Section        0  modbus_timer.o(i.TIME7_Init)
    i.USART1_IRQHandler                      0x08002394   Section        0  usart.o(i.USART1_IRQHandler)
    i.USART1_Init                            0x080023ec   Section        0  usart.o(i.USART1_Init)
    i.USART2_IRQHandler                      0x080025b0   Section        0  rs485.o(i.USART2_IRQHandler)
    i.USART3_Init                            0x08002604   Section        0  gu900_uart.o(i.USART3_Init)
    i.USART3_SendDat                         0x0800270c   Section        0  gu900_uart.o(i.USART3_SendDat)
    i.__ARM_fpclassify                       0x08002728   Section        0  fpclassify.o(i.__ARM_fpclassify)
    i._is_digit                              0x08002750   Section        0  __printf_wp.o(i._is_digit)
    i._sys_exit                              0x0800275e   Section        0  usart.o(i._sys_exit)
    i.delay_init                             0x08002764   Section        0  delay.o(i.delay_init)
    i.delay_ms                               0x080027a4   Section        0  delay.o(i.delay_ms)
    i.delay_nms                              0x080027dc   Section        0  delay.o(i.delay_nms)
    i.ferror                                 0x08002818   Section        0  usart.o(i.ferror)
    i.fputc                                  0x08002820   Section        0  usart.o(i.fputc)
    i.gu900_fputc                            0x0800283c   Section        0  gu900_uart.o(i.gu900_fputc)
    i.gu900_printf                           0x08002848   Section        0  gu900_uart.o(i.gu900_printf)
    i.main                                   0x080029bc   Section        0  main.o(i.main)
    i.time6_start                            0x08002a70   Section        0  timer.o(i.time6_start)
    i.time7_reset                            0x08002a88   Section        0  modbus_timer.o(i.time7_reset)
    i.time7_start                            0x08002a94   Section        0  modbus_timer.o(i.time7_start)
    i.time7_stop                             0x08002ab0   Section        0  modbus_timer.o(i.time7_stop)
    locale$$code                             0x08002ac4   Section       44  lc_numeric_c.o(locale$$code)
    x$fpl$dretinf                            0x08002af0   Section       12  dretinf.o(x$fpl$dretinf)
    x$fpl$f2d                                0x08002afc   Section       86  f2d.o(x$fpl$f2d)
    x$fpl$fadd                               0x08002b54   Section      196  faddsub_clz.o(x$fpl$fadd)
    _fadd1                                   0x08002b63   Thumb Code     0  faddsub_clz.o(x$fpl$fadd)
    x$fpl$fdiv                               0x08002c18   Section      388  fdiv.o(x$fpl$fdiv)
    _fdiv1                                   0x08002c19   Thumb Code     0  fdiv.o(x$fpl$fdiv)
    x$fpl$ffixu                              0x08002d9c   Section       62  ffixu.o(x$fpl$ffixu)
    x$fpl$fflt                               0x08002ddc   Section       48  fflt_clz.o(x$fpl$fflt)
    x$fpl$ffltu                              0x08002e0c   Section       38  fflt_clz.o(x$fpl$ffltu)
    x$fpl$fmul                               0x08002e34   Section      258  fmul.o(x$fpl$fmul)
    x$fpl$fnaninf                            0x08002f36   Section      140  fnaninf.o(x$fpl$fnaninf)
    x$fpl$fretinf                            0x08002fc2   Section       10  fretinf.o(x$fpl$fretinf)
    x$fpl$frsb                               0x08002fcc   Section       20  faddsub_clz.o(x$fpl$frsb)
    x$fpl$fsub                               0x08002fe0   Section      234  faddsub_clz.o(x$fpl$fsub)
    _fsub1                                   0x08002fef   Thumb Code     0  faddsub_clz.o(x$fpl$fsub)
    x$fpl$printf1                            0x080030ca   Section        4  printf1.o(x$fpl$printf1)
    .constdata                               0x080030ce   Section      554  volmeter.o(.constdata)
    x$fpl$usenofp                            0x080030ce   Section        0  usenofp.o(x$fpl$usenofp)
    s_CRCHi                                  0x080030ce   Data         256  volmeter.o(.constdata)
    .constdata                               0x080032f8   Section       17  __printf_flags_wp.o(.constdata)
    maptable                                 0x080032f8   Data          17  __printf_flags_wp.o(.constdata)
    .constdata                               0x0800330c   Section      148  bigflt0.o(.constdata)
    tenpwrs_x                                0x0800330c   Data          60  bigflt0.o(.constdata)
    tenpwrs_i                                0x08003348   Data          64  bigflt0.o(.constdata)
    .conststring                             0x080033a0   Section      204  gu900.o(.conststring)
    locale$$data                             0x0800348c   Section       28  lc_numeric_c.o(locale$$data)
    __lcnum_c_name                           0x08003490   Data           2  lc_numeric_c.o(locale$$data)
    __lcnum_c_start                          0x08003498   Data           0  lc_numeric_c.o(locale$$data)
    __lcnum_c_point                          0x080034a4   Data           0  lc_numeric_c.o(locale$$data)
    __lcnum_c_thousands                      0x080034a6   Data           0  lc_numeric_c.o(locale$$data)
    __lcnum_c_grouping                       0x080034a7   Data           0  lc_numeric_c.o(locale$$data)
    __lcnum_c_end                            0x080034a8   Data           0  lc_numeric_c.o(locale$$data)
    .data                                    0x20000000   Section        4  delay.o(.data)
    fac_us                                   0x20000000   Data           1  delay.o(.data)
    fac_ms                                   0x20000002   Data           2  delay.o(.data)
    .data                                    0x20000004   Section        8  usart.o(.data)
    .data                                    0x2000000c   Section        8  timer.o(.data)
    .data                                    0x20000014   Section        3  rs485.o(.data)
    .data                                    0x20000017   Section        5  volmeter.o(.data)
    .bss                                     0x2000001c   Section       50  usart.o(.bss)
    .bss                                     0x2000004e   Section      128  rs485.o(.bss)
    .bss                                     0x200000d0   Section       60  volmeter.o(.bss)
    .bss                                     0x2000010c   Section       64  gu900.o(.bss)
    .bss                                     0x2000014c   Section       96  libspace.o(.bss)
    HEAP                                     0x200001b0   Section      512  startup_stm32f10x_hd.o(HEAP)
    Heap_Mem                                 0x200001b0   Data         512  startup_stm32f10x_hd.o(HEAP)
    STACK                                    0x200003b0   Section     1024  startup_stm32f10x_hd.o(STACK)
    Stack_Mem                                0x200003b0   Data        1024  startup_stm32f10x_hd.o(STACK)
    __initial_sp                             0x200007b0   Data           0  startup_stm32f10x_hd.o(STACK)

    Global Symbols

    Symbol Name                              Value     Ov Type        Size  Object(Section)

    BuildAttributes$$THM_ISAv4$P$D$K$B$S$PE$A:L22UL41UL21$X:L11$S22US41US21$IEEE1$IW$USESV6$~STKCKD$USESV7$~SHL$OTIME$ROPI$IEEEJ$EBA8$UX$STANDARDLIB$REQ8$PRES8$EABIv2 0x00000000   Number         0  anon$$obj.o ABSOLUTE
    __ARM_use_no_argv                        0x00000000   Number         0  main.o ABSOLUTE
    _printf_flags                            0x00000000   Number         0  printf_stubs.o ABSOLUTE
    _printf_return_value                     0x00000000   Number         0  printf_stubs.o ABSOLUTE
    _printf_sizespec                         0x00000000   Number         0  printf_stubs.o ABSOLUTE
    _printf_widthprec                        0x00000000   Number         0  printf_stubs.o ABSOLUTE
    __ARM_exceptions_init                     - Undefined Weak Reference
    __alloca_initialize                       - Undefined Weak Reference
    __cpp_initialize__aeabi_                  - Undefined Weak Reference
    __cxa_finalize                            - Undefined Weak Reference
    __sigvec_lookup                           - Undefined Weak Reference
    _atexit_init                              - Undefined Weak Reference
    _call_atexit_fns                          - Undefined Weak Reference
    _clock_init                               - Undefined Weak Reference
    _fp_trap_init                             - Undefined Weak Reference
    _fp_trap_shutdown                         - Undefined Weak Reference
    _get_lc_collate                           - Undefined Weak Reference
    _get_lc_ctype                             - Undefined Weak Reference
    _get_lc_monetary                          - Undefined Weak Reference
    _get_lc_time                              - Undefined Weak Reference
    _getenv_init                              - Undefined Weak Reference
    _handle_redirection                       - Undefined Weak Reference
    _init_alloc                               - Undefined Weak Reference
    _init_user_alloc                          - Undefined Weak Reference
    _initio                                   - Undefined Weak Reference
    _printf_truncate_signed                   - Undefined Weak Reference
    _printf_truncate_unsigned                 - Undefined Weak Reference
    _rand_init                                - Undefined Weak Reference
    _signal_finish                            - Undefined Weak Reference
    _signal_init                              - Undefined Weak Reference
    _terminate_alloc                          - Undefined Weak Reference
    _terminate_user_alloc                     - Undefined Weak Reference
    _terminateio                              - Undefined Weak Reference
    __Vectors_Size                           0x00000130   Number         0  startup_stm32f10x_hd.o ABSOLUTE
    __Vectors                                0x08000000   Data           4  startup_stm32f10x_hd.o(RESET)
    __Vectors_End                            0x08000130   Data           0  startup_stm32f10x_hd.o(RESET)
    __main                                   0x08000131   Thumb Code     8  __main.o(!!!main)
    __scatterload                            0x08000139   Thumb Code     0  __scatter.o(!!!scatter)
    __scatterload_rt2                        0x08000139   Thumb Code    44  __scatter.o(!!!scatter)
    __scatterload_rt2_thumb_only             0x08000139   Thumb Code     0  __scatter.o(!!!scatter)
    __scatterload_null                       0x08000147   Thumb Code     0  __scatter.o(!!!scatter)
    __scatterload_copy                       0x0800016d   Thumb Code    26  __scatter_copy.o(!!handler_copy)
    __scatterload_zeroinit                   0x08000189   Thumb Code    28  __scatter_zi.o(!!handler_zi)
    _printf_f                                0x080001a5   Thumb Code     0  _printf_f.o(.ARM.Collect$$_printf_percent$$00000003)
    _printf_percent                          0x080001a5   Thumb Code     0  _printf_percent.o(.ARM.Collect$$_printf_percent$$00000000)
    _printf_d                                0x080001ab   Thumb Code     0  _printf_d.o(.ARM.Collect$$_printf_percent$$00000009)
    _printf_percent_end                      0x080001b1   Thumb Code     0  _printf_percent_end.o(.ARM.Collect$$_printf_percent$$00000017)
    __rt_lib_init                            0x080001b5   Thumb Code     0  libinit.o(.ARM.Collect$$libinit$$00000000)
    __rt_lib_init_fp_1                       0x080001b7   Thumb Code     0  libinit2.o(.ARM.Collect$$libinit$$00000002)
    __rt_lib_init_heap_1                     0x080001b7   Thumb Code     0  libinit2.o(.ARM.Collect$$libinit$$00000008)
    __rt_lib_init_lc_common                  0x080001b7   Thumb Code     0  libinit2.o(.ARM.Collect$$libinit$$0000000D)
    __rt_lib_init_rand_1                     0x080001b7   Thumb Code     0  libinit2.o(.ARM.Collect$$libinit$$0000000C)
    __rt_lib_init_user_alloc_1               0x080001b7   Thumb Code     0  libinit2.o(.ARM.Collect$$libinit$$0000000A)
    __rt_lib_init_lc_collate_1               0x080001bd   Thumb Code     0  libinit2.o(.ARM.Collect$$libinit$$0000000F)
    __rt_lib_init_lc_ctype_1                 0x080001bd   Thumb Code     0  libinit2.o(.ARM.Collect$$libinit$$00000011)
    __rt_lib_init_lc_monetary_1              0x080001bd   Thumb Code     0  libinit2.o(.ARM.Collect$$libinit$$00000013)
    __rt_lib_init_lc_numeric_2               0x080001bd   Thumb Code     0  libinit2.o(.ARM.Collect$$libinit$$00000014)
    __rt_lib_init_alloca_1                   0x080001c7   Thumb Code     0  libinit2.o(.ARM.Collect$$libinit$$0000002C)
    __rt_lib_init_argv_1                     0x080001c7   Thumb Code     0  libinit2.o(.ARM.Collect$$libinit$$0000002A)
    __rt_lib_init_atexit_1                   0x080001c7   Thumb Code     0  libinit2.o(.ARM.Collect$$libinit$$00000019)
    __rt_lib_init_clock_1                    0x080001c7   Thumb Code     0  libinit2.o(.ARM.Collect$$libinit$$0000001F)
    __rt_lib_init_cpp_1                      0x080001c7   Thumb Code     0  libinit2.o(.ARM.Collect$$libinit$$00000030)
    __rt_lib_init_exceptions_1               0x080001c7   Thumb Code     0  libinit2.o(.ARM.Collect$$libinit$$0000002E)
    __rt_lib_init_fp_trap_1                  0x080001c7   Thumb Code     0  libinit2.o(.ARM.Collect$$libinit$$0000001D)
    __rt_lib_init_getenv_1                   0x080001c7   Thumb Code     0  libinit2.o(.ARM.Collect$$libinit$$00000021)
    __rt_lib_init_lc_numeric_1               0x080001c7   Thumb Code     0  libinit2.o(.ARM.Collect$$libinit$$00000015)
    __rt_lib_init_lc_time_1                  0x080001c7   Thumb Code     0  libinit2.o(.ARM.Collect$$libinit$$00000017)
    __rt_lib_init_return                     0x080001c7   Thumb Code     0  libinit2.o(.ARM.Collect$$libinit$$00000031)
    __rt_lib_init_signal_1                   0x080001c7   Thumb Code     0  libinit2.o(.ARM.Collect$$libinit$$0000001B)
    __rt_lib_init_stdio_1                    0x080001c7   Thumb Code     0  libinit2.o(.ARM.Collect$$libinit$$00000023)
    __rt_lib_shutdown                        0x080001c9   Thumb Code     0  libshutdown.o(.ARM.Collect$$libshutdown$$00000000)
    __rt_lib_shutdown_fp_trap_1              0x080001cb   Thumb Code     0  libshutdown2.o(.ARM.Collect$$libshutdown$$00000006)
    __rt_lib_shutdown_heap_1                 0x080001cb   Thumb Code     0  libshutdown2.o(.ARM.Collect$$libshutdown$$0000000E)
    __rt_lib_shutdown_return                 0x080001cb   Thumb Code     0  libshutdown2.o(.ARM.Collect$$libshutdown$$0000000F)
    __rt_lib_shutdown_signal_1               0x080001cb   Thumb Code     0  libshutdown2.o(.ARM.Collect$$libshutdown$$00000009)
    __rt_lib_shutdown_stdio_1                0x080001cb   Thumb Code     0  libshutdown2.o(.ARM.Collect$$libshutdown$$00000003)
    __rt_lib_shutdown_user_alloc_1           0x080001cb   Thumb Code     0  libshutdown2.o(.ARM.Collect$$libshutdown$$0000000B)
    __rt_entry                               0x080001cd   Thumb Code     0  rtentry.o(.ARM.Collect$$rtentry$$00000000)
    __rt_entry_presh_1                       0x080001cd   Thumb Code     0  rtentry2.o(.ARM.Collect$$rtentry$$00000002)
    __rt_entry_sh                            0x080001cd   Thumb Code     0  rtentry4.o(.ARM.Collect$$rtentry$$00000004)
    __rt_entry_li                            0x080001d3   Thumb Code     0  rtentry2.o(.ARM.Collect$$rtentry$$0000000A)
    __rt_entry_postsh_1                      0x080001d3   Thumb Code     0  rtentry2.o(.ARM.Collect$$rtentry$$00000009)
    __rt_entry_main                          0x080001d7   Thumb Code     0  rtentry2.o(.ARM.Collect$$rtentry$$0000000D)
    __rt_entry_postli_1                      0x080001d7   Thumb Code     0  rtentry2.o(.ARM.Collect$$rtentry$$0000000C)
    __rt_exit                                0x080001df   Thumb Code     0  rtexit.o(.ARM.Collect$$rtexit$$00000000)
    __rt_exit_ls                             0x080001e1   Thumb Code     0  rtexit2.o(.ARM.Collect$$rtexit$$00000003)
    __rt_exit_prels_1                        0x080001e1   Thumb Code     0  rtexit2.o(.ARM.Collect$$rtexit$$00000002)
    __rt_exit_exit                           0x080001e5   Thumb Code     0  rtexit2.o(.ARM.Collect$$rtexit$$00000004)
    Reset_Handler                            0x080001ed   Thumb Code     8  startup_stm32f10x_hd.o(.text)
    NMI_Handler                              0x080001f5   Thumb Code     2  startup_stm32f10x_hd.o(.text)
    HardFault_Handler                        0x080001f7   Thumb Code     2  startup_stm32f10x_hd.o(.text)
    MemManage_Handler                        0x080001f9   Thumb Code     2  startup_stm32f10x_hd.o(.text)
    BusFault_Handler                         0x080001fb   Thumb Code     2  startup_stm32f10x_hd.o(.text)
    UsageFault_Handler                       0x080001fd   Thumb Code     2  startup_stm32f10x_hd.o(.text)
    SVC_Handler                              0x080001ff   Thumb Code     2  startup_stm32f10x_hd.o(.text)
    DebugMon_Handler                         0x08000201   Thumb Code     2  startup_stm32f10x_hd.o(.text)
    PendSV_Handler                           0x08000203   Thumb Code     2  startup_stm32f10x_hd.o(.text)
    SysTick_Handler                          0x08000205   Thumb Code     2  startup_stm32f10x_hd.o(.text)
    ADC1_2_IRQHandler                        0x08000207   Thumb Code     0  startup_stm32f10x_hd.o(.text)
    ADC3_IRQHandler                          0x08000207   Thumb Code     0  startup_stm32f10x_hd.o(.text)
    CAN1_RX1_IRQHandler                      0x08000207   Thumb Code     0  startup_stm32f10x_hd.o(.text)
    CAN1_SCE_IRQHandler                      0x08000207   Thumb Code     0  startup_stm32f10x_hd.o(.text)
    DMA1_Channel1_IRQHandler                 0x08000207   Thumb Code     0  startup_stm32f10x_hd.o(.text)
    DMA1_Channel2_IRQHandler                 0x08000207   Thumb Code     0  startup_stm32f10x_hd.o(.text)
    DMA1_Channel3_IRQHandler                 0x08000207   Thumb Code     0  startup_stm32f10x_hd.o(.text)
    DMA1_Channel4_IRQHandler                 0x08000207   Thumb Code     0  startup_stm32f10x_hd.o(.text)
    DMA1_Channel5_IRQHandler                 0x08000207   Thumb Code     0  startup_stm32f10x_hd.o(.text)
    DMA1_Channel6_IRQHandler                 0x08000207   Thumb Code     0  startup_stm32f10x_hd.o(.text)
    DMA1_Channel7_IRQHandler                 0x08000207   Thumb Code     0  startup_stm32f10x_hd.o(.text)
    DMA2_Channel1_IRQHandler                 0x08000207   Thumb Code     0  startup_stm32f10x_hd.o(.text)
    DMA2_Channel2_IRQHandler                 0x08000207   Thumb Code     0  startup_stm32f10x_hd.o(.text)
    DMA2_Channel3_IRQHandler                 0x08000207   Thumb Code     0  startup_stm32f10x_hd.o(.text)
    DMA2_Channel4_5_IRQHandler               0x08000207   Thumb Code     0  startup_stm32f10x_hd.o(.text)
    EXTI0_IRQHandler                         0x08000207   Thumb Code     0  startup_stm32f10x_hd.o(.text)
    EXTI15_10_IRQHandler                     0x08000207   Thumb Code     0  startup_stm32f10x_hd.o(.text)
    EXTI1_IRQHandler                         0x08000207   Thumb Code     0  startup_stm32f10x_hd.o(.text)
    EXTI2_IRQHandler                         0x08000207   Thumb Code     0  startup_stm32f10x_hd.o(.text)
    EXTI3_IRQHandler                         0x08000207   Thumb Code     0  startup_stm32f10x_hd.o(.text)
    EXTI4_IRQHandler                         0x08000207   Thumb Code     0  startup_stm32f10x_hd.o(.text)
    EXTI9_5_IRQHandler                       0x08000207   Thumb Code     0  startup_stm32f10x_hd.o(.text)
    FLASH_IRQHandler                         0x08000207   Thumb Code     0  startup_stm32f10x_hd.o(.text)
    FSMC_IRQHandler                          0x08000207   Thumb Code     0  startup_stm32f10x_hd.o(.text)
    I2C1_ER_IRQHandler                       0x08000207   Thumb Code     0  startup_stm32f10x_hd.o(.text)
    I2C1_EV_IRQHandler                       0x08000207   Thumb Code     0  startup_stm32f10x_hd.o(.text)
    I2C2_ER_IRQHandler                       0x08000207   Thumb Code     0  startup_stm32f10x_hd.o(.text)
    I2C2_EV_IRQHandler                       0x08000207   Thumb Code     0  startup_stm32f10x_hd.o(.text)
    PVD_IRQHandler                           0x08000207   Thumb Code     0  startup_stm32f10x_hd.o(.text)
    RCC_IRQHandler                           0x08000207   Thumb Code     0  startup_stm32f10x_hd.o(.text)
    RTCAlarm_IRQHandler                      0x08000207   Thumb Code     0  startup_stm32f10x_hd.o(.text)
    RTC_IRQHandler                           0x08000207   Thumb Code     0  startup_stm32f10x_hd.o(.text)
    SDIO_IRQHandler                          0x08000207   Thumb Code     0  startup_stm32f10x_hd.o(.text)
    SPI1_IRQHandler                          0x08000207   Thumb Code     0  startup_stm32f10x_hd.o(.text)
    SPI2_IRQHandler                          0x08000207   Thumb Code     0  startup_stm32f10x_hd.o(.text)
    SPI3_IRQHandler                          0x08000207   Thumb Code     0  startup_stm32f10x_hd.o(.text)
    TAMPER_IRQHandler                        0x08000207   Thumb Code     0  startup_stm32f10x_hd.o(.text)
    TIM1_BRK_IRQHandler                      0x08000207   Thumb Code     0  startup_stm32f10x_hd.o(.text)
    TIM1_CC_IRQHandler                       0x08000207   Thumb Code     0  startup_stm32f10x_hd.o(.text)
    TIM1_TRG_COM_IRQHandler                  0x08000207   Thumb Code     0  startup_stm32f10x_hd.o(.text)
    TIM1_UP_IRQHandler                       0x08000207   Thumb Code     0  startup_stm32f10x_hd.o(.text)
    TIM2_IRQHandler                          0x08000207   Thumb Code     0  startup_stm32f10x_hd.o(.text)
    TIM3_IRQHandler                          0x08000207   Thumb Code     0  startup_stm32f10x_hd.o(.text)
    TIM4_IRQHandler                          0x08000207   Thumb Code     0  startup_stm32f10x_hd.o(.text)
    TIM5_IRQHandler                          0x08000207   Thumb Code     0  startup_stm32f10x_hd.o(.text)
    TIM8_BRK_IRQHandler                      0x08000207   Thumb Code     0  startup_stm32f10x_hd.o(.text)
    TIM8_CC_IRQHandler                       0x08000207   Thumb Code     0  startup_stm32f10x_hd.o(.text)
    TIM8_TRG_COM_IRQHandler                  0x08000207   Thumb Code     0  startup_stm32f10x_hd.o(.text)
    TIM8_UP_IRQHandler                       0x08000207   Thumb Code     0  startup_stm32f10x_hd.o(.text)
    UART4_IRQHandler                         0x08000207   Thumb Code     0  startup_stm32f10x_hd.o(.text)
    UART5_IRQHandler                         0x08000207   Thumb Code     0  startup_stm32f10x_hd.o(.text)
    USART3_IRQHandler                        0x08000207   Thumb Code     0  startup_stm32f10x_hd.o(.text)
    USBWakeUp_IRQHandler                     0x08000207   Thumb Code     0  startup_stm32f10x_hd.o(.text)
    USB_HP_CAN1_TX_IRQHandler                0x08000207   Thumb Code     0  startup_stm32f10x_hd.o(.text)
    USB_LP_CAN1_RX0_IRQHandler               0x08000207   Thumb Code     0  startup_stm32f10x_hd.o(.text)
    WWDG_IRQHandler                          0x08000207   Thumb Code     0  startup_stm32f10x_hd.o(.text)
    __user_initial_stackheap                 0x08000209   Thumb Code     0  startup_stm32f10x_hd.o(.text)
    __use_no_semihosting                     0x0800022d   Thumb Code     2  use_no_semi_2.o(.text)
    __2printf                                0x08000231   Thumb Code    20  noretval__2printf.o(.text)
    __2sprintf                               0x08000249   Thumb Code    34  noretval__2sprintf.o(.text)
    _printf_pre_padding                      0x08000271   Thumb Code    44  _printf_pad.o(.text)
    _printf_post_padding                     0x0800029d   Thumb Code    34  _printf_pad.o(.text)
    _printf_int_dec                          0x080002c1   Thumb Code   100  _printf_dec.o(.text)
    __printf                                 0x08000335   Thumb Code   308  __printf_flags_wp.o(.text)
    strlen                                   0x0800046d   Thumb Code    62  strlen.o(.text)
    __aeabi_memclr                           0x080004ab   Thumb Code     0  rt_memclr.o(.text)
    __rt_memclr                              0x080004ab   Thumb Code    68  rt_memclr.o(.text)
    _memset                                  0x080004af   Thumb Code     0  rt_memclr.o(.text)
    __use_two_region_memory                  0x080004ef   Thumb Code     2  heapauxi.o(.text)
    __rt_heap_escrow$2region                 0x080004f1   Thumb Code     2  heapauxi.o(.text)
    __rt_heap_expand$2region                 0x080004f3   Thumb Code     2  heapauxi.o(.text)
    __I$use$semihosting                      0x080004f5   Thumb Code     0  use_no_semi.o(.text)
    __use_no_semihosting_swi                 0x080004f5   Thumb Code     2  use_no_semi.o(.text)
    _printf_int_common                       0x080004f7   Thumb Code   178  _printf_intcommon.o(.text)
    __lib_sel_fp_printf                      0x080005a9   Thumb Code     2  _printf_fp_dec.o(.text)
    _printf_fp_dec_real                      0x08000757   Thumb Code   616  _printf_fp_dec.o(.text)
    _printf_char_common                      0x080009cb   Thumb Code    32  _printf_char_common.o(.text)
    _sputc                                   0x080009f1   Thumb Code    10  _sputc.o(.text)
    _printf_char_file                        0x080009fd   Thumb Code    32  _printf_char_file.o(.text)
    __aeabi_memclr4                          0x08000a21   Thumb Code     0  rt_memclr_w.o(.text)
    __aeabi_memclr8                          0x08000a21   Thumb Code     0  rt_memclr_w.o(.text)
    __rt_memclr_w                            0x08000a21   Thumb Code    78  rt_memclr_w.o(.text)
    _memset_w                                0x08000a25   Thumb Code     0  rt_memclr_w.o(.text)
    __rt_locale                              0x08000a71   Thumb Code     8  rt_locale_intlibspace.o(.text)
    _ll_udiv10                               0x08000a79   Thumb Code   138  lludiv10.o(.text)
    _printf_fp_infnan                        0x08000b05   Thumb Code   112  _printf_fp_infnan.o(.text)
    _btod_etento                             0x08000b85   Thumb Code   212  bigflt0.o(.text)
    __user_libspace                          0x08000c5d   Thumb Code     8  libspace.o(.text)
    __user_perproc_libspace                  0x08000c5d   Thumb Code     0  libspace.o(.text)
    __user_perthread_libspace                0x08000c5d   Thumb Code     0  libspace.o(.text)
    __user_setup_stackheap                   0x08000c65   Thumb Code    74  sys_stackheap_outer.o(.text)
    exit                                     0x08000caf   Thumb Code    12  exit.o(.text)
    strcmp                                   0x08000cbd   Thumb Code   128  strcmpv7m.o(.text)
    _btod_d2e                                0x08000d3d   Thumb Code    62  btod.o(CL$$btod_d2e)
    _d2e_denorm_low                          0x08000d7b   Thumb Code    70  btod.o(CL$$btod_d2e_denorm_low)
    _d2e_norm_op1                            0x08000dc1   Thumb Code    96  btod.o(CL$$btod_d2e_norm_op1)
    __btod_div_common                        0x08000e21   Thumb Code   696  btod.o(CL$$btod_div_common)
    _e2e                                     0x08001159   Thumb Code   198  btod.o(CL$$btod_e2e)
    _btod_ediv                               0x0800121f   Thumb Code    40  btod.o(CL$$btod_ediv)
    _btod_emul                               0x08001247   Thumb Code    40  btod.o(CL$$btod_emul)
    __btod_mult_common                       0x0800126f   Thumb Code   580  btod.o(CL$$btod_mult_common)
    Buf2Uint16                               0x080014b3   Thumb Code    12  volmeter.o(i.Buf2Uint16)
    Buf2Uint32                               0x080014bf   Thumb Code    24  volmeter.o(i.Buf2Uint32)
    CRC16_Modbus                             0x080014d9   Thumb Code    46  volmeter.o(i.CRC16_Modbus)
    GU900_Send_DataList                      0x08001511   Thumb Code   256  gu900.o(i.GU900_Send_DataList)
    Get_Data01                               0x0800161d   Thumb Code  1148  gu900.o(i.Get_Data01)
    Gu900_Init                               0x08001aa9   Thumb Code    14  gu900.o(i.Gu900_Init)
    MODH_Read_03H                            0x08001ab9   Thumb Code   392  volmeter.o(i.MODH_Read_03H)
    MODH_Send03H                             0x08001c51   Thumb Code   122  volmeter.o(i.MODH_Send03H)
    NVIC_GroupType_Config                    0x08001d21   Thumb Code    10  sys.o(i.NVIC_GroupType_Config)
    RS485_Init                               0x08001d35   Thumb Code   414  rs485.o(i.RS485_Init)
    RS485_Send_Data                          0x08001eed   Thumb Code    40  rs485.o(i.RS485_Send_Data)
    Read_Config                              0x08001f19   Thumb Code    46  volmeter.o(i.Read_Config)
    Read_ElectricEnergy                      0x08001f51   Thumb Code    46  volmeter.o(i.Read_ElectricEnergy)
    Read_Parameters                          0x08001f89   Thumb Code    46  volmeter.o(i.Read_Parameters)
    SystemInit                               0x080020a9   Thumb Code    78  system_stm32f10x.o(i.SystemInit)
    TIM6_IRQHandler                          0x08002109   Thumb Code    68  timer.o(i.TIM6_IRQHandler)
    TIM6_Init                                0x08002155   Thumb Code   246  timer.o(i.TIM6_Init)
    TIM7_IRQHandler                          0x08002261   Thumb Code    42  modbus_timer.o(i.TIM7_IRQHandler)
    TIME7_Init                               0x08002299   Thumb Code   234  modbus_timer.o(i.TIME7_Init)
    USART1_IRQHandler                        0x08002395   Thumb Code    76  usart.o(i.USART1_IRQHandler)
    USART1_Init                              0x080023ed   Thumb Code   428  usart.o(i.USART1_Init)
    USART2_IRQHandler                        0x080025b1   Thumb Code    68  rs485.o(i.USART2_IRQHandler)
    USART3_Init                              0x08002605   Thumb Code   248  gu900_uart.o(i.USART3_Init)
    USART3_SendDat                           0x0800270d   Thumb Code    22  gu900_uart.o(i.USART3_SendDat)
    __ARM_fpclassify                         0x08002729   Thumb Code    40  fpclassify.o(i.__ARM_fpclassify)
    _is_digit                                0x08002751   Thumb Code    14  __printf_wp.o(i._is_digit)
    _sys_exit                                0x0800275f   Thumb Code     6  usart.o(i._sys_exit)
    delay_init                               0x08002765   Thumb Code    56  delay.o(i.delay_init)
    delay_ms                                 0x080027a5   Thumb Code    56  delay.o(i.delay_ms)
    delay_nms                                0x080027dd   Thumb Code    56  delay.o(i.delay_nms)
    ferror                                   0x08002819   Thumb Code     8  usart.o(i.ferror)
    fputc                                    0x08002821   Thumb Code    22  usart.o(i.fputc)
    gu900_fputc                              0x0800283d   Thumb Code    12  gu900_uart.o(i.gu900_fputc)
    gu900_printf                             0x08002849   Thumb Code   350  gu900_uart.o(i.gu900_printf)
    main                                     0x080029bd   Thumb Code   126  main.o(i.main)
    time6_start                              0x08002a71   Thumb Code    18  timer.o(i.time6_start)
    time7_reset                              0x08002a89   Thumb Code     8  modbus_timer.o(i.time7_reset)
    time7_start                              0x08002a95   Thumb Code    24  modbus_timer.o(i.time7_start)
    time7_stop                               0x08002ab1   Thumb Code    14  modbus_timer.o(i.time7_stop)
    _get_lc_numeric                          0x08002ac5   Thumb Code    44  lc_numeric_c.o(locale$$code)
    __fpl_dretinf                            0x08002af1   Thumb Code    12  dretinf.o(x$fpl$dretinf)
    __aeabi_f2d                              0x08002afd   Thumb Code     0  f2d.o(x$fpl$f2d)
    _f2d                                     0x08002afd   Thumb Code    86  f2d.o(x$fpl$f2d)
    __aeabi_fadd                             0x08002b55   Thumb Code     0  faddsub_clz.o(x$fpl$fadd)
    _fadd                                    0x08002b55   Thumb Code   196  faddsub_clz.o(x$fpl$fadd)
    __aeabi_fdiv                             0x08002c19   Thumb Code     0  fdiv.o(x$fpl$fdiv)
    _fdiv                                    0x08002c19   Thumb Code   384  fdiv.o(x$fpl$fdiv)
    __aeabi_f2uiz                            0x08002d9d   Thumb Code     0  ffixu.o(x$fpl$ffixu)
    _ffixu                                   0x08002d9d   Thumb Code    62  ffixu.o(x$fpl$ffixu)
    __aeabi_i2f                              0x08002ddd   Thumb Code     0  fflt_clz.o(x$fpl$fflt)
    _fflt                                    0x08002ddd   Thumb Code    48  fflt_clz.o(x$fpl$fflt)
    __aeabi_ui2f                             0x08002e0d   Thumb Code     0  fflt_clz.o(x$fpl$ffltu)
    _ffltu                                   0x08002e0d   Thumb Code    38  fflt_clz.o(x$fpl$ffltu)
    __aeabi_fmul                             0x08002e35   Thumb Code     0  fmul.o(x$fpl$fmul)
    _fmul                                    0x08002e35   Thumb Code   258  fmul.o(x$fpl$fmul)
    __fpl_fnaninf                            0x08002f37   Thumb Code   140  fnaninf.o(x$fpl$fnaninf)
    __fpl_fretinf                            0x08002fc3   Thumb Code    10  fretinf.o(x$fpl$fretinf)
    __aeabi_frsub                            0x08002fcd   Thumb Code     0  faddsub_clz.o(x$fpl$frsb)
    _frsb                                    0x08002fcd   Thumb Code    20  faddsub_clz.o(x$fpl$frsb)
    __aeabi_fsub                             0x08002fe1   Thumb Code     0  faddsub_clz.o(x$fpl$fsub)
    _fsub                                    0x08002fe1   Thumb Code   234  faddsub_clz.o(x$fpl$fsub)
    _printf_fp_dec                           0x080030cb   Thumb Code     4  printf1.o(x$fpl$printf1)
    __I$use$fp                               0x080030ce   Number         0  usenofp.o(x$fpl$usenofp)
    s_CRCLo                                  0x080031ce   Data         256  volmeter.o(.constdata)
    s_AddRoll                                0x080032ce   Data          42  volmeter.o(.constdata)
    Region$$Table$$Base                      0x0800346c   Number         0  anon$$obj.o(Region$$Table)
    Region$$Table$$Limit                     0x0800348c   Number         0  anon$$obj.o(Region$$Table)
    Rx1Count                                 0x20000004   Data           1  usart.o(.data)
    __stdout                                 0x20000008   Data           4  usart.o(.data)
    capture_time_count                       0x2000000c   Data           4  timer.o(.data)
    send_time_count                          0x20000010   Data           4  timer.o(.data)
    rs485_recv_flag                          0x20000014   Data           1  rs485.o(.data)
    RS485_RX_CNT                             0x20000015   Data           1  rs485.o(.data)
    RS485_TX_CNT                             0x20000016   Data           1  rs485.o(.data)
    SlaveAddr                                0x20000017   Data           1  volmeter.o(.data)
    RegNum                                   0x20000018   Data           1  volmeter.o(.data)
    Reg03H                                   0x20000019   Data           1  volmeter.o(.data)
    fAck06H                                  0x2000001a   Data           1  volmeter.o(.data)
    fAck10H                                  0x2000001b   Data           1  volmeter.o(.data)
    Rx1Buf                                   0x2000001c   Data          50  usart.o(.bss)
    RS485_RX_BUF                             0x2000004e   Data          64  rs485.o(.bss)
    RS485_TX_BUF                             0x2000008e   Data          64  rs485.o(.bss)
    g_ELE_PAM                                0x200000d0   Data          44  volmeter.o(.bss)
    Write_Clear_buff                         0x200000fc   Data          16  volmeter.o(.bss)
    g_pack1                                  0x2000010c   Data          64  gu900.o(.bss)
    __libspace_start                         0x2000014c   Data          96  libspace.o(.bss)
    __temporary_stack_top$libspace           0x200001ac   Data           0  libspace.o(.bss)



==============================================================================

Memory Map of the image

  Image Entry point : 0x08000131

  Load Region LR_IROM1 (Base: 0x08000000, Size: 0x000034c4, Max: 0x00040000, ABSOLUTE)

    Execution Region ER_IROM1 (Base: 0x08000000, Size: 0x000034a8, Max: 0x00040000, ABSOLUTE)

    Base Addr    Size         Type   Attr      Idx    E Section Name        Object

    0x08000000   0x00000130   Data   RO          276    RESET               startup_stm32f10x_hd.o
    0x08000130   0x00000008   Code   RO          614  * !!!main             c_w.l(__main.o)
    0x08000138   0x00000034   Code   RO          857    !!!scatter          c_w.l(__scatter.o)
    0x0800016c   0x0000001a   Code   RO          859    !!handler_copy      c_w.l(__scatter_copy.o)
    0x08000186   0x00000002   PAD
    0x08000188   0x0000001c   Code   RO          861    !!handler_zi        c_w.l(__scatter_zi.o)
    0x080001a4   0x00000000   Code   RO          607    .ARM.Collect$$_printf_percent$$00000000  c_w.l(_printf_percent.o)
    0x080001a4   0x00000006   Code   RO          606    .ARM.Collect$$_printf_percent$$00000003  c_w.l(_printf_f.o)
    0x080001aa   0x00000006   Code   RO          605    .ARM.Collect$$_printf_percent$$00000009  c_w.l(_printf_d.o)
    0x080001b0   0x00000004   Code   RO          655    .ARM.Collect$$_printf_percent$$00000017  c_w.l(_printf_percent_end.o)
    0x080001b4   0x00000002   Code   RO          737    .ARM.Collect$$libinit$$00000000  c_w.l(libinit.o)
    0x080001b6   0x00000000   Code   RO          739    .ARM.Collect$$libinit$$00000002  c_w.l(libinit2.o)
    0x080001b6   0x00000000   Code   RO          742    .ARM.Collect$$libinit$$00000008  c_w.l(libinit2.o)
    0x080001b6   0x00000000   Code   RO          744    .ARM.Collect$$libinit$$0000000A  c_w.l(libinit2.o)
    0x080001b6   0x00000000   Code   RO          746    .ARM.Collect$$libinit$$0000000C  c_w.l(libinit2.o)
    0x080001b6   0x00000006   Code   RO          747    .ARM.Collect$$libinit$$0000000D  c_w.l(libinit2.o)
    0x080001bc   0x00000000   Code   RO          749    .ARM.Collect$$libinit$$0000000F  c_w.l(libinit2.o)
    0x080001bc   0x00000000   Code   RO          751    .ARM.Collect$$libinit$$00000011  c_w.l(libinit2.o)
    0x080001bc   0x00000000   Code   RO          753    .ARM.Collect$$libinit$$00000013  c_w.l(libinit2.o)
    0x080001bc   0x0000000a   Code   RO          754    .ARM.Collect$$libinit$$00000014  c_w.l(libinit2.o)
    0x080001c6   0x00000000   Code   RO          755    .ARM.Collect$$libinit$$00000015  c_w.l(libinit2.o)
    0x080001c6   0x00000000   Code   RO          757    .ARM.Collect$$libinit$$00000017  c_w.l(libinit2.o)
    0x080001c6   0x00000000   Code   RO          759    .ARM.Collect$$libinit$$00000019  c_w.l(libinit2.o)
    0x080001c6   0x00000000   Code   RO          761    .ARM.Collect$$libinit$$0000001B  c_w.l(libinit2.o)
    0x080001c6   0x00000000   Code   RO          763    .ARM.Collect$$libinit$$0000001D  c_w.l(libinit2.o)
    0x080001c6   0x00000000   Code   RO          765    .ARM.Collect$$libinit$$0000001F  c_w.l(libinit2.o)
    0x080001c6   0x00000000   Code   RO          767    .ARM.Collect$$libinit$$00000021  c_w.l(libinit2.o)
    0x080001c6   0x00000000   Code   RO          769    .ARM.Collect$$libinit$$00000023  c_w.l(libinit2.o)
    0x080001c6   0x00000000   Code   RO          773    .ARM.Collect$$libinit$$0000002A  c_w.l(libinit2.o)
    0x080001c6   0x00000000   Code   RO          775    .ARM.Collect$$libinit$$0000002C  c_w.l(libinit2.o)
    0x080001c6   0x00000000   Code   RO          777    .ARM.Collect$$libinit$$0000002E  c_w.l(libinit2.o)
    0x080001c6   0x00000000   Code   RO          779    .ARM.Collect$$libinit$$00000030  c_w.l(libinit2.o)
    0x080001c6   0x00000002   Code   RO          780    .ARM.Collect$$libinit$$00000031  c_w.l(libinit2.o)
    0x080001c8   0x00000002   Code   RO          808    .ARM.Collect$$libshutdown$$00000000  c_w.l(libshutdown.o)
    0x080001ca   0x00000000   Code   RO          818    .ARM.Collect$$libshutdown$$00000003  c_w.l(libshutdown2.o)
    0x080001ca   0x00000000   Code   RO          821    .ARM.Collect$$libshutdown$$00000006  c_w.l(libshutdown2.o)
    0x080001ca   0x00000000   Code   RO          824    .ARM.Collect$$libshutdown$$00000009  c_w.l(libshutdown2.o)
    0x080001ca   0x00000000   Code   RO          826    .ARM.Collect$$libshutdown$$0000000B  c_w.l(libshutdown2.o)
    0x080001ca   0x00000000   Code   RO          829    .ARM.Collect$$libshutdown$$0000000E  c_w.l(libshutdown2.o)
    0x080001ca   0x00000002   Code   RO          830    .ARM.Collect$$libshutdown$$0000000F  c_w.l(libshutdown2.o)
    0x080001cc   0x00000000   Code   RO          644    .ARM.Collect$$rtentry$$00000000  c_w.l(rtentry.o)
    0x080001cc   0x00000000   Code   RO          666    .ARM.Collect$$rtentry$$00000002  c_w.l(rtentry2.o)
    0x080001cc   0x00000006   Code   RO          678    .ARM.Collect$$rtentry$$00000004  c_w.l(rtentry4.o)
    0x080001d2   0x00000000   Code   RO          668    .ARM.Collect$$rtentry$$00000009  c_w.l(rtentry2.o)
    0x080001d2   0x00000004   Code   RO          669    .ARM.Collect$$rtentry$$0000000A  c_w.l(rtentry2.o)
    0x080001d6   0x00000000   Code   RO          671    .ARM.Collect$$rtentry$$0000000C  c_w.l(rtentry2.o)
    0x080001d6   0x00000008   Code   RO          672    .ARM.Collect$$rtentry$$0000000D  c_w.l(rtentry2.o)
    0x080001de   0x00000002   Code   RO          781    .ARM.Collect$$rtexit$$00000000  c_w.l(rtexit.o)
    0x080001e0   0x00000000   Code   RO          788    .ARM.Collect$$rtexit$$00000002  c_w.l(rtexit2.o)
    0x080001e0   0x00000004   Code   RO          789    .ARM.Collect$$rtexit$$00000003  c_w.l(rtexit2.o)
    0x080001e4   0x00000006   Code   RO          790    .ARM.Collect$$rtexit$$00000004  c_w.l(rtexit2.o)
    0x080001ea   0x00000002   PAD
    0x080001ec   0x00000040   Code   RO          277    .text               startup_stm32f10x_hd.o
    0x0800022c   0x00000002   Code   RO          569    .text               c_w.l(use_no_semi_2.o)
    0x0800022e   0x00000002   PAD
    0x08000230   0x00000018   Code   RO          575    .text               c_w.l(noretval__2printf.o)
    0x08000248   0x00000028   Code   RO          577    .text               c_w.l(noretval__2sprintf.o)
    0x08000270   0x0000004e   Code   RO          581    .text               c_w.l(_printf_pad.o)
    0x080002be   0x00000002   PAD
    0x080002c0   0x00000074   Code   RO          583    .text               c_w.l(_printf_dec.o)
    0x08000334   0x00000138   Code   RO          597    .text               c_w.l(__printf_flags_wp.o)
    0x0800046c   0x0000003e   Code   RO          608    .text               c_w.l(strlen.o)
    0x080004aa   0x00000044   Code   RO          610    .text               c_w.l(rt_memclr.o)
    0x080004ee   0x00000006   Code   RO          612    .text               c_w.l(heapauxi.o)
    0x080004f4   0x00000002   Code   RO          642    .text               c_w.l(use_no_semi.o)
    0x080004f6   0x000000b2   Code   RO          645    .text               c_w.l(_printf_intcommon.o)
    0x080005a8   0x00000416   Code   RO          647    .text               c_w.l(_printf_fp_dec.o)
    0x080009be   0x00000002   PAD
    0x080009c0   0x00000030   Code   RO          649    .text               c_w.l(_printf_char_common.o)
    0x080009f0   0x0000000a   Code   RO          651    .text               c_w.l(_sputc.o)
    0x080009fa   0x00000002   PAD
    0x080009fc   0x00000024   Code   RO          653    .text               c_w.l(_printf_char_file.o)
    0x08000a20   0x0000004e   Code   RO          656    .text               c_w.l(rt_memclr_w.o)
    0x08000a6e   0x00000002   PAD
    0x08000a70   0x00000008   Code   RO          683    .text               c_w.l(rt_locale_intlibspace.o)
    0x08000a78   0x0000008a   Code   RO          685    .text               c_w.l(lludiv10.o)
    0x08000b02   0x00000002   PAD
    0x08000b04   0x00000080   Code   RO          687    .text               c_w.l(_printf_fp_infnan.o)
    0x08000b84   0x000000d8   Code   RO          691    .text               c_w.l(bigflt0.o)
    0x08000c5c   0x00000008   Code   RO          723    .text               c_w.l(libspace.o)
    0x08000c64   0x0000004a   Code   RO          726    .text               c_w.l(sys_stackheap_outer.o)
    0x08000cae   0x0000000c   Code   RO          728    .text               c_w.l(exit.o)
    0x08000cba   0x00000002   PAD
    0x08000cbc   0x00000080   Code   RO          730    .text               c_w.l(strcmpv7m.o)
    0x08000d3c   0x0000003e   Code   RO          694    CL$$btod_d2e        c_w.l(btod.o)
    0x08000d7a   0x00000046   Code   RO          696    CL$$btod_d2e_denorm_low  c_w.l(btod.o)
    0x08000dc0   0x00000060   Code   RO          695    CL$$btod_d2e_norm_op1  c_w.l(btod.o)
    0x08000e20   0x00000338   Code   RO          704    CL$$btod_div_common  c_w.l(btod.o)
    0x08001158   0x000000c6   Code   RO          701    CL$$btod_e2e        c_w.l(btod.o)
    0x0800121e   0x00000028   Code   RO          698    CL$$btod_ediv       c_w.l(btod.o)
    0x08001246   0x00000028   Code   RO          697    CL$$btod_emul       c_w.l(btod.o)
    0x0800126e   0x00000244   Code   RO          703    CL$$btod_mult_common  c_w.l(btod.o)
    0x080014b2   0x0000000c   Code   RO          325    i.Buf2Uint16        volmeter.o
    0x080014be   0x00000018   Code   RO          326    i.Buf2Uint32        volmeter.o
    0x080014d6   0x00000002   PAD
    0x080014d8   0x00000038   Code   RO          327    i.CRC16_Modbus      volmeter.o
    0x08001510   0x0000010c   Code   RO          526    i.GU900_Send_DataList  gu900.o
    0x0800161c   0x0000048c   Code   RO          527    i.Get_Data01        gu900.o
    0x08001aa8   0x0000000e   Code   RO          528    i.Gu900_Init        gu900.o
    0x08001ab6   0x00000002   PAD
    0x08001ab8   0x00000198   Code   RO          329    i.MODH_Read_03H     volmeter.o
    0x08001c50   0x0000008c   Code   RO          332    i.MODH_Send03H      volmeter.o
    0x08001cdc   0x00000044   Code   RO          335    i.MODH_SendAckWithCRC  volmeter.o
    0x08001d20   0x00000014   Code   RO          101    i.NVIC_GroupType_Config  sys.o
    0x08001d34   0x000001b8   Code   RO          281    i.RS485_Init        rs485.o
    0x08001eec   0x0000002c   Code   RO          283    i.RS485_Send_Data   rs485.o
    0x08001f18   0x00000038   Code   RO          336    i.Read_Config       volmeter.o
    0x08001f50   0x00000038   Code   RO          337    i.Read_ElectricEnergy  volmeter.o
    0x08001f88   0x00000038   Code   RO          338    i.Read_Parameters   volmeter.o
    0x08001fc0   0x00000008   Code   RO          233    i.SetSysClock       system_stm32f10x.o
    0x08001fc8   0x000000e0   Code   RO          234    i.SetSysClockTo72   system_stm32f10x.o
    0x080020a8   0x00000060   Code   RO          236    i.SystemInit        system_stm32f10x.o
    0x08002108   0x0000004c   Code   RO          182    i.TIM6_IRQHandler   timer.o
    0x08002154   0x0000010c   Code   RO          183    i.TIM6_Init         timer.o
    0x08002260   0x00000038   Code   RO          434    i.TIM7_IRQHandler   modbus_timer.o
    0x08002298   0x000000fc   Code   RO          435    i.TIME7_Init        modbus_timer.o
    0x08002394   0x00000058   Code   RO          113    i.USART1_IRQHandler  usart.o
    0x080023ec   0x000001c4   Code   RO          114    i.USART1_Init       usart.o
    0x080025b0   0x00000054   Code   RO          284    i.USART2_IRQHandler  rs485.o
    0x08002604   0x00000108   Code   RO          476    i.USART3_Init       gu900_uart.o
    0x0800270c   0x0000001c   Code   RO          477    i.USART3_SendDat    gu900_uart.o
    0x08002728   0x00000028   Code   RO          721    i.__ARM_fpclassify  m_ws.l(fpclassify.o)
    0x08002750   0x0000000e   Code   RO          595    i._is_digit         c_w.l(__printf_wp.o)
    0x0800275e   0x00000006   Code   RO          118    i._sys_exit         usart.o
    0x08002764   0x00000040   Code   RO            1    i.delay_init        delay.o
    0x080027a4   0x00000038   Code   RO            2    i.delay_ms          delay.o
    0x080027dc   0x0000003c   Code   RO            3    i.delay_nms         delay.o
    0x08002818   0x00000008   Code   RO          119    i.ferror            usart.o
    0x08002820   0x0000001c   Code   RO          120    i.fputc             usart.o
    0x0800283c   0x0000000c   Code   RO          479    i.gu900_fputc       gu900_uart.o
    0x08002848   0x00000174   Code   RO          480    i.gu900_printf      gu900_uart.o
    0x080029bc   0x000000b4   Code   RO           52    i.main              main.o
    0x08002a70   0x00000018   Code   RO          184    i.time6_start       timer.o
    0x08002a88   0x0000000c   Code   RO          436    i.time7_reset       modbus_timer.o
    0x08002a94   0x0000001c   Code   RO          438    i.time7_start       modbus_timer.o
    0x08002ab0   0x00000014   Code   RO          439    i.time7_stop        modbus_timer.o
    0x08002ac4   0x0000002c   Code   RO          717    locale$$code        c_w.l(lc_numeric_c.o)
    0x08002af0   0x0000000c   Code   RO          658    x$fpl$dretinf       fz_ws.l(dretinf.o)
    0x08002afc   0x00000056   Code   RO          616    x$fpl$f2d           fz_ws.l(f2d.o)
    0x08002b52   0x00000002   PAD
    0x08002b54   0x000000c4   Code   RO          618    x$fpl$fadd          fz_ws.l(faddsub_clz.o)
    0x08002c18   0x00000184   Code   RO          625    x$fpl$fdiv          fz_ws.l(fdiv.o)
    0x08002d9c   0x0000003e   Code   RO          628    x$fpl$ffixu         fz_ws.l(ffixu.o)
    0x08002dda   0x00000002   PAD
    0x08002ddc   0x00000030   Code   RO          633    x$fpl$fflt          fz_ws.l(fflt_clz.o)
    0x08002e0c   0x00000026   Code   RO          632    x$fpl$ffltu         fz_ws.l(fflt_clz.o)
    0x08002e32   0x00000002   PAD
    0x08002e34   0x00000102   Code   RO          638    x$fpl$fmul          fz_ws.l(fmul.o)
    0x08002f36   0x0000008c   Code   RO          660    x$fpl$fnaninf       fz_ws.l(fnaninf.o)
    0x08002fc2   0x0000000a   Code   RO          662    x$fpl$fretinf       fz_ws.l(fretinf.o)
    0x08002fcc   0x00000014   Code   RO          619    x$fpl$frsb          fz_ws.l(faddsub_clz.o)
    0x08002fe0   0x000000ea   Code   RO          620    x$fpl$fsub          fz_ws.l(faddsub_clz.o)
    0x080030ca   0x00000004   Code   RO          640    x$fpl$printf1       fz_ws.l(printf1.o)
    0x080030ce   0x00000000   Code   RO          664    x$fpl$usenofp       fz_ws.l(usenofp.o)
    0x080030ce   0x0000022a   Data   RO          342    .constdata          volmeter.o
    0x080032f8   0x00000011   Data   RO          598    .constdata          c_w.l(__printf_flags_wp.o)
    0x08003309   0x00000003   PAD
    0x0800330c   0x00000094   Data   RO          692    .constdata          c_w.l(bigflt0.o)
    0x080033a0   0x000000cc   Data   RO          530    .conststring        gu900.o
    0x0800346c   0x00000020   Data   RO          855    Region$$Table       anon$$obj.o
    0x0800348c   0x0000001c   Data   RO          716    locale$$data        c_w.l(lc_numeric_c.o)


    Execution Region RW_IRAM1 (Base: 0x20000000, Size: 0x000007b0, Max: 0x0000c000, ABSOLUTE)

    Base Addr    Size         Type   Attr      Idx    E Section Name        Object

    0x20000000   0x00000004   Data   RW            5    .data               delay.o
    0x20000004   0x00000008   Data   RW          122    .data               usart.o
    0x2000000c   0x00000008   Data   RW          186    .data               timer.o
    0x20000014   0x00000003   Data   RW          287    .data               rs485.o
    0x20000017   0x00000005   Data   RW          343    .data               volmeter.o
    0x2000001c   0x00000032   Zero   RW          121    .bss                usart.o
    0x2000004e   0x00000080   Zero   RW          286    .bss                rs485.o
    0x200000ce   0x00000002   PAD
    0x200000d0   0x0000003c   Zero   RW          341    .bss                volmeter.o
    0x2000010c   0x00000040   Zero   RW          529    .bss                gu900.o
    0x2000014c   0x00000060   Zero   RW          724    .bss                c_w.l(libspace.o)
    0x200001ac   0x00000004   PAD
    0x200001b0   0x00000200   Zero   RW          275    HEAP                startup_stm32f10x_hd.o
    0x200003b0   0x00000400   Zero   RW          274    STACK               startup_stm32f10x_hd.o


==============================================================================

Image component sizes


      Code (inc. data)   RO Data    RW Data    ZI Data      Debug   Object Name

         0          0          0          0          0         32   core_cm3.o
       180         12          0          4          0     209232   delay.o
      1446         52        204          0         64       2370   gu900.o
       676         44          0          0          0       3268   gu900_uart.o
       180         54          0          0          0        527   main.o
       368         46          0          0          0       2952   modbus_timer.o
       568         46          0          3        128       3213   rs485.o
        64         26        304          0       1536        812   startup_stm32f10x_hd.o
        20         10          0          0          0        500   sys.o
       328         28          0          0          0       2005   system_stm32f10x.o
       368         36          0          8          0      17548   timer.o
       582         42          0          8         50      20176   usart.o
       876         84        554          5         60       6953   volmeter.o

    ----------------------------------------------------------------------
      5660        480       1094         28       1840     269588   Object Totals
         0          0         32          0          0          0   (incl. Generated)
         4          0          0          0          2          0   (incl. Padding)

    ----------------------------------------------------------------------

      Code (inc. data)   RO Data    RW Data    ZI Data      Debug   Library Member Name

         8          0          0          0          0         68   __main.o
       312          4         17          0          0         92   __printf_flags_wp.o
        14          0          0          0          0         68   __printf_wp.o
        52          8          0          0          0          0   __scatter.o
        26          0          0          0          0          0   __scatter_copy.o
        28          0          0          0          0          0   __scatter_zi.o
        48          6          0          0          0         96   _printf_char_common.o
        36          4          0          0          0         80   _printf_char_file.o
         6          0          0          0          0          0   _printf_d.o
       116         16          0          0          0         92   _printf_dec.o
         6          0          0          0          0          0   _printf_f.o
      1046          0          0          0          0        216   _printf_fp_dec.o
       128         16          0          0          0         84   _printf_fp_infnan.o
       178          0          0          0          0         88   _printf_intcommon.o
        78          0          0          0          0        108   _printf_pad.o
         0          0          0          0          0          0   _printf_percent.o
         4          0          0          0          0          0   _printf_percent_end.o
        10          0          0          0          0         68   _sputc.o
       216          4        148          0          0         96   bigflt0.o
      1910        128          0          0          0        672   btod.o
        12          0          0          0          0         72   exit.o
         6          0          0          0          0        152   heapauxi.o
        44         10         28          0          0         76   lc_numeric_c.o
         2          0          0          0          0          0   libinit.o
        18          0          0          0          0          0   libinit2.o
         2          0          0          0          0          0   libshutdown.o
         2          0          0          0          0          0   libshutdown2.o
         8          4          0          0         96         68   libspace.o
       138          0          0          0          0         80   lludiv10.o
        24          4          0          0          0         84   noretval__2printf.o
        40          6          0          0          0         84   noretval__2sprintf.o
         8          4          0          0          0         68   rt_locale_intlibspace.o
        68          0          0          0          0         68   rt_memclr.o
        78          0          0          0          0         80   rt_memclr_w.o
         0          0          0          0          0          0   rtentry.o
        12          0          0          0          0          0   rtentry2.o
         6          0          0          0          0          0   rtentry4.o
         2          0          0          0          0          0   rtexit.o
        10          0          0          0          0          0   rtexit2.o
       128          0          0          0          0         68   strcmpv7m.o
        62          0          0          0          0         76   strlen.o
        74          0          0          0          0         80   sys_stackheap_outer.o
         2          0          0          0          0         68   use_no_semi.o
         2          0          0          0          0         68   use_no_semi_2.o
        12          0          0          0          0         68   dretinf.o
        86          4          0          0          0         84   f2d.o
       450          8          0          0          0        236   faddsub_clz.o
       388         76          0          0          0         96   fdiv.o
        62          4          0          0          0         84   ffixu.o
        86          0          0          0          0        136   fflt_clz.o
       258          4          0          0          0         84   fmul.o
       140          4          0          0          0         84   fnaninf.o
        10          0          0          0          0         68   fretinf.o
         4          0          0          0          0         68   printf1.o
         0          0          0          0          0          0   usenofp.o
        40          0          0          0          0         68   fpclassify.o

    ----------------------------------------------------------------------
      6530        314        196          0        100       4096   Library Totals
        24          0          3          0          4          0   (incl. Padding)

    ----------------------------------------------------------------------

      Code (inc. data)   RO Data    RW Data    ZI Data      Debug   Library Name

      4970        214        193          0         96       3020   c_w.l
      1496        100          0          0          0       1008   fz_ws.l
        40          0          0          0          0         68   m_ws.l

    ----------------------------------------------------------------------
      6530        314        196          0        100       4096   Library Totals

    ----------------------------------------------------------------------

==============================================================================


      Code (inc. data)   RO Data    RW Data    ZI Data      Debug   

     12190        794       1290         28       1940     269364   Grand Totals
     12190        794       1290         28       1940     269364   ELF Image Totals
     12190        794       1290         28          0          0   ROM Totals

==============================================================================

    Total RO  Size (Code + RO Data)                13480 (  13.16kB)
    Total RW  Size (RW Data + ZI Data)              1968 (   1.92kB)
    Total ROM Size (Code + RO Data + RW Data)      13508 (  13.19kB)

==============================================================================

