<html>
<body>
<pre>
<h1>µVision Build Log</h1>
<h2>Tool Versions:</h2>
IDE-Version: ¦ÌVision V5.23.0.0
Copyright (C) 2017 ARM Ltd and ARM Germany GmbH. All rights reserved.
License Information: ruhaozhao ruhaozhao, ruhaozhao, LIC=LJWEV-PH5VU-59XGZ-J0CCH-EFB8E-87IHS
 
Tool Versions:
Toolchain:       MDK-ARM Professional  Version: 5.23
Toolchain Path:  E:\Keil_v5\ARM\ARMCC\Bin
C Compiler:      Armcc.exe V5.06 update 4 (build 422)
Assembler:       Armasm.exe V5.06 update 4 (build 422)
Linker/Locator:  ArmLink.exe V5.06 update 4 (build 422)
Library Manager: ArmAr.exe V5.06 update 4 (build 422)
Hex Converter:   FromElf.exe V5.06 update 4 (build 422)
CPU DLL:         SARMCM3.DLL V5.23
Dialog DLL:      DCM.DLL V1.15.0.0
Target DLL:      Segger\JL2CM3.dll V2.99.23.0
Dialog DLL:      TCM.DLL V1.27.0.0
 
<h2>Project:</h2>
D:\layout\Embedded-system\ÖÇ»Û¹¤µØ-Éý½µ»ú\MDK-ARM\YS-F4Pro.uvprojx
Project File Date:  11/14/2019

<h2>Output:</h2>
*** Using Compiler 'V5.06 update 4 (build 422)', folder: 'E:\Keil_v5\ARM\ARMCC\Bin'
Build target 'YS-F4Pro'
compiling stm32f4xx_it.c...
compiling stm32f4xx_assert.c...
compiling main.c...
compiling bsp_led.c...
compiling bsp_spiflash.c...
compiling bsp_spiweight.c...
compiling bsp_485_usart.c...
compiling bsp_usartx.c...
compiling bsp_usartx_HMI.c...
compiling bsp_gpio.c...
compiling bsp_adc.c...
linking...
Program Size: Code=23956 RO-data=1740 RW-data=172 ZI-data=6444  
"YS-F4Pro\YS-F4Pro.axf" - 0 Error(s), 0 Warning(s).

<h2>Collection of Component include folders:</h2>
  .\RTE\_YS-F4Pro
  E:\Keil_v5\ARM\PACK\Keil\STM32F4xx_DFP\2.13.0\Drivers\CMSIS\Device\ST\STM32F4xx\Include

<h2>Collection of Component Files used:</h2>
Build Time Elapsed:  00:00:22
</pre>
</body>
</html>
