Product: MDK-ARM Professional 5.10
Component: ARM Compiler 5.04 update 1 (build 49)
Tool: armlink [5040049]

==============================================================================

Section Cross References

    startup_stm32f10x_hd.o(RESET) refers to startup_stm32f10x_hd.o(STACK) for __initial_sp
    startup_stm32f10x_hd.o(RESET) refers to startup_stm32f10x_hd.o(.text) for Reset_Handler
    startup_stm32f10x_hd.o(RESET) refers to stm32f10x_it.o(i.NMI_Handler) for NMI_Handler
    startup_stm32f10x_hd.o(RESET) refers to stm32f10x_it.o(i.HardFault_Handler) for HardFault_Handler
    startup_stm32f10x_hd.o(RESET) refers to stm32f10x_it.o(i.MemManage_Handler) for MemManage_Handler
    startup_stm32f10x_hd.o(RESET) refers to stm32f10x_it.o(i.BusFault_Handler) for BusFault_Handler
    startup_stm32f10x_hd.o(RESET) refers to stm32f10x_it.o(i.UsageFault_Handler) for UsageFault_Handler
    startup_stm32f10x_hd.o(RESET) refers to stm32f10x_it.o(i.SVC_Handler) for SVC_Handler
    startup_stm32f10x_hd.o(RESET) refers to stm32f10x_it.o(i.DebugMon_Handler) for DebugMon_Handler
    startup_stm32f10x_hd.o(RESET) refers to stm32f10x_it.o(i.PendSV_Handler) for PendSV_Handler
    startup_stm32f10x_hd.o(RESET) refers to stm32f10x_it.o(i.SysTick_Handler) for SysTick_Handler
    startup_stm32f10x_hd.o(RESET) refers to timer.o(i.TIM3_IRQHandler) for TIM3_IRQHandler
    startup_stm32f10x_hd.o(RESET) refers to sim7020_usart.o(i.USART1_IRQHandler) for USART1_IRQHandler
    startup_stm32f10x_hd.o(RESET) refers to rs485.o(i.USART3_IRQHandler) for USART3_IRQHandler
    startup_stm32f10x_hd.o(RESET) refers to rs485.o(i.TIM6_IRQHandler) for TIM6_IRQHandler
    startup_stm32f10x_hd.o(RESET) refers to sim7020_timer.o(i.TIM7_IRQHandler) for TIM7_IRQHandler
    startup_stm32f10x_hd.o(.text) refers to system_stm32f10x.o(i.SystemInit) for SystemInit
    startup_stm32f10x_hd.o(.text) refers to entry.o(.ARM.Collect$$$$00000000) for __main
    system_stm32f10x.o(i.SetSysClock) refers to system_stm32f10x.o(i.SetSysClockTo72) for SetSysClockTo72
    system_stm32f10x.o(i.SystemCoreClockUpdate) refers to system_stm32f10x.o(.data) for SystemCoreClock
    system_stm32f10x.o(i.SystemInit) refers to system_stm32f10x.o(i.SetSysClock) for SetSysClock
    stm32f10x_gpio.o(i.GPIO_AFIODeInit) refers to stm32f10x_rcc.o(i.RCC_APB2PeriphResetCmd) for RCC_APB2PeriphResetCmd
    stm32f10x_gpio.o(i.GPIO_DeInit) refers to stm32f10x_rcc.o(i.RCC_APB2PeriphResetCmd) for RCC_APB2PeriphResetCmd
    stm32f10x_i2c.o(i.I2C_DeInit) refers to stm32f10x_rcc.o(i.RCC_APB1PeriphResetCmd) for RCC_APB1PeriphResetCmd
    stm32f10x_i2c.o(i.I2C_Init) refers to stm32f10x_rcc.o(i.RCC_GetClocksFreq) for RCC_GetClocksFreq
    stm32f10x_rcc.o(i.RCC_GetClocksFreq) refers to stm32f10x_rcc.o(.data) for APBAHBPrescTable
    stm32f10x_rcc.o(i.RCC_WaitForHSEStartUp) refers to stm32f10x_rcc.o(i.RCC_GetFlagStatus) for RCC_GetFlagStatus
    stm32f10x_spi.o(i.I2S_Init) refers to stm32f10x_rcc.o(i.RCC_GetClocksFreq) for RCC_GetClocksFreq
    stm32f10x_spi.o(i.SPI_I2S_DeInit) refers to stm32f10x_rcc.o(i.RCC_APB2PeriphResetCmd) for RCC_APB2PeriphResetCmd
    stm32f10x_spi.o(i.SPI_I2S_DeInit) refers to stm32f10x_rcc.o(i.RCC_APB1PeriphResetCmd) for RCC_APB1PeriphResetCmd
    stm32f10x_tim.o(i.TIM_DeInit) refers to stm32f10x_rcc.o(i.RCC_APB2PeriphResetCmd) for RCC_APB2PeriphResetCmd
    stm32f10x_tim.o(i.TIM_DeInit) refers to stm32f10x_rcc.o(i.RCC_APB1PeriphResetCmd) for RCC_APB1PeriphResetCmd
    stm32f10x_tim.o(i.TIM_ETRClockMode1Config) refers to stm32f10x_tim.o(i.TIM_ETRConfig) for TIM_ETRConfig
    stm32f10x_tim.o(i.TIM_ETRClockMode2Config) refers to stm32f10x_tim.o(i.TIM_ETRConfig) for TIM_ETRConfig
    stm32f10x_tim.o(i.TIM_ICInit) refers to stm32f10x_tim.o(i.TI1_Config) for TI1_Config
    stm32f10x_tim.o(i.TIM_ICInit) refers to stm32f10x_tim.o(i.TIM_SetIC1Prescaler) for TIM_SetIC1Prescaler
    stm32f10x_tim.o(i.TIM_ICInit) refers to stm32f10x_tim.o(i.TI2_Config) for TI2_Config
    stm32f10x_tim.o(i.TIM_ICInit) refers to stm32f10x_tim.o(i.TIM_SetIC2Prescaler) for TIM_SetIC2Prescaler
    stm32f10x_tim.o(i.TIM_ICInit) refers to stm32f10x_tim.o(i.TI3_Config) for TI3_Config
    stm32f10x_tim.o(i.TIM_ICInit) refers to stm32f10x_tim.o(i.TIM_SetIC3Prescaler) for TIM_SetIC3Prescaler
    stm32f10x_tim.o(i.TIM_ICInit) refers to stm32f10x_tim.o(i.TI4_Config) for TI4_Config
    stm32f10x_tim.o(i.TIM_ICInit) refers to stm32f10x_tim.o(i.TIM_SetIC4Prescaler) for TIM_SetIC4Prescaler
    stm32f10x_tim.o(i.TIM_ITRxExternalClockConfig) refers to stm32f10x_tim.o(i.TIM_SelectInputTrigger) for TIM_SelectInputTrigger
    stm32f10x_tim.o(i.TIM_PWMIConfig) refers to stm32f10x_tim.o(i.TI1_Config) for TI1_Config
    stm32f10x_tim.o(i.TIM_PWMIConfig) refers to stm32f10x_tim.o(i.TIM_SetIC1Prescaler) for TIM_SetIC1Prescaler
    stm32f10x_tim.o(i.TIM_PWMIConfig) refers to stm32f10x_tim.o(i.TI2_Config) for TI2_Config
[...]
    Removing stm32f10x_usart.o(i.USART_GetITStatus), (84 bytes).
    Removing stm32f10x_usart.o(i.USART_HalfDuplexCmd), (24 bytes).
    Removing stm32f10x_usart.o(i.USART_IrDACmd), (24 bytes).
    Removing stm32f10x_usart.o(i.USART_IrDAConfig), (18 bytes).
    Removing stm32f10x_usart.o(i.USART_LINBreakDetectLengthConfig), (18 bytes).
    Removing stm32f10x_usart.o(i.USART_LINCmd), (24 bytes).
    Removing stm32f10x_usart.o(i.USART_OneBitMethodCmd), (24 bytes).
    Removing stm32f10x_usart.o(i.USART_OverSampling8Cmd), (22 bytes).
    Removing stm32f10x_usart.o(i.USART_ReceiveData), (10 bytes).
    Removing stm32f10x_usart.o(i.USART_ReceiverWakeUpCmd), (24 bytes).
    Removing stm32f10x_usart.o(i.USART_SendBreak), (10 bytes).
    Removing stm32f10x_usart.o(i.USART_SendData), (8 bytes).
    Removing stm32f10x_usart.o(i.USART_SetAddress), (18 bytes).
    Removing stm32f10x_usart.o(i.USART_SetGuardTime), (16 bytes).
    Removing stm32f10x_usart.o(i.USART_SetPrescaler), (16 bytes).
    Removing stm32f10x_usart.o(i.USART_SmartCardCmd), (24 bytes).
    Removing stm32f10x_usart.o(i.USART_SmartCardNACKCmd), (24 bytes).
    Removing stm32f10x_usart.o(i.USART_StructInit), (24 bytes).
    Removing stm32f10x_usart.o(i.USART_WakeUpConfig), (18 bytes).
    Removing sys.o(.emb_text), (6 bytes).
    Removing sys.o(i.INTX_DISABLE), (4 bytes).
    Removing sys.o(i.INTX_ENABLE), (4 bytes).
    Removing sys.o(i.WFI_SET), (4 bytes).
    Removing uart.o(i._sys_exit), (4 bytes).
    Removing uart.o(.bss), (200 bytes).
    Removing rs485.o(i.RS485_Init), (312 bytes).
    Removing rs485.o(i.USART3_SendByte), (28 bytes).
    Removing rs485.o(i.time6_set_timeout), (20 bytes).
    Removing sim7020_usart.o(i.USART1_SendString), (22 bytes).
    Removing sim7020.o(i.SIM7020_Sed_CMQUNSUB), (48 bytes).
    Removing sim7020.o(i.SIM7020_Snd_APN), (24 bytes).
    Removing sim7020.o(i.SIM7020_Snd_CCLK), (68 bytes).
    Removing sim7020.o(i.SIM7020_Snd_CFUN), (92 bytes).
    Removing sim7020.o(i.itoc), (40 bytes).
    Removing sim7020.o(i.itoi), (104 bytes).
    Removing sim7020_timer.o(i.time7_set_timeout), (20 bytes).
    Removing dhcp.o(i.DHCP_init), (176 bytes).
    Removing dhcp.o(i.DHCP_run), (472 bytes).
    Removing dhcp.o(i.DHCP_stop), (28 bytes).
    Removing dhcp.o(i.DHCP_time_handler), (16 bytes).
    Removing dhcp.o(i.check_DHCP_leasedIP), (120 bytes).
    Removing dhcp.o(i.check_DHCP_timeout), (172 bytes).
    Removing dhcp.o(i.default_ip_assign), (52 bytes).
    Removing dhcp.o(i.default_ip_conflict), (36 bytes).
    Removing dhcp.o(i.default_ip_update), (40 bytes).
    Removing dhcp.o(i.getDHCPLeasetime), (12 bytes).
    Removing dhcp.o(i.getDNSfromDHCP), (32 bytes).
    Removing dhcp.o(i.getGWfromDHCP), (32 bytes).
    Removing dhcp.o(i.getIPfromDHCP), (32 bytes).
    Removing dhcp.o(i.getSNfromDHCP), (32 bytes).
    Removing dhcp.o(i.makeDHCPMSG), (400 bytes).
    Removing dhcp.o(i.parseDHCPMSG), (488 bytes).
    Removing dhcp.o(i.reg_dhcp_cbfunc), (64 bytes).
    Removing dhcp.o(i.reset_DHCP_timeout), (32 bytes).
    Removing dhcp.o(i.send_DHCP_DECLINE), (512 bytes).
    Removing dhcp.o(i.send_DHCP_DISCOVER), (548 bytes).
    Removing dhcp.o(i.send_DHCP_REQUEST), (916 bytes).
    Removing dhcp.o(.data), (76 bytes).
    Removing socket.o(i.connect), (324 bytes).
    Removing socket.o(i.ctlsocket), (300 bytes).
    Removing socket.o(i.disconnect), (188 bytes).
    Removing socket.o(i.getsockopt), (416 bytes).
    Removing socket.o(i.listen), (176 bytes).
    Removing socket.o(i.recv), (288 bytes).
    Removing socket.o(i.send), (384 bytes).
    Removing socket.o(i.setsockopt), (398 bytes).
    Removing wizchip_conf.o(i.ctlnetwork), (80 bytes).
    Removing wizchip_conf.o(i.ctlwizchip), (280 bytes).
    Removing wizchip_conf.o(i.reg_wizchip_bus_cbfunc), (52 bytes).
    Removing wizchip_conf.o(i.wizchip_clrinterrupt), (32 bytes).
    Removing wizchip_conf.o(i.wizchip_getinterrupt), (42 bytes).
    Removing wizchip_conf.o(i.wizchip_getinterruptmask), (40 bytes).
    Removing wizchip_conf.o(i.wizchip_getnetinfo), (92 bytes).
    Removing wizchip_conf.o(i.wizchip_getnetmode), (10 bytes).
    Removing wizchip_conf.o(i.wizchip_gettimeout), (40 bytes).
    Removing wizchip_conf.o(i.wizchip_setinterruptmask), (30 bytes).
    Removing wizchip_conf.o(i.wizchip_setnetmode), (38 bytes).
    Removing wizchip_conf.o(i.wizphy_getphyconf), (120 bytes).
    Removing wizchip_conf.o(i.wizphy_getphypmode), (28 bytes).
    Removing wizchip_conf.o(i.wizphy_getphystat), (28 bytes).
    Removing wizchip_conf.o(i.wizphy_reset), (52 bytes).
    Removing wizchip_conf.o(i.wizphy_setphyconf), (88 bytes).
    Removing wizchip_conf.o(i.wizphy_setphypmode), (100 bytes).
    Removing fadd.o(.text), (176 bytes).
    Removing fmul.o(.text), (100 bytes).
    Removing fdiv.o(.text), (124 bytes).
    Removing ffltui.o(.text), (10 bytes).
    Removing ffixui.o(.text), (40 bytes).
    Removing fepilogue.o(.text), (110 bytes).

296 unused section(s) (total 18124 bytes) removed from the image.

==============================================================================

Image Symbol Table

    Local Symbols

    Symbol Name                              Value     Ov Type        Size  Object(Section)

    ../clib/microlib/division.c              0x00000000   Number         0  uidiv.o ABSOLUTE
    ../clib/microlib/division.c              0x00000000   Number         0  uldiv.o ABSOLUTE
    ../clib/microlib/init/entry.s            0x00000000   Number         0  entry10a.o ABSOLUTE
    ../clib/microlib/init/entry.s            0x00000000   Number         0  entry11a.o ABSOLUTE
    ../clib/microlib/init/entry.s            0x00000000   Number         0  entry.o ABSOLUTE
    ../clib/microlib/init/entry.s            0x00000000   Number         0  entry11b.o ABSOLUTE
    ../clib/microlib/init/entry.s            0x00000000   Number         0  entry10b.o ABSOLUTE
    ../clib/microlib/init/entry.s            0x00000000   Number         0  entry8b.o ABSOLUTE
    ../clib/microlib/init/entry.s            0x00000000   Number         0  entry9a.o ABSOLUTE
    ../clib/microlib/init/entry.s            0x00000000   Number         0  entry2.o ABSOLUTE
    ../clib/microlib/init/entry.s            0x00000000   Number         0  entry5.o ABSOLUTE
    ../clib/microlib/init/entry.s            0x00000000   Number         0  entry7a.o ABSOLUTE
    ../clib/microlib/init/entry.s            0x00000000   Number         0  entry9b.o ABSOLUTE
    ../clib/microlib/init/entry.s            0x00000000   Number         0  entry7b.o ABSOLUTE
    ../clib/microlib/init/entry.s            0x00000000   Number         0  entry8a.o ABSOLUTE
    ../clib/microlib/longlong.c              0x00000000   Number         0  llsshr.o ABSOLUTE
    ../clib/microlib/longlong.c              0x00000000   Number         0  llushr.o ABSOLUTE
    ../clib/microlib/longlong.c              0x00000000   Number         0  llshl.o ABSOLUTE
    ../clib/microlib/printf/printf.c         0x00000000   Number         0  printf7.o ABSOLUTE
    ../clib/microlib/printf/printf.c         0x00000000   Number         0  printf6.o ABSOLUTE
    ../clib/microlib/printf/printf.c         0x00000000   Number         0  printf5.o ABSOLUTE
    ../clib/microlib/printf/printf.c         0x00000000   Number         0  printf8.o ABSOLUTE
    ../clib/microlib/printf/printf.c         0x00000000   Number         0  printfa.o ABSOLUTE
    ../clib/microlib/printf/printf.c         0x00000000   Number         0  printf1.o ABSOLUTE
    ../clib/microlib/printf/printf.c         0x00000000   Number         0  printf3.o ABSOLUTE
    ../clib/microlib/printf/printf.c         0x00000000   Number         0  printf0.o ABSOLUTE
    ../clib/microlib/printf/printf.c         0x00000000   Number         0  printf2.o ABSOLUTE
    ../clib/microlib/printf/printf.c         0x00000000   Number         0  printf4.o ABSOLUTE
    ../clib/microlib/printf/printf.c         0x00000000   Number         0  printfb.o ABSOLUTE
    ../clib/microlib/printf/stubs.s          0x00000000   Number         0  stubs.o ABSOLUTE
    ../clib/microlib/string/memcpy.c         0x00000000   Number         0  memcpya.o ABSOLUTE
    ../clib/microlib/string/memcpy.c         0x00000000   Number         0  memcpyb.o ABSOLUTE
    ../clib/microlib/string/memset.c         0x00000000   Number         0  memseta.o ABSOLUTE
    ../clib/microlib/string/strlen.c         0x00000000   Number         0  strlen.o ABSOLUTE
    ../clib/microlib/string/strstr.c         0x00000000   Number         0  strstr.o ABSOLUTE
    ../clib/microlib/stubs.s                 0x00000000   Number         0  iusefp.o ABSOLUTE
    ../clib/microlib/stubs.s                 0x00000000   Number         0  useno.o ABSOLUTE
    ../fplib/microlib/fpadd.c                0x00000000   Number         0  dadd.o ABSOLUTE
    ../fplib/microlib/fpadd.c                0x00000000   Number         0  fadd.o ABSOLUTE
    ../fplib/microlib/fpdiv.c                0x00000000   Number         0  ddiv.o ABSOLUTE
    ../fplib/microlib/fpdiv.c                0x00000000   Number         0  fdiv.o ABSOLUTE
    ../fplib/microlib/fpepilogue.c           0x00000000   Number         0  depilogue.o ABSOLUTE
    ../fplib/microlib/fpepilogue.c           0x00000000   Number         0  fepilogue.o ABSOLUTE
    ../fplib/microlib/fpfix.c                0x00000000   Number         0  dfixul.o ABSOLUTE
    ../fplib/microlib/fpfix.c                0x00000000   Number         0  ffixui.o ABSOLUTE
    ../fplib/microlib/fpflt.c                0x00000000   Number         0  ffltui.o ABSOLUTE
    ../fplib/microlib/fpmul.c                0x00000000   Number         0  fmul.o ABSOLUTE
    ../fplib/microlib/fpmul.c                0x00000000   Number         0  dmul.o ABSOLUTE
    ..\Ethernet\source\dhcp.c                0x00000000   Number         0  dhcp.o ABSOLUTE
    ..\Ethernet\source\mw5500.c              0x00000000   Number         0  mw5500.o ABSOLUTE
    ..\Ethernet\source\ping.c                0x00000000   Number         0  ping.o ABSOLUTE
    ..\Ethernet\source\socket.c              0x00000000   Number         0  socket.o ABSOLUTE
    ..\Ethernet\source\w5500.c               0x00000000   Number         0  w5500.o ABSOLUTE
    ..\Ethernet\source\wizchip_conf.c        0x00000000   Number         0  wizchip_conf.o ABSOLUTE
    ..\Libraries\CMSIS\core_cm3.c            0x00000000   Number         0  core_cm3.o ABSOLUTE
    ..\Libraries\CMSIS\startup\startup_stm32f10x_hd.s 0x00000000   Number         0  startup_stm32f10x_hd.o ABSOLUTE
    ..\Libraries\CMSIS\system_stm32f10x.c    0x00000000   Number         0  system_stm32f10x.o ABSOLUTE
    ..\Libraries\STM32F10x_StdPeriph_Driver\src\misc.c 0x00000000   Number         0  misc.o ABSOLUTE
    ..\Libraries\STM32F10x_StdPeriph_Driver\src\stm32f10x_exti.c 0x00000000   Number         0  stm32f10x_exti.o ABSOLUTE
    ..\Libraries\STM32F10x_StdPeriph_Driver\src\stm32f10x_gpio.c 0x00000000   Number         0  stm32f10x_gpio.o ABSOLUTE
    ..\Libraries\STM32F10x_StdPeriph_Driver\src\stm32f10x_i2c.c 0x00000000   Number         0  stm32f10x_i2c.o ABSOLUTE
    ..\Libraries\STM32F10x_StdPeriph_Driver\src\stm32f10x_rcc.c 0x00000000   Number         0  stm32f10x_rcc.o ABSOLUTE
    ..\Libraries\STM32F10x_StdPeriph_Driver\src\stm32f10x_spi.c 0x00000000   Number         0  stm32f10x_spi.o ABSOLUTE
    ..\Libraries\STM32F10x_StdPeriph_Driver\src\stm32f10x_tim.c 0x00000000   Number         0  stm32f10x_tim.o ABSOLUTE
    ..\Libraries\STM32F10x_StdPeriph_Driver\src\stm32f10x_usart.c 0x00000000   Number         0  stm32f10x_usart.o ABSOLUTE
    ..\Modbus\src\break.c                    0x00000000   Number         0  break.o ABSOLUTE
    ..\Modbus\src\rs485.c                    0x00000000   Number         0  rs485.o ABSOLUTE
    ..\SIM7020\src\sim7020.c                 0x00000000   Number         0  sim7020.o ABSOLUTE
    ..\SIM7020\src\sim7020_timer.c           0x00000000   Number         0  sim7020_timer.o ABSOLUTE
    ..\SIM7020\src\sim7020_usart.c           0x00000000   Number         0  sim7020_usart.o ABSOLUTE
    ..\User\src\delay.c                      0x00000000   Number         0  delay.o ABSOLUTE
    ..\User\src\io_check.c                   0x00000000   Number         0  io_check.o ABSOLUTE
    ..\User\src\main.c                       0x00000000   Number         0  main.o ABSOLUTE
    ..\User\src\stm32f10x_it.c               0x00000000   Number         0  stm32f10x_it.o ABSOLUTE
    ..\User\src\sys.c                        0x00000000   Number         0  sys.o ABSOLUTE
    ..\User\src\timer.c                      0x00000000   Number         0  timer.o ABSOLUTE
    ..\User\src\uart.c                       0x00000000   Number         0  uart.o ABSOLUTE
    ..\\Libraries\\CMSIS\\core_cm3.c         0x00000000   Number         0  core_cm3.o ABSOLUTE
    ..\\User\\src\\sys.c                     0x00000000   Number         0  sys.o ABSOLUTE
    cdrcmple.s                               0x00000000   Number         0  cdrcmple.o ABSOLUTE
    dc.s                                     0x00000000   Number         0  dc.o ABSOLUTE
    handlers.s                               0x00000000   Number         0  handlers.o ABSOLUTE
    init.s                                   0x00000000   Number         0  init.o ABSOLUTE
    RESET                                    0x08000000   Section      304  startup_stm32f10x_hd.o(RESET)
    .ARM.Collect$$$$00000000                 0x08000130   Section        0  entry.o(.ARM.Collect$$$$00000000)
    .ARM.Collect$$$$00000001                 0x08000130   Section        4  entry2.o(.ARM.Collect$$$$00000001)
    .ARM.Collect$$$$00000004                 0x08000134   Section        4  entry5.o(.ARM.Collect$$$$00000004)
    .ARM.Collect$$$$00000008                 0x08000138   Section        0  entry7b.o(.ARM.Collect$$$$00000008)
    .ARM.Collect$$$$0000000A                 0x08000138   Section        0  entry8b.o(.ARM.Collect$$$$0000000A)
    .ARM.Collect$$$$0000000B                 0x08000138   Section        8  entry9a.o(.ARM.Collect$$$$0000000B)
    .ARM.Collect$$$$0000000D                 0x08000140   Section        0  entry10a.o(.ARM.Collect$$$$0000000D)
    .ARM.Collect$$$$0000000F                 0x08000140   Section        0  entry11a.o(.ARM.Collect$$$$0000000F)
    .ARM.Collect$$$$00002712                 0x08000140   Section        4  entry2.o(.ARM.Collect$$$$00002712)
    __lit__00000000                          0x08000140   Data           4  entry2.o(.ARM.Collect$$$$00002712)
    .text                                    0x08000144   Section       36  startup_stm32f10x_hd.o(.text)
    .text                                    0x08000168   Section        0  memcpya.o(.text)
    .text                                    0x0800018c   Section        0  memseta.o(.text)
    .text                                    0x080001b0   Section        0  strstr.o(.text)
    .text                                    0x080001d4   Section        0  strlen.o(.text)
    .text                                    0x080001e2   Section        0  uidiv.o(.text)
    .text                                    0x0800020e   Section        0  uldiv.o(.text)
    .text                                    0x08000270   Section        0  iusefp.o(.text)
    .text                                    0x08000270   Section        0  dadd.o(.text)
    .text                                    0x080003be   Section        0  dmul.o(.text)
    .text                                    0x080004a2   Section        0  ddiv.o(.text)
    .text                                    0x08000580   Section        0  dfixul.o(.text)
    .text                                    0x080005b0   Section       40  cdrcmple.o(.text)
    .text                                    0x080005d8   Section       36  init.o(.text)
    .text                                    0x080005fc   Section        0  llshl.o(.text)
    .text                                    0x0800061a   Section        0  llushr.o(.text)
    .text                                    0x0800063a   Section        0  llsshr.o(.text)
    .text                                    0x0800065e   Section        0  depilogue.o(.text)
    i.BusFault_Handler                       0x08000714   Section        0  stm32f10x_it.o(i.BusFault_Handler)
    i.CLR_485_Buf                            0x08000718   Section        0  break.o(i.CLR_485_Buf)
    i.CRC16_Modbus                           0x0800073c   Section        0  break.o(i.CRC16_Modbus)
    i.CheckSum                               0x08000774   Section        0  ping.o(i.CheckSum)
    CheckSum                                 0x08000775   Thumb Code    96  ping.o(i.CheckSum)
    i.Control_init                           0x080007d4   Section        0  break.o(i.Control_init)
    i.DebugMon_Handler                       0x080007ea   Section        0  stm32f10x_it.o(i.DebugMon_Handler)
    i.GPIO_Init                              0x080007ec   Section        0  stm32f10x_gpio.o(i.GPIO_Init)
    i.GPIO_ReadInputDataBit                  0x08000902   Section        0  stm32f10x_gpio.o(i.GPIO_ReadInputDataBit)
    i.GPIO_ResetBits                         0x08000914   Section        0  stm32f10x_gpio.o(i.GPIO_ResetBits)
    i.GPIO_SetBits                           0x08000918   Section        0  stm32f10x_gpio.o(i.GPIO_SetBits)
    i.GSM_Init                               0x0800091c   Section        0  sim7020.o(i.GSM_Init)
    i.HardFault_Handler                      0x0800092c   Section        0  stm32f10x_it.o(i.HardFault_Handler)
    i.IO_check_init                          0x08000930   Section        0  io_check.o(i.IO_check_init)
    i.MODH_Send03H                           0x08000954   Section        0  break.o(i.MODH_Send03H)
    i.MODH_SendAckWithCRC                    0x080009d0   Section        0  break.o(i.MODH_SendAckWithCRC)
    MODH_SendAckWithCRC                      0x080009d1   Thumb Code    58  break.o(i.MODH_SendAckWithCRC)
    i.MemManage_Handler                      0x08000a14   Section        0  stm32f10x_it.o(i.MemManage_Handler)
    i.NMI_Handler                            0x08000a18   Section        0  stm32f10x_it.o(i.NMI_Handler)
    i.NVIC_Configuration                     0x08000a1a   Section        0  sys.o(i.NVIC_Configuration)
    i.NVIC_EnableIRQ                         0x08000a26   Section        0  rs485.o(i.NVIC_EnableIRQ)
    NVIC_EnableIRQ                           0x08000a27   Thumb Code    22  rs485.o(i.NVIC_EnableIRQ)
    i.NVIC_EncodePriority                    0x08000a3c   Section        0  rs485.o(i.NVIC_EncodePriority)
    NVIC_EncodePriority                      0x08000a3d   Thumb Code    64  rs485.o(i.NVIC_EncodePriority)
    i.NVIC_Init                              0x08000a7c   Section        0  misc.o(i.NVIC_Init)
    i.NVIC_PriorityGroupConfig               0x08000aec   Section        0  misc.o(i.NVIC_PriorityGroupConfig)
    i.NVIC_SetPriority                       0x08000b00   Section        0  rs485.o(i.NVIC_SetPriority)
    NVIC_SetPriority                         0x08000b01   Thumb Code    32  rs485.o(i.NVIC_SetPriority)
    i.PendSV_Handler                         0x08000b28   Section        0  stm32f10x_it.o(i.PendSV_Handler)
    i.Ping                                   0x08000b2a   Section        0  ping.o(i.Ping)
    i.Ping_Multiple                          0x08000c2e   Section        0  ping.o(i.Ping_Multiple)
    i.Ping_NetCheck                          0x08000db4   Section        0  ping.o(i.Ping_NetCheck)
    i.Ping_RecvReply                         0x08000e1c   Section        0  ping.o(i.Ping_RecvReply)
    Ping_RecvReply                           0x08000e1d   Thumb Code    60  ping.o(i.Ping_RecvReply)
    i.Ping_SendRequest                       0x08000e58   Section        0  ping.o(i.Ping_SendRequest)
    Ping_SendRequest                         0x08000e59   Thumb Code   164  ping.o(i.Ping_SendRequest)
    i.RCC_APB1PeriphClockCmd                 0x08000f04   Section        0  stm32f10x_rcc.o(i.RCC_APB1PeriphClockCmd)
    i.RCC_APB2PeriphClockCmd                 0x08000f24   Section        0  stm32f10x_rcc.o(i.RCC_APB2PeriphClockCmd)
    i.RCC_GetClocksFreq                      0x08000f44   Section        0  stm32f10x_rcc.o(i.RCC_GetClocksFreq)
    i.RS485_Send_Data                        0x08001018   Section        0  rs485.o(i.RS485_Send_Data)
    i.Restart_break                          0x08001044   Section        0  break.o(i.Restart_break)
    i.SIM7020_New_Mqtt                       0x080010ec   Section        0  sim7020.o(i.SIM7020_New_Mqtt)
    i.SIM7020_Sed_CMQCON                     0x08001108   Section        0  sim7020.o(i.SIM7020_Sed_CMQCON)
    i.SIM7020_Sed_CMQDISCON                  0x08001160   Section        0  sim7020.o(i.SIM7020_Sed_CMQDISCON)
    i.SIM7020_Sed_CMQPUB                     0x08001188   Section        0  sim7020.o(i.SIM7020_Sed_CMQPUB)
    i.SIM7020_Sed_CMQSUB                     0x08001288   Section        0  sim7020.o(i.SIM7020_Sed_CMQSUB)
    i.SIM7020_Snd_AT                         0x080012b8   Section        0  sim7020.o(i.SIM7020_Snd_AT)
    i.SIM7020_Snd_CGACT                      0x080012f8   Section        0  sim7020.o(i.SIM7020_Snd_CGACT)
    i.SIM7020_Snd_CGREG                      0x08001344   Section        0  sim7020.o(i.SIM7020_Snd_CGREG)
    i.SIM7020_Snd_CPIN                       0x08001390   Section        0  sim7020.o(i.SIM7020_Snd_CPIN)
    i.SIM7020_Snd_CSQ                        0x080013e0   Section        0  sim7020.o(i.SIM7020_Snd_CSQ)
    i.SIM7020_Snd_GSN                        0x0800142c   Section        0  sim7020.o(i.SIM7020_Snd_GSN)
    i.SPI1_CS_Deselect                       0x08001470   Section        0  mw5500.o(i.SPI1_CS_Deselect)
    i.SPI1_CS_Select                         0x08001480   Section        0  mw5500.o(i.SPI1_CS_Select)
    i.SPI1_CrisEnter                         0x08001490   Section        0  mw5500.o(i.SPI1_CrisEnter)
    i.SPI1_CrisExit                          0x0800149a   Section        0  mw5500.o(i.SPI1_CrisExit)
    i.SPI1_Init                              0x080014a4   Section        0  mw5500.o(i.SPI1_Init)
    i.SPI1_ReadByte                          0x0800158c   Section        0  mw5500.o(i.SPI1_ReadByte)
    i.SPI1_WriteByte                         0x080015bc   Section        0  mw5500.o(i.SPI1_WriteByte)
    i.SPI_Cmd                                0x080015e8   Section        0  stm32f10x_spi.o(i.SPI_Cmd)
    i.SPI_Init                               0x08001600   Section        0  stm32f10x_spi.o(i.SPI_Init)
    i.SPI_SSOutputCmd                        0x0800163c   Section        0  stm32f10x_spi.o(i.SPI_SSOutputCmd)
    i.SVC_Handler                            0x08001654   Section        0  stm32f10x_it.o(i.SVC_Handler)
    i.SetSysClock                            0x08001656   Section        0  system_stm32f10x.o(i.SetSysClock)
    SetSysClock                              0x08001657   Thumb Code     8  system_stm32f10x.o(i.SetSysClock)
    i.SetSysClockTo72                        0x08001660   Section        0  system_stm32f10x.o(i.SetSysClockTo72)
    SetSysClockTo72                          0x08001661   Thumb Code   214  system_stm32f10x.o(i.SetSysClockTo72)
    i.Set_ATE0                               0x08001740   Section        0  sim7020.o(i.Set_ATE0)
    i.SysTick_CLKSourceConfig                0x0800175c   Section        0  misc.o(i.SysTick_CLKSourceConfig)
    i.SysTick_Handler                        0x08001784   Section        0  stm32f10x_it.o(i.SysTick_Handler)
    i.SystemInit                             0x08001788   Section        0  system_stm32f10x.o(i.SystemInit)
    i.TIM3_IRQHandler                        0x080017e8   Section        0  timer.o(i.TIM3_IRQHandler)
    i.TIM3_Init                              0x08001828   Section        0  timer.o(i.TIM3_Init)
    i.TIM6_IRQHandler                        0x08001940   Section        0  rs485.o(i.TIM6_IRQHandler)
    i.TIM7_IRQHandler                        0x08001978   Section        0  sim7020_timer.o(i.TIM7_IRQHandler)
    i.TIM7_Init                              0x08001a48   Section        0  sim7020_timer.o(i.TIM7_Init)
    i.TIME6_Init                             0x08001b60   Section        0  rs485.o(i.TIME6_Init)
    i.UART5_Send_Data                        0x08001bc0   Section        0  uart.o(i.UART5_Send_Data)
    i.USART1_IRQHandler                      0x08001bec   Section        0  sim7020_usart.o(i.USART1_IRQHandler)
    i.USART1_SendDat                         0x08001c44   Section        0  sim7020_usart.o(i.USART1_SendDat)
    i.USART3_IRQHandler                      0x08001c60   Section        0  rs485.o(i.USART3_IRQHandler)
    i.USART_Cmd                              0x08001cb4   Section        0  stm32f10x_usart.o(i.USART_Cmd)
    i.USART_ITConfig                         0x08001ccc   Section        0  stm32f10x_usart.o(i.USART_ITConfig)
    i.USART_Init                             0x08001d18   Section        0  stm32f10x_usart.o(i.USART_Init)
    i.UsageFault_Handler                     0x08001df0   Section        0  stm32f10x_it.o(i.UsageFault_Handler)
    i.W5500_Init                             0x08001df4   Section        0  mw5500.o(i.W5500_Init)
    i.WIZCHIP_READ                           0x08001ec8   Section        0  w5500.o(i.WIZCHIP_READ)
    i.WIZCHIP_READ_BUF                       0x08001f14   Section        0  w5500.o(i.WIZCHIP_READ_BUF)
    i.WIZCHIP_WRITE                          0x08001f78   Section        0  w5500.o(i.WIZCHIP_WRITE)
    i.WIZCHIP_WRITE_BUF                      0x08001fc4   Section        0  w5500.o(i.WIZCHIP_WRITE_BUF)
    i.__0printf                              0x08002028   Section        0  printfa.o(i.__0printf)
    i.__0sprintf                             0x08002048   Section        0  printfa.o(i.__0sprintf)
    i.__scatterload_copy                     0x08002070   Section       14  handlers.o(i.__scatterload_copy)
    i.__scatterload_null                     0x0800207e   Section        2  handlers.o(i.__scatterload_null)
    i.__scatterload_zeroinit                 0x08002080   Section       14  handlers.o(i.__scatterload_zeroinit)
    i._fp_digits                             0x08002090   Section        0  printfa.o(i._fp_digits)
    _fp_digits                               0x08002091   Thumb Code   334  printfa.o(i._fp_digits)
    i._printf_core                           0x080021f4   Section        0  printfa.o(i._printf_core)
    _printf_core                             0x080021f5   Thumb Code  1744  printfa.o(i._printf_core)
    i._printf_post_padding                   0x080028d0   Section        0  printfa.o(i._printf_post_padding)
    _printf_post_padding                     0x080028d1   Thumb Code    36  printfa.o(i._printf_post_padding)
    i._printf_pre_padding                    0x080028f4   Section        0  printfa.o(i._printf_pre_padding)
    _printf_pre_padding                      0x080028f5   Thumb Code    46  printfa.o(i._printf_pre_padding)
    i._sputc                                 0x08002922   Section        0  printfa.o(i._sputc)
    _sputc                                   0x08002923   Thumb Code    10  printfa.o(i._sputc)
    i.check_buff                             0x0800292c   Section        0  sim7020.o(i.check_buff)
    i.close                                  0x08002948   Section        0  socket.o(i.close)
    i.delay_init                             0x080029d4   Section        0  delay.o(i.delay_init)
    i.delay_ms                               0x08002a18   Section        0  delay.o(i.delay_ms)
    i.delay_nms                              0x08002a50   Section        0  delay.o(i.delay_nms)
    i.delay_us                               0x08002a9c   Section        0  delay.o(i.delay_us)
    i.fputc                                  0x08002ae8   Section        0  uart.o(i.fputc)
    i.getSn_RX_RSR                           0x08002b04   Section        0  w5500.o(i.getSn_RX_RSR)
    i.getSn_TX_FSR                           0x08002b70   Section        0  w5500.o(i.getSn_TX_FSR)
    i.gprs_check_cmd                         0x08002bdc   Section        0  sim7020.o(i.gprs_check_cmd)
    i.gprs_send_cmd                          0x08002c10   Section        0  sim7020.o(i.gprs_send_cmd)
    i.gsm_fputc                              0x08002c94   Section        0  sim7020_usart.o(i.gsm_fputc)
    i.gsm_printf                             0x08002ca0   Section        0  sim7020_usart.o(i.gsm_printf)
    i.htons                                  0x08002dd0   Section        0  ping.o(i.htons)
    htons                                    0x08002dd1   Thumb Code    14  ping.o(i.htons)
    i.io_init                                0x08002de0   Section        0  io_check.o(i.io_init)
    i.io_poll                                0x08002eb0   Section        0  io_check.o(i.io_poll)
    i.main                                   0x08002f50   Section        0  main.o(i.main)
    i.recvfrom                               0x08003088   Section        0  socket.o(i.recvfrom)
    i.reg_wizchip_cris_cbfunc                0x08003390   Section        0  wizchip_conf.o(i.reg_wizchip_cris_cbfunc)
    i.reg_wizchip_cs_cbfunc                  0x080033b8   Section        0  wizchip_conf.o(i.reg_wizchip_cs_cbfunc)
    i.reg_wizchip_spi_cbfunc                 0x080033e0   Section        0  wizchip_conf.o(i.reg_wizchip_spi_cbfunc)
    i.rs485_init                             0x08003414   Section        0  rs485.o(i.rs485_init)
    i.sendto                                 0x080034bc   Section        0  socket.o(i.sendto)
    i.sim7020_mqtt                           0x08003680   Section        0  sim7020.o(i.sim7020_mqtt)
    i.sim7020_sta                            0x08003700   Section        0  sim7020.o(i.sim7020_sta)
    i.sim7020_usart_init                     0x0800375c   Section        0  sim7020_usart.o(i.sim7020_usart_init)
    i.socket                                 0x080037fc   Section        0  socket.o(i.socket)
    i.strToHexStr                            0x08003970   Section        0  sim7020.o(i.strToHexStr)
    i.time3_start                            0x0800399c   Section        0  timer.o(i.time3_start)
    i.time3_stop                             0x080039b8   Section        0  timer.o(i.time3_stop)
    i.time6_reset                            0x080039cc   Section        0  rs485.o(i.time6_reset)
    i.time6_start                            0x080039d8   Section        0  rs485.o(i.time6_start)
    i.time6_stop                             0x080039f0   Section        0  rs485.o(i.time6_stop)
    i.time7_reset                            0x08003a04   Section        0  sim7020_timer.o(i.time7_reset)
    i.time7_start                            0x08003a10   Section        0  sim7020_timer.o(i.time7_start)
    i.time7_stop                             0x08003a2c   Section        0  sim7020_timer.o(i.time7_stop)
    i.uart5_init                             0x08003a40   Section        0  uart.o(i.uart5_init)
    i.wiz_recv_data                          0x08003ac0   Section        0  w5500.o(i.wiz_recv_data)
    i.wiz_recv_ignore                        0x08003b44   Section        0  w5500.o(i.wiz_recv_ignore)
    i.wiz_send_data                          0x08003baa   Section        0  w5500.o(i.wiz_send_data)
    i.wizchip_bus_readbyte                   0x08003c2e   Section        0  wizchip_conf.o(i.wizchip_bus_readbyte)
    i.wizchip_bus_writebyte                  0x08003c34   Section        0  wizchip_conf.o(i.wizchip_bus_writebyte)
    i.wizchip_cris_enter                     0x08003c38   Section        0  wizchip_conf.o(i.wizchip_cris_enter)
    i.wizchip_cris_exit                      0x08003c3a   Section        0  wizchip_conf.o(i.wizchip_cris_exit)
    i.wizchip_cs_deselect                    0x08003c3c   Section        0  wizchip_conf.o(i.wizchip_cs_deselect)
    i.wizchip_cs_select                      0x08003c3e   Section        0  wizchip_conf.o(i.wizchip_cs_select)
    i.wizchip_init                           0x08003c40   Section        0  wizchip_conf.o(i.wizchip_init)
    i.wizchip_setnetinfo                     0x08003cd0   Section        0  wizchip_conf.o(i.wizchip_setnetinfo)
    i.wizchip_settimeout                     0x08003d28   Section        0  wizchip_conf.o(i.wizchip_settimeout)
    i.wizchip_spi_readbyte                   0x08003d4e   Section        0  wizchip_conf.o(i.wizchip_spi_readbyte)
    i.wizchip_spi_writebyte                  0x08003d52   Section        0  wizchip_conf.o(i.wizchip_spi_writebyte)
    i.wizchip_sw_reset                       0x08003d54   Section        0  wizchip_conf.o(i.wizchip_sw_reset)
    i.wizphy_getphylink                      0x08003dc6   Section        0  wizchip_conf.o(i.wizphy_getphylink)
    .constdata                               0x08003de0   Section      538  break.o(.constdata)
    s_CRCHi                                  0x08003de0   Data         256  break.o(.constdata)
    .constdata                               0x08003ffc   Section       27  mw5500.o(.constdata)
    .conststring                             0x08004018   Section       78  sim7020.o(.conststring)
    .data                                    0x20000000   Section       20  system_stm32f10x.o(.data)
    .data                                    0x20000014   Section       20  stm32f10x_rcc.o(.data)
    APBAHBPrescTable                         0x20000014   Data          16  stm32f10x_rcc.o(.data)
    ADCPrescTable                            0x20000024   Data           4  stm32f10x_rcc.o(.data)
    .data                                    0x20000028   Section       32  main.o(.data)
    IP_Set                                   0x20000028   Data          32  main.o(.data)
    .data                                    0x20000048   Section        3  io_check.o(.data)
    .data                                    0x2000004c   Section        4  delay.o(.data)
    fac_us                                   0x2000004c   Data           1  delay.o(.data)
    fac_ms                                   0x2000004e   Data           2  delay.o(.data)
    .data                                    0x20000050   Section        6  uart.o(.data)
    .data                                    0x20000056   Section        4  timer.o(.data)
    .data                                    0x2000005a   Section        3  rs485.o(.data)
    .data                                    0x2000005e   Section        2  sim7020_usart.o(.data)
    .data                                    0x20000060   Section       17  sim7020.o(.data)
    .data                                    0x20000071   Section        4  sim7020_timer.o(.data)
    .data                                    0x20000076   Section        8  ping.o(.data)
    RandomID                                 0x2000007a   Data           2  ping.o(.data)
    RandomNum                                0x2000007c   Data           2  ping.o(.data)
    .data                                    0x2000007e   Section       14  socket.o(.data)
    sock_any_port                            0x2000007e   Data           2  socket.o(.data)
    sock_io_mode                             0x20000080   Data           2  socket.o(.data)
    sock_is_sending                          0x20000082   Data           2  socket.o(.data)
    sock_pack_info                           0x20000084   Data           8  socket.o(.data)
    .data                                    0x2000008c   Section       37  wizchip_conf.o(.data)
    _DNS_                                    0x200000ac   Data           4  wizchip_conf.o(.data)
    _DHCP_                                   0x200000b0   Data           1  wizchip_conf.o(.data)
    .bss                                     0x200000b4   Section      128  rs485.o(.bss)
    .bss                                     0x20000134   Section     2048  sim7020_usart.o(.bss)
    .bss                                     0x20000934   Section       57  sim7020.o(.bss)
    .bss                                     0x2000096e   Section       16  socket.o(.bss)
    sock_remained_size                       0x2000096e   Data          16  socket.o(.bss)
    STACK                                    0x20000980   Section     1024  startup_stm32f10x_hd.o(STACK)

    Global Symbols

    Symbol Name                              Value     Ov Type        Size  Object(Section)

    BuildAttributes$$THM_ISAv4$P$D$K$B$S$PE$A:L22UL41UL21$X:L11$S22US41US21$IEEE1$IW$USESV6$~STKCKD$USESV7$~SHL$OTIME$ROPI$EBA8$MICROLIB$REQ8$PRES8$EABIv2 0x00000000   Number         0  anon$$obj.o ABSOLUTE
    __ARM_use_no_argv                        0x00000000   Number         0  main.o ABSOLUTE
    __use_no_errno                           0x00000000   Number         0  useno.o ABSOLUTE
    __use_no_exception_handling              0x00000000   Number         0  useno.o ABSOLUTE
    __use_no_fp                              0x00000000   Number         0  useno.o ABSOLUTE
    __use_no_heap                            0x00000000   Number         0  useno.o ABSOLUTE
    __use_no_heap_region                     0x00000000   Number         0  useno.o ABSOLUTE
    __use_no_semihosting                     0x00000000   Number         0  useno.o ABSOLUTE
    __use_no_semihosting_swi                 0x00000000   Number         0  useno.o ABSOLUTE
    __use_no_signal_handling                 0x00000000   Number         0  useno.o ABSOLUTE
    _printf_a                                0x00000000   Number         0  stubs.o ABSOLUTE
    _printf_c                                0x00000000   Number         0  stubs.o ABSOLUTE
    _printf_charcount                        0x00000000   Number         0  stubs.o ABSOLUTE
    _printf_d                                0x00000000   Number         0  stubs.o ABSOLUTE
    _printf_e                                0x00000000   Number         0  stubs.o ABSOLUTE
    _printf_f                                0x00000000   Number         0  stubs.o ABSOLUTE
    _printf_flags                            0x00000000   Number         0  stubs.o ABSOLUTE
    _printf_fp_dec                           0x00000000   Number         0  stubs.o ABSOLUTE
    _printf_fp_hex                           0x00000000   Number         0  stubs.o ABSOLUTE
    _printf_g                                0x00000000   Number         0  stubs.o ABSOLUTE
    _printf_i                                0x00000000   Number         0  stubs.o ABSOLUTE
    _printf_int_dec                          0x00000000   Number         0  stubs.o ABSOLUTE
    _printf_l                                0x00000000   Number         0  stubs.o ABSOLUTE
    _printf_lc                               0x00000000   Number         0  stubs.o ABSOLUTE
    _printf_ll                               0x00000000   Number         0  stubs.o ABSOLUTE
    _printf_lld                              0x00000000   Number         0  stubs.o ABSOLUTE
    _printf_lli                              0x00000000   Number         0  stubs.o ABSOLUTE
    _printf_llo                              0x00000000   Number         0  stubs.o ABSOLUTE
    _printf_llu                              0x00000000   Number         0  stubs.o ABSOLUTE
    _printf_llx                              0x00000000   Number         0  stubs.o ABSOLUTE
    _printf_longlong_dec                     0x00000000   Number         0  stubs.o ABSOLUTE
    _printf_longlong_hex                     0x00000000   Number         0  stubs.o ABSOLUTE
    _printf_longlong_oct                     0x00000000   Number         0  stubs.o ABSOLUTE
    _printf_ls                               0x00000000   Number         0  stubs.o ABSOLUTE
    _printf_mbtowc                           0x00000000   Number         0  stubs.o ABSOLUTE
    _printf_n                                0x00000000   Number         0  stubs.o ABSOLUTE
    _printf_o                                0x00000000   Number         0  stubs.o ABSOLUTE
    _printf_p                                0x00000000   Number         0  stubs.o ABSOLUTE
    _printf_percent                          0x00000000   Number         0  stubs.o ABSOLUTE
    _printf_pre_padding                      0x00000000   Number         0  stubs.o ABSOLUTE
    _printf_return_value                     0x00000000   Number         0  stubs.o ABSOLUTE
    _printf_s                                0x00000000   Number         0  stubs.o ABSOLUTE
    _printf_sizespec                         0x00000000   Number         0  stubs.o ABSOLUTE
    _printf_str                              0x00000000   Number         0  stubs.o ABSOLUTE
    _printf_truncate_signed                  0x00000000   Number         0  stubs.o ABSOLUTE
    _printf_truncate_unsigned                0x00000000   Number         0  stubs.o ABSOLUTE
    _printf_u                                0x00000000   Number         0  stubs.o ABSOLUTE
    _printf_wc                               0x00000000   Number         0  stubs.o ABSOLUTE
    _printf_wctomb                           0x00000000   Number         0  stubs.o ABSOLUTE
    _printf_widthprec                        0x00000000   Number         0  stubs.o ABSOLUTE
    _printf_x                                0x00000000   Number         0  stubs.o ABSOLUTE
    __cpp_initialize__aeabi_                  - Undefined Weak Reference
    __cxa_finalize                            - Undefined Weak Reference
    __decompress                              - Undefined Weak Reference
    _clock_init                               - Undefined Weak Reference
    _microlib_exit                            - Undefined Weak Reference
    __Vectors_Size                           0x00000130   Number         0  startup_stm32f10x_hd.o ABSOLUTE
    __Vectors                                0x08000000   Data           4  startup_stm32f10x_hd.o(RESET)
    __Vectors_End                            0x08000130   Data           0  startup_stm32f10x_hd.o(RESET)
    __main                                   0x08000131   Thumb Code     0  entry.o(.ARM.Collect$$$$00000000)
    _main_stk                                0x08000131   Thumb Code     0  entry2.o(.ARM.Collect$$$$00000001)
    _main_scatterload                        0x08000135   Thumb Code     0  entry5.o(.ARM.Collect$$$$00000004)
    __main_after_scatterload                 0x08000139   Thumb Code     0  entry5.o(.ARM.Collect$$$$00000004)
    _main_clock                              0x08000139   Thumb Code     0  entry7b.o(.ARM.Collect$$$$00000008)
    _main_cpp_init                           0x08000139   Thumb Code     0  entry8b.o(.ARM.Collect$$$$0000000A)
    _main_init                               0x08000139   Thumb Code     0  entry9a.o(.ARM.Collect$$$$0000000B)
    __rt_final_cpp                           0x08000141   Thumb Code     0  entry10a.o(.ARM.Collect$$$$0000000D)
    __rt_final_exit                          0x08000141   Thumb Code     0  entry11a.o(.ARM.Collect$$$$0000000F)
    Reset_Handler                            0x08000145   Thumb Code     8  startup_stm32f10x_hd.o(.text)
    ADC1_2_IRQHandler                        0x0800015f   Thumb Code     0  startup_stm32f10x_hd.o(.text)
    ADC3_IRQHandler                          0x0800015f   Thumb Code     0  startup_stm32f10x_hd.o(.text)
    CAN1_RX1_IRQHandler                      0x0800015f   Thumb Code     0  startup_stm32f10x_hd.o(.text)
    CAN1_SCE_IRQHandler                      0x0800015f   Thumb Code     0  startup_stm32f10x_hd.o(.text)
    DMA1_Channel1_IRQHandler                 0x0800015f   Thumb Code     0  startup_stm32f10x_hd.o(.text)
    DMA1_Channel2_IRQHandler                 0x0800015f   Thumb Code     0  startup_stm32f10x_hd.o(.text)
    DMA1_Channel3_IRQHandler                 0x0800015f   Thumb Code     0  startup_stm32f10x_hd.o(.text)
    DMA1_Channel4_IRQHandler                 0x0800015f   Thumb Code     0  startup_stm32f10x_hd.o(.text)
    DMA1_Channel5_IRQHandler                 0x0800015f   Thumb Code     0  startup_stm32f10x_hd.o(.text)
    DMA1_Channel6_IRQHandler                 0x0800015f   Thumb Code     0  startup_stm32f10x_hd.o(.text)
    DMA1_Channel7_IRQHandler                 0x0800015f   Thumb Code     0  startup_stm32f10x_hd.o(.text)
    DMA2_Channel1_IRQHandler                 0x0800015f   Thumb Code     0  startup_stm32f10x_hd.o(.text)
    DMA2_Channel2_IRQHandler                 0x0800015f   Thumb Code     0  startup_stm32f10x_hd.o(.text)
    DMA2_Channel3_IRQHandler                 0x0800015f   Thumb Code     0  startup_stm32f10x_hd.o(.text)
    DMA2_Channel4_5_IRQHandler               0x0800015f   Thumb Code     0  startup_stm32f10x_hd.o(.text)
    EXTI0_IRQHandler                         0x0800015f   Thumb Code     0  startup_stm32f10x_hd.o(.text)
    EXTI15_10_IRQHandler                     0x0800015f   Thumb Code     0  startup_stm32f10x_hd.o(.text)
    EXTI1_IRQHandler                         0x0800015f   Thumb Code     0  startup_stm32f10x_hd.o(.text)
    EXTI2_IRQHandler                         0x0800015f   Thumb Code     0  startup_stm32f10x_hd.o(.text)
    EXTI3_IRQHandler                         0x0800015f   Thumb Code     0  startup_stm32f10x_hd.o(.text)
    EXTI4_IRQHandler                         0x0800015f   Thumb Code     0  startup_stm32f10x_hd.o(.text)
    EXTI9_5_IRQHandler                       0x0800015f   Thumb Code     0  startup_stm32f10x_hd.o(.text)
    FLASH_IRQHandler                         0x0800015f   Thumb Code     0  startup_stm32f10x_hd.o(.text)
    FSMC_IRQHandler                          0x0800015f   Thumb Code     0  startup_stm32f10x_hd.o(.text)
    I2C1_ER_IRQHandler                       0x0800015f   Thumb Code     0  startup_stm32f10x_hd.o(.text)
    I2C1_EV_IRQHandler                       0x0800015f   Thumb Code     0  startup_stm32f10x_hd.o(.text)
    I2C2_ER_IRQHandler                       0x0800015f   Thumb Code     0  startup_stm32f10x_hd.o(.text)
    I2C2_EV_IRQHandler                       0x0800015f   Thumb Code     0  startup_stm32f10x_hd.o(.text)
    PVD_IRQHandler                           0x0800015f   Thumb Code     0  startup_stm32f10x_hd.o(.text)
    RCC_IRQHandler                           0x0800015f   Thumb Code     0  startup_stm32f10x_hd.o(.text)
    RTCAlarm_IRQHandler                      0x0800015f   Thumb Code     0  startup_stm32f10x_hd.o(.text)
    RTC_IRQHandler                           0x0800015f   Thumb Code     0  startup_stm32f10x_hd.o(.text)
    SDIO_IRQHandler                          0x0800015f   Thumb Code     0  startup_stm32f10x_hd.o(.text)
    SPI1_IRQHandler                          0x0800015f   Thumb Code     0  startup_stm32f10x_hd.o(.text)
    SPI2_IRQHandler                          0x0800015f   Thumb Code     0  startup_stm32f10x_hd.o(.text)
    SPI3_IRQHandler                          0x0800015f   Thumb Code     0  startup_stm32f10x_hd.o(.text)
    TAMPER_IRQHandler                        0x0800015f   Thumb Code     0  startup_stm32f10x_hd.o(.text)
    TIM1_BRK_IRQHandler                      0x0800015f   Thumb Code     0  startup_stm32f10x_hd.o(.text)
    TIM1_CC_IRQHandler                       0x0800015f   Thumb Code     0  startup_stm32f10x_hd.o(.text)
    TIM1_TRG_COM_IRQHandler                  0x0800015f   Thumb Code     0  startup_stm32f10x_hd.o(.text)
    TIM1_UP_IRQHandler                       0x0800015f   Thumb Code     0  startup_stm32f10x_hd.o(.text)
    TIM2_IRQHandler                          0x0800015f   Thumb Code     0  startup_stm32f10x_hd.o(.text)
    TIM4_IRQHandler                          0x0800015f   Thumb Code     0  startup_stm32f10x_hd.o(.text)
    TIM5_IRQHandler                          0x0800015f   Thumb Code     0  startup_stm32f10x_hd.o(.text)
    TIM8_BRK_IRQHandler                      0x0800015f   Thumb Code     0  startup_stm32f10x_hd.o(.text)
    TIM8_CC_IRQHandler                       0x0800015f   Thumb Code     0  startup_stm32f10x_hd.o(.text)
    TIM8_TRG_COM_IRQHandler                  0x0800015f   Thumb Code     0  startup_stm32f10x_hd.o(.text)
    TIM8_UP_IRQHandler                       0x0800015f   Thumb Code     0  startup_stm32f10x_hd.o(.text)
    UART4_IRQHandler                         0x0800015f   Thumb Code     0  startup_stm32f10x_hd.o(.text)
    UART5_IRQHandler                         0x0800015f   Thumb Code     0  startup_stm32f10x_hd.o(.text)
    USART2_IRQHandler                        0x0800015f   Thumb Code     0  startup_stm32f10x_hd.o(.text)
    USBWakeUp_IRQHandler                     0x0800015f   Thumb Code     0  startup_stm32f10x_hd.o(.text)
    USB_HP_CAN1_TX_IRQHandler                0x0800015f   Thumb Code     0  startup_stm32f10x_hd.o(.text)
    USB_LP_CAN1_RX0_IRQHandler               0x0800015f   Thumb Code     0  startup_stm32f10x_hd.o(.text)
    WWDG_IRQHandler                          0x0800015f   Thumb Code     0  startup_stm32f10x_hd.o(.text)
    __aeabi_memcpy                           0x08000169   Thumb Code    36  memcpya.o(.text)
    __aeabi_memcpy4                          0x08000169   Thumb Code     0  memcpya.o(.text)
    __aeabi_memcpy8                          0x08000169   Thumb Code     0  memcpya.o(.text)
    __aeabi_memset                           0x0800018d   Thumb Code    14  memseta.o(.text)
    __aeabi_memset4                          0x0800018d   Thumb Code     0  memseta.o(.text)
    __aeabi_memset8                          0x0800018d   Thumb Code     0  memseta.o(.text)
    __aeabi_memclr                           0x0800019b   Thumb Code     4  memseta.o(.text)
    __aeabi_memclr4                          0x0800019b   Thumb Code     0  memseta.o(.text)
    __aeabi_memclr8                          0x0800019b   Thumb Code     0  memseta.o(.text)
    _memset$wrapper                          0x0800019f   Thumb Code    18  memseta.o(.text)
    strstr                                   0x080001b1   Thumb Code    36  strstr.o(.text)
    strlen                                   0x080001d5   Thumb Code    14  strlen.o(.text)
    __aeabi_uidiv                            0x080001e3   Thumb Code     0  uidiv.o(.text)
    __aeabi_uidivmod                         0x080001e3   Thumb Code    44  uidiv.o(.text)
    __aeabi_uldivmod                         0x0800020f   Thumb Code    98  uldiv.o(.text)
    __I$use$fp                               0x08000271   Thumb Code     0  iusefp.o(.text)
    __aeabi_dadd                             0x08000271   Thumb Code   322  dadd.o(.text)
    __aeabi_dsub                             0x080003b3   Thumb Code     6  dadd.o(.text)
    __aeabi_drsub                            0x080003b9   Thumb Code     6  dadd.o(.text)
    __aeabi_dmul                             0x080003bf   Thumb Code   228  dmul.o(.text)
    __aeabi_ddiv                             0x080004a3   Thumb Code   222  ddiv.o(.text)
    __aeabi_d2ulz                            0x08000581   Thumb Code    48  dfixul.o(.text)
    __aeabi_cdrcmple                         0x080005b1   Thumb Code    38  cdrcmple.o(.text)
    __scatterload                            0x080005d9   Thumb Code    28  init.o(.text)
    __scatterload_rt2                        0x080005d9   Thumb Code     0  init.o(.text)
    __aeabi_llsl                             0x080005fd   Thumb Code    30  llshl.o(.text)
    _ll_shift_l                              0x080005fd   Thumb Code     0  llshl.o(.text)
    __aeabi_llsr                             0x0800061b   Thumb Code    32  llushr.o(.text)
    _ll_ushift_r                             0x0800061b   Thumb Code     0  llushr.o(.text)
    __aeabi_lasr                             0x0800063b   Thumb Code    36  llsshr.o(.text)
    _ll_sshift_r                             0x0800063b   Thumb Code     0  llsshr.o(.text)
    _double_round                            0x0800065f   Thumb Code    26  depilogue.o(.text)
    _double_epilogue                         0x08000679   Thumb Code   156  depilogue.o(.text)
    BusFault_Handler                         0x08000715   Thumb Code     4  stm32f10x_it.o(i.BusFault_Handler)
    CLR_485_Buf                              0x08000719   Thumb Code    26  break.o(i.CLR_485_Buf)
    CRC16_Modbus                             0x0800073d   Thumb Code    46  break.o(i.CRC16_Modbus)
    Control_init                             0x080007d5   Thumb Code    22  break.o(i.Control_init)
    DebugMon_Handler                         0x080007eb   Thumb Code     2  stm32f10x_it.o(i.DebugMon_Handler)
    GPIO_Init                                0x080007ed   Thumb Code   278  stm32f10x_gpio.o(i.GPIO_Init)
    GPIO_ReadInputDataBit                    0x08000903   Thumb Code    18  stm32f10x_gpio.o(i.GPIO_ReadInputDataBit)
    GPIO_ResetBits                           0x08000915   Thumb Code     4  stm32f10x_gpio.o(i.GPIO_ResetBits)
    GPIO_SetBits                             0x08000919   Thumb Code     4  stm32f10x_gpio.o(i.GPIO_SetBits)
    GSM_Init                                 0x0800091d   Thumb Code    16  sim7020.o(i.GSM_Init)
    HardFault_Handler                        0x0800092d   Thumb Code     4  stm32f10x_it.o(i.HardFault_Handler)
    IO_check_init                            0x08000931   Thumb Code    32  io_check.o(i.IO_check_init)
    MODH_Send03H                             0x08000955   Thumb Code   114  break.o(i.MODH_Send03H)
    MemManage_Handler                        0x08000a15   Thumb Code     4  stm32f10x_it.o(i.MemManage_Handler)
    NMI_Handler                              0x08000a19   Thumb Code     2  stm32f10x_it.o(i.NMI_Handler)
    NVIC_Configuration                       0x08000a1b   Thumb Code    12  sys.o(i.NVIC_Configuration)
    NVIC_Init                                0x08000a7d   Thumb Code   100  misc.o(i.NVIC_Init)
    NVIC_PriorityGroupConfig                 0x08000aed   Thumb Code    10  misc.o(i.NVIC_PriorityGroupConfig)
    PendSV_Handler                           0x08000b29   Thumb Code     2  stm32f10x_it.o(i.PendSV_Handler)
    Ping                                     0x08000b2b   Thumb Code   260  ping.o(i.Ping)
    Ping_Multiple                            0x08000c2f   Thumb Code   390  ping.o(i.Ping_Multiple)
    Ping_NetCheck                            0x08000db5   Thumb Code   104  ping.o(i.Ping_NetCheck)
    RCC_APB1PeriphClockCmd                   0x08000f05   Thumb Code    26  stm32f10x_rcc.o(i.RCC_APB1PeriphClockCmd)
    RCC_APB2PeriphClockCmd                   0x08000f25   Thumb Code    26  stm32f10x_rcc.o(i.RCC_APB2PeriphClockCmd)
    RCC_GetClocksFreq                        0x08000f45   Thumb Code   192  stm32f10x_rcc.o(i.RCC_GetClocksFreq)
    RS485_Send_Data                          0x08001019   Thumb Code    40  rs485.o(i.RS485_Send_Data)
    Restart_break                            0x08001045   Thumb Code   164  break.o(i.Restart_break)
    SIM7020_New_Mqtt                         0x080010ed   Thumb Code    18  sim7020.o(i.SIM7020_New_Mqtt)
    SIM7020_Sed_CMQCON                       0x08001109   Thumb Code    28  sim7020.o(i.SIM7020_Sed_CMQCON)
    SIM7020_Sed_CMQDISCON                    0x08001161   Thumb Code    16  sim7020.o(i.SIM7020_Sed_CMQDISCON)
    SIM7020_Sed_CMQPUB                       0x08001189   Thumb Code   130  sim7020.o(i.SIM7020_Sed_CMQPUB)
    SIM7020_Sed_CMQSUB                       0x08001289   Thumb Code    16  sim7020.o(i.SIM7020_Sed_CMQSUB)
    SIM7020_Snd_AT                           0x080012b9   Thumb Code    52  sim7020.o(i.SIM7020_Snd_AT)
    SIM7020_Snd_CGACT                        0x080012f9   Thumb Code    50  sim7020.o(i.SIM7020_Snd_CGACT)
    SIM7020_Snd_CGREG                        0x08001345   Thumb Code    50  sim7020.o(i.SIM7020_Snd_CGREG)
    SIM7020_Snd_CPIN                         0x08001391   Thumb Code    50  sim7020.o(i.SIM7020_Snd_CPIN)
    SIM7020_Snd_CSQ                          0x080013e1   Thumb Code    50  sim7020.o(i.SIM7020_Snd_CSQ)
    SIM7020_Snd_GSN                          0x0800142d   Thumb Code    50  sim7020.o(i.SIM7020_Snd_GSN)
    SPI1_CS_Deselect                         0x08001471   Thumb Code    12  mw5500.o(i.SPI1_CS_Deselect)
    SPI1_CS_Select                           0x08001481   Thumb Code    12  mw5500.o(i.SPI1_CS_Select)
    SPI1_CrisEnter                           0x08001491   Thumb Code    10  mw5500.o(i.SPI1_CrisEnter)
    SPI1_CrisExit                            0x0800149b   Thumb Code    10  mw5500.o(i.SPI1_CrisExit)
    SPI1_Init                                0x080014a5   Thumb Code   220  mw5500.o(i.SPI1_Init)
    SPI1_ReadByte                            0x0800158d   Thumb Code    42  mw5500.o(i.SPI1_ReadByte)
    SPI1_WriteByte                           0x080015bd   Thumb Code    38  mw5500.o(i.SPI1_WriteByte)
    SPI_Cmd                                  0x080015e9   Thumb Code    24  stm32f10x_spi.o(i.SPI_Cmd)
    SPI_Init                                 0x08001601   Thumb Code    60  stm32f10x_spi.o(i.SPI_Init)
    SPI_SSOutputCmd                          0x0800163d   Thumb Code    24  stm32f10x_spi.o(i.SPI_SSOutputCmd)
    SVC_Handler                              0x08001655   Thumb Code     2  stm32f10x_it.o(i.SVC_Handler)
    Set_ATE0                                 0x08001741   Thumb Code    14  sim7020.o(i.Set_ATE0)
    SysTick_CLKSourceConfig                  0x0800175d   Thumb Code    40  misc.o(i.SysTick_CLKSourceConfig)
    SysTick_Handler                          0x08001785   Thumb Code     2  stm32f10x_it.o(i.SysTick_Handler)
    SystemInit                               0x08001789   Thumb Code    78  system_stm32f10x.o(i.SystemInit)
    TIM3_IRQHandler                          0x080017e9   Thumb Code    52  timer.o(i.TIM3_IRQHandler)
    TIM3_Init                                0x08001829   Thumb Code   260  timer.o(i.TIM3_Init)
    TIM6_IRQHandler                          0x08001941   Thumb Code    42  rs485.o(i.TIM6_IRQHandler)
    TIM7_IRQHandler                          0x08001979   Thumb Code   150  sim7020_timer.o(i.TIM7_IRQHandler)
    TIM7_Init                                0x08001a49   Thumb Code   262  sim7020_timer.o(i.TIM7_Init)
    TIME6_Init                               0x08001b61   Thumb Code    88  rs485.o(i.TIME6_Init)
    UART5_Send_Data                          0x08001bc1   Thumb Code    38  uart.o(i.UART5_Send_Data)
    USART1_IRQHandler                        0x08001bed   Thumb Code    76  sim7020_usart.o(i.USART1_IRQHandler)
    USART1_SendDat                           0x08001c45   Thumb Code    22  sim7020_usart.o(i.USART1_SendDat)
    USART3_IRQHandler                        0x08001c61   Thumb Code    68  rs485.o(i.USART3_IRQHandler)
    USART_Cmd                                0x08001cb5   Thumb Code    24  stm32f10x_usart.o(i.USART_Cmd)
    USART_ITConfig                           0x08001ccd   Thumb Code    74  stm32f10x_usart.o(i.USART_ITConfig)
    USART_Init                               0x08001d19   Thumb Code   210  stm32f10x_usart.o(i.USART_Init)
    UsageFault_Handler                       0x08001df1   Thumb Code     4  stm32f10x_it.o(i.UsageFault_Handler)
    W5500_Init                               0x08001df5   Thumb Code   170  mw5500.o(i.W5500_Init)
    WIZCHIP_READ                             0x08001ec9   Thumb Code    70  w5500.o(i.WIZCHIP_READ)
    WIZCHIP_READ_BUF                         0x08001f15   Thumb Code    94  w5500.o(i.WIZCHIP_READ_BUF)
    WIZCHIP_WRITE                            0x08001f79   Thumb Code    72  w5500.o(i.WIZCHIP_WRITE)
    WIZCHIP_WRITE_BUF                        0x08001fc5   Thumb Code    96  w5500.o(i.WIZCHIP_WRITE_BUF)
    __0printf                                0x08002029   Thumb Code    22  printfa.o(i.__0printf)
    __1printf                                0x08002029   Thumb Code     0  printfa.o(i.__0printf)
    __2printf                                0x08002029   Thumb Code     0  printfa.o(i.__0printf)
    __c89printf                              0x08002029   Thumb Code     0  printfa.o(i.__0printf)
    printf                                   0x08002029   Thumb Code     0  printfa.o(i.__0printf)
    __0sprintf                               0x08002049   Thumb Code    34  printfa.o(i.__0sprintf)
    __1sprintf                               0x08002049   Thumb Code     0  printfa.o(i.__0sprintf)
    __2sprintf                               0x08002049   Thumb Code     0  printfa.o(i.__0sprintf)
    __c89sprintf                             0x08002049   Thumb Code     0  printfa.o(i.__0sprintf)
    sprintf                                  0x08002049   Thumb Code     0  printfa.o(i.__0sprintf)
    __scatterload_copy                       0x08002071   Thumb Code    14  handlers.o(i.__scatterload_copy)
    __scatterload_null                       0x0800207f   Thumb Code     2  handlers.o(i.__scatterload_null)
    __scatterload_zeroinit                   0x08002081   Thumb Code    14  handlers.o(i.__scatterload_zeroinit)
    check_buff                               0x0800292d   Thumb Code    26  sim7020.o(i.check_buff)
    close                                    0x08002949   Thumb Code   128  socket.o(i.close)
    delay_init                               0x080029d5   Thumb Code    50  delay.o(i.delay_init)
    delay_ms                                 0x08002a19   Thumb Code    56  delay.o(i.delay_ms)
    delay_nms                                0x08002a51   Thumb Code    72  delay.o(i.delay_nms)
    delay_us                                 0x08002a9d   Thumb Code    72  delay.o(i.delay_us)
    fputc                                    0x08002ae9   Thumb Code    22  uart.o(i.fputc)
    getSn_RX_RSR                             0x08002b05   Thumb Code   108  w5500.o(i.getSn_RX_RSR)
    getSn_TX_FSR                             0x08002b71   Thumb Code   108  w5500.o(i.getSn_TX_FSR)
    gprs_check_cmd                           0x08002bdd   Thumb Code    44  sim7020.o(i.gprs_check_cmd)
    gprs_send_cmd                            0x08002c11   Thumb Code   110  sim7020.o(i.gprs_send_cmd)
    gsm_fputc                                0x08002c95   Thumb Code    12  sim7020_usart.o(i.gsm_fputc)
    gsm_printf                               0x08002ca1   Thumb Code   294  sim7020_usart.o(i.gsm_printf)
    io_init                                  0x08002de1   Thumb Code   136  io_check.o(i.io_init)
    io_poll                                  0x08002eb1   Thumb Code   102  io_check.o(i.io_poll)
    main                                     0x08002f51   Thumb Code   246  main.o(i.main)
    recvfrom                                 0x08003089   Thumb Code   762  socket.o(i.recvfrom)
    reg_wizchip_cris_cbfunc                  0x08003391   Thumb Code    26  wizchip_conf.o(i.reg_wizchip_cris_cbfunc)
    reg_wizchip_cs_cbfunc                    0x080033b9   Thumb Code    26  wizchip_conf.o(i.reg_wizchip_cs_cbfunc)
    reg_wizchip_spi_cbfunc                   0x080033e1   Thumb Code    40  wizchip_conf.o(i.reg_wizchip_spi_cbfunc)
    rs485_init                               0x08003415   Thumb Code   158  rs485.o(i.rs485_init)
    sendto                                   0x080034bd   Thumb Code   446  socket.o(i.sendto)
    sim7020_mqtt                             0x08003681   Thumb Code    76  sim7020.o(i.sim7020_mqtt)
    sim7020_sta                              0x08003701   Thumb Code    80  sim7020.o(i.sim7020_sta)
    sim7020_usart_init                       0x0800375d   Thumb Code   152  sim7020_usart.o(i.sim7020_usart_init)
    socket                                   0x080037fd   Thumb Code   352  socket.o(i.socket)
    strToHexStr                              0x08003971   Thumb Code    38  sim7020.o(i.strToHexStr)
    time3_start                              0x0800399d   Thumb Code    24  timer.o(i.time3_start)
    time3_stop                               0x080039b9   Thumb Code    14  timer.o(i.time3_stop)
    time6_reset                              0x080039cd   Thumb Code     8  rs485.o(i.time6_reset)
    time6_start                              0x080039d9   Thumb Code    18  rs485.o(i.time6_start)
    time6_stop                               0x080039f1   Thumb Code    14  rs485.o(i.time6_stop)
    time7_reset                              0x08003a05   Thumb Code     8  sim7020_timer.o(i.time7_reset)
    time7_start                              0x08003a11   Thumb Code    24  sim7020_timer.o(i.time7_start)
    time7_stop                               0x08003a2d   Thumb Code    14  sim7020_timer.o(i.time7_stop)
    uart5_init                               0x08003a41   Thumb Code   114  uart.o(i.uart5_init)
    wiz_recv_data                            0x08003ac1   Thumb Code   132  w5500.o(i.wiz_recv_data)
    wiz_recv_ignore                          0x08003b45   Thumb Code   102  w5500.o(i.wiz_recv_ignore)
    wiz_send_data                            0x08003bab   Thumb Code   132  w5500.o(i.wiz_send_data)
    wizchip_bus_readbyte                     0x08003c2f   Thumb Code     6  wizchip_conf.o(i.wizchip_bus_readbyte)
    wizchip_bus_writebyte                    0x08003c35   Thumb Code     4  wizchip_conf.o(i.wizchip_bus_writebyte)
    wizchip_cris_enter                       0x08003c39   Thumb Code     2  wizchip_conf.o(i.wizchip_cris_enter)
    wizchip_cris_exit                        0x08003c3b   Thumb Code     2  wizchip_conf.o(i.wizchip_cris_exit)
    wizchip_cs_deselect                      0x08003c3d   Thumb Code     2  wizchip_conf.o(i.wizchip_cs_deselect)
    wizchip_cs_select                        0x08003c3f   Thumb Code     2  wizchip_conf.o(i.wizchip_cs_select)
    wizchip_init                             0x08003c41   Thumb Code   144  wizchip_conf.o(i.wizchip_init)
    wizchip_setnetinfo                       0x08003cd1   Thumb Code    80  wizchip_conf.o(i.wizchip_setnetinfo)
    wizchip_settimeout                       0x08003d29   Thumb Code    38  wizchip_conf.o(i.wizchip_settimeout)
    wizchip_spi_readbyte                     0x08003d4f   Thumb Code     4  wizchip_conf.o(i.wizchip_spi_readbyte)
    wizchip_spi_writebyte                    0x08003d53   Thumb Code     2  wizchip_conf.o(i.wizchip_spi_writebyte)
    wizchip_sw_reset                         0x08003d55   Thumb Code   114  wizchip_conf.o(i.wizchip_sw_reset)
    wizphy_getphylink                        0x08003dc7   Thumb Code    26  wizchip_conf.o(i.wizphy_getphylink)
    s_CRCLo                                  0x08003ee0   Data         256  break.o(.constdata)
    buf                                      0x08003fe0   Data           8  break.o(.constdata)
    offbuf                                   0x08003fe8   Data           8  break.o(.constdata)
    onbuf                                    0x08003ff0   Data           8  break.o(.constdata)
    buf1                                     0x08003ff8   Data           2  break.o(.constdata)
    Region$$Table$$Base                      0x08004068   Number         0  anon$$obj.o(Region$$Table)
    Region$$Table$$Limit                     0x08004088   Number         0  anon$$obj.o(Region$$Table)
    SystemCoreClock                          0x20000000   Data           4  system_stm32f10x.o(.data)
    AHBPrescTable                            0x20000004   Data          16  system_stm32f10x.o(.data)
    sta1                                     0x20000048   Data           1  io_check.o(.data)
    sta2                                     0x20000049   Data           1  io_check.o(.data)
    sta3                                     0x2000004a   Data           1  io_check.o(.data)
    __stdout                                 0x20000050   Data           4  uart.o(.data)
    USART_RX_STA                             0x20000054   Data           2  uart.o(.data)
    worktimes_flag                           0x20000056   Data           1  timer.o(.data)
    worktime                                 0x20000058   Data           2  timer.o(.data)
    rs485_recv_flag                          0x2000005a   Data           1  rs485.o(.data)
    RS485_RX_CNT                             0x2000005b   Data           1  rs485.o(.data)
    RS485_TX_CNT                             0x2000005c   Data           1  rs485.o(.data)
    USART1_RX_STA                            0x2000005e   Data           2  sim7020_usart.o(.data)
    gsm_recv_flag                            0x20000060   Data           1  sim7020.o(.data)
    send_Msgflag                             0x20000061   Data           1  sim7020.o(.data)
    rat_len                                  0x20000064   Data           4  sim7020.o(.data)
    string                                   0x20000068   Data           4  sim7020.o(.data)
    apnstr                                   0x2000006c   Data           4  sim7020.o(.data)
    response                                 0x20000070   Data           1  sim7020.o(.data)
    Flag_Rec_MQTT                            0x20000071   Data           1  sim7020_timer.o(.data)
    reboot_mqtt                              0x20000072   Data           1  sim7020_timer.o(.data)
    error_count                              0x20000073   Data           1  sim7020_timer.o(.data)
    USART2_RX_REC_ATCOMMAD                   0x20000074   Data           1  sim7020_timer.o(.data)
    Net_Info                                 0x20000076   Data           4  ping.o(.data)
    WIZCHIP                                  0x2000008c   Data          32  wizchip_conf.o(.data)
    RS485_RX_BUF                             0x200000b4   Data          64  rs485.o(.bss)
    RS485_TX_BUF                             0x200000f4   Data          64  rs485.o(.bss)
    USART1_TX_BUF                            0x20000134   Data        1024  sim7020_usart.o(.bss)
    USART1_RX_BUF                            0x20000534   Data        1024  sim7020_usart.o(.bss)
    ID                                       0x20000934   Data          15  sim7020.o(.bss)
    rat_buf                                  0x20000943   Data          10  sim7020.o(.bss)
    g_MQTT_Msg                               0x2000094d   Data          32  sim7020.o(.bss)
    __initial_sp                             0x20000d80   Data           0  startup_stm32f10x_hd.o(STACK)



==============================================================================

Memory Map of the image

  Image Entry point : 0x08000131

  Load Region LR_IROM1 (Base: 0x08000000, Size: 0x0000413c, Max: 0x00040000, ABSOLUTE)

    Execution Region ER_IROM1 (Base: 0x08000000, Size: 0x00004088, Max: 0x00040000, ABSOLUTE)

    Base Addr    Size         Type   Attr      Idx    E Section Name        Object

    0x08000000   0x00000130   Data   RO            3    RESET               startup_stm32f10x_hd.o
    0x08000130   0x00000000   Code   RO         3290  * .ARM.Collect$$$$00000000  mc_w.l(entry.o)
    0x08000130   0x00000004   Code   RO         3574    .ARM.Collect$$$$00000001  mc_w.l(entry2.o)
    0x08000134   0x00000004   Code   RO         3577    .ARM.Collect$$$$00000004  mc_w.l(entry5.o)
    0x08000138   0x00000000   Code   RO         3579    .ARM.Collect$$$$00000008  mc_w.l(entry7b.o)
    0x08000138   0x00000000   Code   RO         3581    .ARM.Collect$$$$0000000A  mc_w.l(entry8b.o)
    0x08000138   0x00000008   Code   RO         3582    .ARM.Collect$$$$0000000B  mc_w.l(entry9a.o)
    0x08000140   0x00000000   Code   RO         3584    .ARM.Collect$$$$0000000D  mc_w.l(entry10a.o)
    0x08000140   0x00000000   Code   RO         3586    .ARM.Collect$$$$0000000F  mc_w.l(entry11a.o)
    0x08000140   0x00000004   Code   RO         3575    .ARM.Collect$$$$00002712  mc_w.l(entry2.o)
    0x08000144   0x00000024   Code   RO            4    .text               startup_stm32f10x_hd.o
    0x08000168   0x00000024   Code   RO         3293    .text               mc_w.l(memcpya.o)
    0x0800018c   0x00000024   Code   RO         3295    .text               mc_w.l(memseta.o)
    0x080001b0   0x00000024   Code   RO         3297    .text               mc_w.l(strstr.o)
    0x080001d4   0x0000000e   Code   RO         3299    .text               mc_w.l(strlen.o)
    0x080001e2   0x0000002c   Code   RO         3588    .text               mc_w.l(uidiv.o)
    0x0800020e   0x00000062   Code   RO         3590    .text               mc_w.l(uldiv.o)
    0x08000270   0x00000000   Code   RO         3592    .text               mc_w.l(iusefp.o)
    0x08000270   0x0000014e   Code   RO         3595    .text               mf_w.l(dadd.o)
    0x080003be   0x000000e4   Code   RO         3597    .text               mf_w.l(dmul.o)
    0x080004a2   0x000000de   Code   RO         3599    .text               mf_w.l(ddiv.o)
    0x08000580   0x00000030   Code   RO         3601    .text               mf_w.l(dfixul.o)
    0x080005b0   0x00000028   Code   RO         3603    .text               mf_w.l(cdrcmple.o)
    0x080005d8   0x00000024   Code   RO         3605    .text               mc_w.l(init.o)
    0x080005fc   0x0000001e   Code   RO         3607    .text               mc_w.l(llshl.o)
    0x0800061a   0x00000020   Code   RO         3609    .text               mc_w.l(llushr.o)
    0x0800063a   0x00000024   Code   RO         3611    .text               mc_w.l(llsshr.o)
    0x0800065e   0x000000b6   Code   RO         3613    .text               mf_w.l(depilogue.o)
    0x08000714   0x00000004   Code   RO         1775    i.BusFault_Handler  stm32f10x_it.o
    0x08000718   0x00000024   Code   RO         2221    i.CLR_485_Buf       break.o
    0x0800073c   0x00000038   Code   RO         2222    i.CRC16_Modbus      break.o
    0x08000774   0x00000060   Code   RO         2883    i.CheckSum          ping.o
    0x080007d4   0x00000016   Code   RO         2223    i.Control_init      break.o
    0x080007ea   0x00000002   Code   RO         1776    i.DebugMon_Handler  stm32f10x_it.o
    0x080007ec   0x00000116   Code   RO          237    i.GPIO_Init         stm32f10x_gpio.o
    0x08000902   0x00000012   Code   RO          241    i.GPIO_ReadInputDataBit  stm32f10x_gpio.o
    0x08000914   0x00000004   Code   RO          244    i.GPIO_ResetBits    stm32f10x_gpio.o
    0x08000918   0x00000004   Code   RO          245    i.GPIO_SetBits      stm32f10x_gpio.o
    0x0800091c   0x00000010   Code   RO         2342    i.GSM_Init          sim7020.o
    0x0800092c   0x00000004   Code   RO         1777    i.HardFault_Handler  stm32f10x_it.o
    0x08000930   0x00000024   Code   RO         1838    i.IO_check_init     io_check.o
    0x08000954   0x0000007c   Code   RO         2224    i.MODH_Send03H      break.o
    0x080009d0   0x00000044   Code   RO         2225    i.MODH_SendAckWithCRC  break.o
    0x08000a14   0x00000004   Code   RO         1778    i.MemManage_Handler  stm32f10x_it.o
    0x08000a18   0x00000002   Code   RO         1779    i.NMI_Handler       stm32f10x_it.o
    0x08000a1a   0x0000000c   Code   RO         1886    i.NVIC_Configuration  sys.o
    0x08000a26   0x00000016   Code   RO         2119    i.NVIC_EnableIRQ    rs485.o
    0x08000a3c   0x00000040   Code   RO         2120    i.NVIC_EncodePriority  rs485.o
    0x08000a7c   0x00000070   Code   RO          137    i.NVIC_Init         misc.o
    0x08000aec   0x00000014   Code   RO          138    i.NVIC_PriorityGroupConfig  misc.o
    0x08000b00   0x00000028   Code   RO         2121    i.NVIC_SetPriority  rs485.o
    0x08000b28   0x00000002   Code   RO         1780    i.PendSV_Handler    stm32f10x_it.o
    0x08000b2a   0x00000104   Code   RO         2884    i.Ping              ping.o
    0x08000c2e   0x00000186   Code   RO         2885    i.Ping_Multiple     ping.o
    0x08000db4   0x00000068   Code   RO         2886    i.Ping_NetCheck     ping.o
    0x08000e1c   0x0000003c   Code   RO         2887    i.Ping_RecvReply    ping.o
    0x08000e58   0x000000ac   Code   RO         2888    i.Ping_SendRequest  ping.o
    0x08000f04   0x00000020   Code   RO          551    i.RCC_APB1PeriphClockCmd  stm32f10x_rcc.o
    0x08000f24   0x00000020   Code   RO          553    i.RCC_APB2PeriphClockCmd  stm32f10x_rcc.o
    0x08000f44   0x000000d4   Code   RO          561    i.RCC_GetClocksFreq  stm32f10x_rcc.o
    0x08001018   0x0000002c   Code   RO         2123    i.RS485_Send_Data   rs485.o
    0x08001044   0x000000a8   Code   RO         2226    i.Restart_break     break.o
    0x080010ec   0x0000001c   Code   RO         2343    i.SIM7020_New_Mqtt  sim7020.o
    0x08001108   0x00000058   Code   RO         2344    i.SIM7020_Sed_CMQCON  sim7020.o
    0x08001160   0x00000028   Code   RO         2345    i.SIM7020_Sed_CMQDISCON  sim7020.o
    0x08001188   0x00000100   Code   RO         2346    i.SIM7020_Sed_CMQPUB  sim7020.o
    0x08001288   0x00000030   Code   RO         2347    i.SIM7020_Sed_CMQSUB  sim7020.o
    0x080012b8   0x00000040   Code   RO         2350    i.SIM7020_Snd_AT    sim7020.o
    0x080012f8   0x0000004c   Code   RO         2353    i.SIM7020_Snd_CGACT  sim7020.o
    0x08001344   0x0000004c   Code   RO         2354    i.SIM7020_Snd_CGREG  sim7020.o
    0x08001390   0x00000050   Code   RO         2355    i.SIM7020_Snd_CPIN  sim7020.o
    0x080013e0   0x0000004c   Code   RO         2356    i.SIM7020_Snd_CSQ   sim7020.o
    0x0800142c   0x00000044   Code   RO         2357    i.SIM7020_Snd_GSN   sim7020.o
    0x08001470   0x00000010   Code   RO         2818    i.SPI1_CS_Deselect  mw5500.o
    0x08001480   0x00000010   Code   RO         2819    i.SPI1_CS_Select    mw5500.o
    0x08001490   0x0000000a   Code   RO         2820    i.SPI1_CrisEnter    mw5500.o
    0x0800149a   0x0000000a   Code   RO         2821    i.SPI1_CrisExit     mw5500.o
    0x080014a4   0x000000e8   Code   RO         2822    i.SPI1_Init         mw5500.o
    0x0800158c   0x00000030   Code   RO         2823    i.SPI1_ReadByte     mw5500.o
    0x080015bc   0x0000002c   Code   RO         2824    i.SPI1_WriteByte    mw5500.o
    0x080015e8   0x00000018   Code   RO          754    i.SPI_Cmd           stm32f10x_spi.o
    0x08001600   0x0000003c   Code   RO          767    i.SPI_Init          stm32f10x_spi.o
    0x0800163c   0x00000018   Code   RO          769    i.SPI_SSOutputCmd   stm32f10x_spi.o
    0x08001654   0x00000002   Code   RO         1781    i.SVC_Handler       stm32f10x_it.o
    0x08001656   0x00000008   Code   RO           24    i.SetSysClock       system_stm32f10x.o
    0x0800165e   0x00000002   PAD
    0x08001660   0x000000e0   Code   RO           25    i.SetSysClockTo72   system_stm32f10x.o
    0x08001740   0x0000001c   Code   RO         2358    i.Set_ATE0          sim7020.o
    0x0800175c   0x00000028   Code   RO          141    i.SysTick_CLKSourceConfig  misc.o
    0x08001784   0x00000002   Code   RO         1782    i.SysTick_Handler   stm32f10x_it.o
    0x08001786   0x00000002   PAD
    0x08001788   0x00000060   Code   RO           27    i.SystemInit        system_stm32f10x.o
    0x080017e8   0x00000040   Code   RO         2079    i.TIM3_IRQHandler   timer.o
    0x08001828   0x00000118   Code   RO         2080    i.TIM3_Init         timer.o
    0x08001940   0x00000038   Code   RO         2124    i.TIM6_IRQHandler   rs485.o
    0x08001978   0x000000d0   Code   RO         2614    i.TIM7_IRQHandler   sim7020_timer.o
    0x08001a48   0x00000118   Code   RO         2615    i.TIM7_Init         sim7020_timer.o
    0x08001b60   0x00000060   Code   RO         2125    i.TIME6_Init        rs485.o
    0x08001bc0   0x0000002c   Code   RO         1952    i.UART5_Send_Data   uart.o
    0x08001bec   0x00000058   Code   RO         2275    i.USART1_IRQHandler  sim7020_usart.o
    0x08001c44   0x0000001c   Code   RO         2276    i.USART1_SendDat    sim7020_usart.o
    0x08001c60   0x00000054   Code   RO         2126    i.USART3_IRQHandler  rs485.o
    0x08001cb4   0x00000018   Code   RO         1445    i.USART_Cmd         stm32f10x_usart.o
    0x08001ccc   0x0000004a   Code   RO         1451    i.USART_ITConfig    stm32f10x_usart.o
    0x08001d16   0x00000002   PAD
    0x08001d18   0x000000d8   Code   RO         1452    i.USART_Init        stm32f10x_usart.o
    0x08001df0   0x00000004   Code   RO         1783    i.UsageFault_Handler  stm32f10x_it.o
    0x08001df4   0x000000d4   Code   RO         2825    i.W5500_Init        mw5500.o
    0x08001ec8   0x0000004c   Code   RO         3017    i.WIZCHIP_READ      w5500.o
    0x08001f14   0x00000064   Code   RO         3018    i.WIZCHIP_READ_BUF  w5500.o
    0x08001f78   0x0000004c   Code   RO         3019    i.WIZCHIP_WRITE     w5500.o
    0x08001fc4   0x00000064   Code   RO         3020    i.WIZCHIP_WRITE_BUF  w5500.o
    0x08002028   0x00000020   Code   RO         3536    i.__0printf         mc_w.l(printfa.o)
    0x08002048   0x00000028   Code   RO         3538    i.__0sprintf        mc_w.l(printfa.o)
    0x08002070   0x0000000e   Code   RO         3617    i.__scatterload_copy  mc_w.l(handlers.o)
    0x0800207e   0x00000002   Code   RO         3618    i.__scatterload_null  mc_w.l(handlers.o)
    0x08002080   0x0000000e   Code   RO         3619    i.__scatterload_zeroinit  mc_w.l(handlers.o)
    0x0800208e   0x00000002   PAD
    0x08002090   0x00000164   Code   RO         3543    i._fp_digits        mc_w.l(printfa.o)
    0x080021f4   0x000006dc   Code   RO         3544    i._printf_core      mc_w.l(printfa.o)
    0x080028d0   0x00000024   Code   RO         3545    i._printf_post_padding  mc_w.l(printfa.o)
    0x080028f4   0x0000002e   Code   RO         3546    i._printf_pre_padding  mc_w.l(printfa.o)
    0x08002922   0x0000000a   Code   RO         3548    i._sputc            mc_w.l(printfa.o)
    0x0800292c   0x0000001a   Code   RO         2359    i.check_buff        sim7020.o
    0x08002946   0x00000002   PAD
    0x08002948   0x0000008c   Code   RO         2936    i.close             socket.o
    0x080029d4   0x00000044   Code   RO         1917    i.delay_init        delay.o
    0x08002a18   0x00000038   Code   RO         1918    i.delay_ms          delay.o
    0x08002a50   0x0000004c   Code   RO         1919    i.delay_nms         delay.o
    0x08002a9c   0x0000004c   Code   RO         1920    i.delay_us          delay.o
    0x08002ae8   0x0000001c   Code   RO         1954    i.fputc             uart.o
    0x08002b04   0x0000006c   Code   RO         3021    i.getSn_RX_RSR      w5500.o
    0x08002b70   0x0000006c   Code   RO         3022    i.getSn_TX_FSR      w5500.o
    0x08002bdc   0x00000034   Code   RO         2360    i.gprs_check_cmd    sim7020.o
    0x08002c10   0x00000084   Code   RO         2361    i.gprs_send_cmd     sim7020.o
    0x08002c94   0x0000000c   Code   RO         2278    i.gsm_fputc         sim7020_usart.o
    0x08002ca0   0x00000130   Code   RO         2279    i.gsm_printf        sim7020_usart.o
    0x08002dd0   0x0000000e   Code   RO         2889    i.htons             ping.o
    0x08002dde   0x00000002   PAD
    0x08002de0   0x000000d0   Code   RO         1839    i.io_init           io_check.o
    0x08002eb0   0x000000a0   Code   RO         1840    i.io_poll           io_check.o
    0x08002f50   0x00000138   Code   RO         1621    i.main              main.o
    0x08003088   0x00000308   Code   RO         2943    i.recvfrom          socket.o
    0x08003390   0x00000028   Code   RO         3080    i.reg_wizchip_cris_cbfunc  wizchip_conf.o
    0x080033b8   0x00000028   Code   RO         3081    i.reg_wizchip_cs_cbfunc  wizchip_conf.o
    0x080033e0   0x00000034   Code   RO         3082    i.reg_wizchip_spi_cbfunc  wizchip_conf.o
    0x08003414   0x000000a8   Code   RO         2128    i.rs485_init        rs485.o
    0x080034bc   0x000001c4   Code   RO         2945    i.sendto            socket.o
    0x08003680   0x00000080   Code   RO         2364    i.sim7020_mqtt      sim7020.o
    0x08003700   0x0000005c   Code   RO         2365    i.sim7020_sta       sim7020.o
    0x0800375c   0x000000a0   Code   RO         2280    i.sim7020_usart_init  sim7020_usart.o
    0x080037fc   0x00000174   Code   RO         2947    i.socket            socket.o
    0x08003970   0x0000002c   Code   RO         2366    i.strToHexStr       sim7020.o
    0x0800399c   0x0000001c   Code   RO         2081    i.time3_start       timer.o
    0x080039b8   0x00000014   Code   RO         2082    i.time3_stop        timer.o
    0x080039cc   0x0000000c   Code   RO         2129    i.time6_reset       rs485.o
    0x080039d8   0x00000018   Code   RO         2131    i.time6_start       rs485.o
    0x080039f0   0x00000014   Code   RO         2132    i.time6_stop        rs485.o
    0x08003a04   0x0000000c   Code   RO         2616    i.time7_reset       sim7020_timer.o
    0x08003a10   0x0000001c   Code   RO         2618    i.time7_start       sim7020_timer.o
    0x08003a2c   0x00000014   Code   RO         2619    i.time7_stop        sim7020_timer.o
    0x08003a40   0x00000080   Code   RO         1955    i.uart5_init        uart.o
    0x08003ac0   0x00000084   Code   RO         3023    i.wiz_recv_data     w5500.o
    0x08003b44   0x00000066   Code   RO         3024    i.wiz_recv_ignore   w5500.o
    0x08003baa   0x00000084   Code   RO         3025    i.wiz_send_data     w5500.o
    0x08003c2e   0x00000006   Code   RO         3083    i.wizchip_bus_readbyte  wizchip_conf.o
    0x08003c34   0x00000004   Code   RO         3084    i.wizchip_bus_writebyte  wizchip_conf.o
    0x08003c38   0x00000002   Code   RO         3086    i.wizchip_cris_enter  wizchip_conf.o
    0x08003c3a   0x00000002   Code   RO         3087    i.wizchip_cris_exit  wizchip_conf.o
    0x08003c3c   0x00000002   Code   RO         3088    i.wizchip_cs_deselect  wizchip_conf.o
    0x08003c3e   0x00000002   Code   RO         3089    i.wizchip_cs_select  wizchip_conf.o
    0x08003c40   0x00000090   Code   RO         3095    i.wizchip_init      wizchip_conf.o
    0x08003cd0   0x00000058   Code   RO         3097    i.wizchip_setnetinfo  wizchip_conf.o
    0x08003d28   0x00000026   Code   RO         3099    i.wizchip_settimeout  wizchip_conf.o
    0x08003d4e   0x00000004   Code   RO         3100    i.wizchip_spi_readbyte  wizchip_conf.o
    0x08003d52   0x00000002   Code   RO         3101    i.wizchip_spi_writebyte  wizchip_conf.o
    0x08003d54   0x00000072   Code   RO         3102    i.wizchip_sw_reset  wizchip_conf.o
    0x08003dc6   0x0000001a   Code   RO         3104    i.wizphy_getphylink  wizchip_conf.o
    0x08003de0   0x0000021a   Data   RO         2227    .constdata          break.o
    0x08003ffa   0x00000002   PAD
    0x08003ffc   0x0000001b   Data   RO         2826    .constdata          mw5500.o
    0x08004017   0x00000001   PAD
    0x08004018   0x0000004e   Data   RO         2368    .conststring        sim7020.o
    0x08004066   0x00000002   PAD
    0x08004068   0x00000020   Data   RO         3615    Region$$Table       anon$$obj.o


    Execution Region RW_IRAM1 (Base: 0x20000000, Size: 0x00000d80, Max: 0x0000c000, ABSOLUTE)

    Base Addr    Size         Type   Attr      Idx    E Section Name        Object

    0x20000000   0x00000014   Data   RW           28    .data               system_stm32f10x.o
    0x20000014   0x00000014   Data   RW          581    .data               stm32f10x_rcc.o
    0x20000028   0x00000020   Data   RW         1622    .data               main.o
    0x20000048   0x00000003   Data   RW         1841    .data               io_check.o
    0x2000004b   0x00000001   PAD
    0x2000004c   0x00000004   Data   RW         1921    .data               delay.o
    0x20000050   0x00000006   Data   RW         1957    .data               uart.o
    0x20000056   0x00000004   Data   RW         2083    .data               timer.o
    0x2000005a   0x00000003   Data   RW         2134    .data               rs485.o
    0x2000005d   0x00000001   PAD
    0x2000005e   0x00000002   Data   RW         2282    .data               sim7020_usart.o
    0x20000060   0x00000011   Data   RW         2369    .data               sim7020.o
    0x20000071   0x00000004   Data   RW         2620    .data               sim7020_timer.o
    0x20000075   0x00000001   PAD
    0x20000076   0x00000008   Data   RW         2890    .data               ping.o
    0x2000007e   0x0000000e   Data   RW         2949    .data               socket.o
    0x2000008c   0x00000025   Data   RW         3110    .data               wizchip_conf.o
    0x200000b1   0x00000003   PAD
    0x200000b4   0x00000080   Zero   RW         2133    .bss                rs485.o
    0x20000134   0x00000800   Zero   RW         2281    .bss                sim7020_usart.o
    0x20000934   0x00000039   Zero   RW         2367    .bss                sim7020.o
    0x2000096d   0x00000001   PAD
    0x2000096e   0x00000010   Zero   RW         2948    .bss                socket.o
    0x2000097e   0x00000002   PAD
    0x20000980   0x00000400   Zero   RW            1    STACK               startup_stm32f10x_hd.o


==============================================================================

Image component sizes


      Code (inc. data)   RO Data    RW Data    ZI Data      Debug   Object Name

       474         44        538          0          0       4415   break.o
         0          0          0          0          0       4272   core_cm3.o
       276         26          0          4          0       2503   delay.o
       404        134          0          3          0       2113   io_check.o
       312         66          0         32          0     223676   main.o
       172         22          0          0          0       2457   misc.o
       588         74         27          0          0      20210   mw5500.o
      1096          8          0          8          0       7634   ping.o
       630         76          0          3        128      22048   rs485.o
      1418        504         78         17         57     216959   sim7020.o
       548         90          0          4          0      18945   sim7020_timer.o
       592         36          0          2       2048       4947   sim7020_usart.o
      1740         52          0         14         16       4921   socket.o
        36          8        304          0       1024        888   startup_stm32f10x_hd.o
       304          0          0          0          0       4128   stm32f10x_gpio.o
        26          0          0          0          0       4410   stm32f10x_it.o
       276         32          0         20          0       4910   stm32f10x_rcc.o
       108          0          0          0          0       3079   stm32f10x_spi.o
       314          6          0          0          0       4058   stm32f10x_usart.o
        12          0          0          0          0        505   sys.o
       328         28          0         20          0     238017   system_stm32f10x.o
       392         42          0          4          0      18106   timer.o
       200         26          0          6          0     223371   uart.o
       934         20          0          0          0       6554   w5500.o
       566         48          0         37          0      12994   wizchip_conf.o

    ----------------------------------------------------------------------
     11756       1342        984        180       3276    1056120   Object Totals
         0          0         32          0          0          0   (incl. Generated)
        10          0          5          6          3          0   (incl. Padding)

    ----------------------------------------------------------------------

      Code (inc. data)   RO Data    RW Data    ZI Data      Debug   Library Member Name

         0          0          0          0          0          0   entry.o
         0          0          0          0          0          0   entry10a.o
         0          0          0          0          0          0   entry11a.o
         8          4          0          0          0          0   entry2.o
         4          0          0          0          0          0   entry5.o
         0          0          0          0          0          0   entry7b.o
         0          0          0          0          0          0   entry8b.o
         8          4          0          0          0          0   entry9a.o
        30          0          0          0          0          0   handlers.o
        36          8          0          0          0         68   init.o
         0          0          0          0          0          0   iusefp.o
        30          0          0          0          0         68   llshl.o
        36          0          0          0          0         68   llsshr.o
        32          0          0          0          0         68   llushr.o
        36          0          0          0          0         68   memcpya.o
        36          0          0          0          0        108   memseta.o
      2276         96          0          0          0        596   printfa.o
        14          0          0          0          0         68   strlen.o
        36          0          0          0          0         80   strstr.o
        44          0          0          0          0         80   uidiv.o
        98          0          0          0          0         92   uldiv.o
        40          2          0          0          0         68   cdrcmple.o
       334          0          0          0          0        148   dadd.o
       222          0          0          0          0        100   ddiv.o
       182          0          0          0          0        176   depilogue.o
        48          0          0          0          0         68   dfixul.o
       228          0          0          0          0         96   dmul.o

    ----------------------------------------------------------------------
      3780        114          0          0          0       2020   Library Totals
         2          0          0          0          0          0   (incl. Padding)

    ----------------------------------------------------------------------

      Code (inc. data)   RO Data    RW Data    ZI Data      Debug   Library Name

      2724        112          0          0          0       1364   mc_w.l
      1054          2          0          0          0        656   mf_w.l

    ----------------------------------------------------------------------
      3780        114          0          0          0       2020   Library Totals

    ----------------------------------------------------------------------

==============================================================================


      Code (inc. data)   RO Data    RW Data    ZI Data      Debug   

     15536       1456        984        180       3276    1050492   Grand Totals
     15536       1456        984        180       3276    1050492   ELF Image Totals
     15536       1456        984        180          0          0   ROM Totals

==============================================================================

    Total RO  Size (Code + RO Data)                16520 (  16.13kB)
    Total RW  Size (RW Data + ZI Data)              3456 (   3.38kB)
    Total ROM Size (Code + RO Data + RW Data)      16700 (  16.31kB)

==============================================================================

