<html>
<body>
<pre>
<h1>礦ision Build Log</h1>
<h2>Tool Versions:</h2>
IDE-Version: μVision V5.23.0.0
Copyright (C) 2017 ARM Ltd and ARM Germany GmbH. All rights reserved.
License Information: ruhaozhao ruhaozhao, ruhaozhao, LIC=LJWEV-PH5VU-59XGZ-J0CCH-EFB8E-87IHS
 
Tool Versions:
Toolchain:       MDK-ARM Professional  Version: 5.23
Toolchain Path:  E:\Keil_v5\ARM\ARMCC\Bin
C Compiler:      Armcc.exe V5.06 update 4 (build 422)
Assembler:       Armasm.exe V5.06 update 4 (build 422)
Linker/Locator:  ArmLink.exe V5.06 update 4 (build 422)
Library Manager: ArmAr.exe V5.06 update 4 (build 422)
Hex Converter:   FromElf.exe V5.06 update 4 (build 422)
CPU DLL:         SARMCM3.DLL V5.23
Dialog DLL:      DCM.DLL V1.15.0.0
Target DLL:      STLink\ST-LINKIII-KEIL_SWO.dll V2.0.18.0
Dialog DLL:      TCM.DLL V1.27.0.0
 
<h2>Project:</h2>
D:\项目资料\高空喷淋\高空治污\project\e-net.uvprojx
Project File Date:  01/10/2020

<h2>Output:</h2>
*** Using Compiler 'V5.06 update 4 (build 422)', folder: 'E:\Keil_v5\ARM\ARMCC\Bin'
Build target '16.WEATHER 天气获取'
assembling startup_stm32f10x_md.s...
compiling m_tcp_client.c...
..\example\m_tcp_client.c(195): warning:  #167-D: argument of type "u8 *" is incompatible with parameter of type "const char *restrict"
  						sprintf((char *)socket_buf, Temp_str);
..\example\m_tcp_client.c(198): warning:  #167-D: argument of type "u8 *" is incompatible with parameter of type "const char *restrict"
  						sprintf((char *)temp, Temp_str);
..\example\m_tcp_client.c: 2 warnings, 0 errors
compiling system_stm32f10x.c...
..\fwlib\CMSIS\system_stm32f10x.c(421): warning:  #177-D: function "SetSysClock"  was declared but never referenced
   void SetSysClock(void)
..\fwlib\CMSIS\system_stm32f10x.c(991): warning:  #177-D: function "SetSysClockTo72"  was declared but never referenced
  static void SetSysClockTo72(void)
..\fwlib\CMSIS\system_stm32f10x.c: 2 warnings, 0 errors
compiling core_cm3.c...
compiling misc.c...
compiling stm32f10x_adc.c...
compiling stm32f10x_bkp.c...
compiling stm32f10x_cec.c...
compiling stm32f10x_can.c...
compiling stm32f10x_crc.c...
compiling stm32f10x_dac.c...
compiling stm32f10x_dbgmcu.c...
compiling stm32f10x_dma.c...
compiling stm32f10x_exti.c...
compiling stm32f10x_flash.c...
compiling stm32f10x_gpio.c...
compiling stm32f10x_fsmc.c...
compiling stm32f10x_i2c.c...
compiling stm32f10x_pwr.c...
compiling stm32f10x_iwdg.c...
compiling stm32f10x_rcc.c...
compiling stm32f10x_rtc.c...
compiling stm32f10x_sdio.c...
compiling stm32f10x_spi.c...
compiling stm32f10x_tim.c...
compiling stm32f10x_usart.c...
compiling stm32f10x_wwdg.c...
compiling stm32f10x_it.c...
compiling delay.c...
compiling clk.c...
compiling spi.c...
compiling oled.c...
compiling uart.c...
compiling adc.c...
compiling tmp.c...
compiling rtc.c...
compiling rs485.c...
compiling iocheck.c...
compiling iwdog.c...
compiling dhcp.c...
compiling dns.c...
compiling json.c...
..\drivers\w5500\json.c(30): warning:  #1293-D: assignment in condition
        if (!(copy = (char*)cJSON_malloc(len))) 
..\drivers\w5500\json.c(254): warning:  #1293-D: assignment in condition
  	ptr=str;while ((token=*ptr) && ++len) {if (strchr("\"\\\b\f\n\r\t",token)) len++; else if (token<32) len+=5;ptr++;}
..\drivers\w5500\json.c(328): warning:  #111-D: statement is unreachable
  	return p.buffer;
..\drivers\w5500\json.c(399): warning:  #1293-D: assignment in condition
  		if (!(new_item=cJSON_New_Item())) return 0; 	/* memory fail */
..\drivers\w5500\json.c(511): warning:  #1293-D: assignment in condition
  		if (!(new_item=cJSON_New_Item()))	return 0; /* memory fail */
..\drivers\w5500\json.c: 5 warnings, 0 errors
compiling ping.c...
compiling socket.c...
compiling ult.c...
compiling w5500.c...
linking...
Program Size: Code=23792 RO-data=7448 RW-data=172 ZI-data=5428  
".\Objects\e-net.axf" - 0 Error(s), 9 Warning(s).

<h2>Collection of Component include folders:</h2>
  .\RTE\_16.WEATHER_________
  E:\Keil_v5\ARM\PACK\Keil\STM32F1xx_DFP\1.0.5\Device\Include

<h2>Collection of Component Files used:</h2>
Build Time Elapsed:  00:00:13
</pre>
</body>
</html>
